Archive member included to satisfy reference by file (symbol)

/opt/ST/STM32CubeCLT_1.18.0/GNU-tools-for-STM32/bin/../lib/gcc/arm-none-eabi/13.3.1/../../../../arm-none-eabi/lib/thumb/v7-m/nofp/libc_nano.a(libc_a-exit.o)
                              /opt/ST/STM32CubeCLT_1.18.0/GNU-tools-for-STM32/bin/../lib/gcc/arm-none-eabi/13.3.1/../../../../arm-none-eabi/lib/thumb/v7-m/nofp/crt0.o (exit)
/opt/ST/STM32CubeCLT_1.18.0/GNU-tools-for-STM32/bin/../lib/gcc/arm-none-eabi/13.3.1/../../../../arm-none-eabi/lib/thumb/v7-m/nofp/libc_nano.a(libc_a-findfp.o)
                              /opt/ST/STM32CubeCLT_1.18.0/GNU-tools-for-STM32/bin/../lib/gcc/arm-none-eabi/13.3.1/../../../../arm-none-eabi/lib/thumb/v7-m/nofp/libc_nano.a(libc_a-exit.o) (__stdio_exit_handler)
/opt/ST/STM32CubeCLT_1.18.0/GNU-tools-for-STM32/bin/../lib/gcc/arm-none-eabi/13.3.1/../../../../arm-none-eabi/lib/thumb/v7-m/nofp/libc_nano.a(libc_a-fwalk.o)
                              /opt/ST/STM32CubeCLT_1.18.0/GNU-tools-for-STM32/bin/../lib/gcc/arm-none-eabi/13.3.1/../../../../arm-none-eabi/lib/thumb/v7-m/nofp/libc_nano.a(libc_a-findfp.o) (_fwalk_sglue)
/opt/ST/STM32CubeCLT_1.18.0/GNU-tools-for-STM32/bin/../lib/gcc/arm-none-eabi/13.3.1/../../../../arm-none-eabi/lib/thumb/v7-m/nofp/libc_nano.a(libc_a-memset.o)
                              /opt/ST/STM32CubeCLT_1.18.0/GNU-tools-for-STM32/bin/../lib/gcc/arm-none-eabi/13.3.1/../../../../arm-none-eabi/lib/thumb/v7-m/nofp/crt0.o (memset)
/opt/ST/STM32CubeCLT_1.18.0/GNU-tools-for-STM32/bin/../lib/gcc/arm-none-eabi/13.3.1/../../../../arm-none-eabi/lib/thumb/v7-m/nofp/libc_nano.a(libc_a-errno.o)
                              ./Core/Src/syscalls.o (__errno)
/opt/ST/STM32CubeCLT_1.18.0/GNU-tools-for-STM32/bin/../lib/gcc/arm-none-eabi/13.3.1/../../../../arm-none-eabi/lib/thumb/v7-m/nofp/libc_nano.a(libc_a-init.o)
                              /opt/ST/STM32CubeCLT_1.18.0/GNU-tools-for-STM32/bin/../lib/gcc/arm-none-eabi/13.3.1/../../../../arm-none-eabi/lib/thumb/v7-m/nofp/crt0.o (__libc_init_array)
/opt/ST/STM32CubeCLT_1.18.0/GNU-tools-for-STM32/bin/../lib/gcc/arm-none-eabi/13.3.1/../../../../arm-none-eabi/lib/thumb/v7-m/nofp/libc_nano.a(libc_a-lock.o)
                              /opt/ST/STM32CubeCLT_1.18.0/GNU-tools-for-STM32/bin/../lib/gcc/arm-none-eabi/13.3.1/../../../../arm-none-eabi/lib/thumb/v7-m/nofp/libc_nano.a(libc_a-findfp.o) (__retarget_lock_init_recursive)
/opt/ST/STM32CubeCLT_1.18.0/GNU-tools-for-STM32/bin/../lib/gcc/arm-none-eabi/13.3.1/../../../../arm-none-eabi/lib/thumb/v7-m/nofp/libc_nano.a(libc_a-impure.o)
                              /opt/ST/STM32CubeCLT_1.18.0/GNU-tools-for-STM32/bin/../lib/gcc/arm-none-eabi/13.3.1/../../../../arm-none-eabi/lib/thumb/v7-m/nofp/libc_nano.a(libc_a-errno.o) (_impure_ptr)
/opt/ST/STM32CubeCLT_1.18.0/GNU-tools-for-STM32/bin/../lib/gcc/arm-none-eabi/13.3.1/../../../../arm-none-eabi/lib/thumb/v7-m/nofp/libc_nano.a(libc_a-mallocr.o)
                              /opt/ST/STM32CubeCLT_1.18.0/GNU-tools-for-STM32/bin/../lib/gcc/arm-none-eabi/13.3.1/../../../../arm-none-eabi/lib/thumb/v7-m/nofp/libc_nano.a(libc_a-findfp.o) (_malloc_r)
/opt/ST/STM32CubeCLT_1.18.0/GNU-tools-for-STM32/bin/../lib/gcc/arm-none-eabi/13.3.1/../../../../arm-none-eabi/lib/thumb/v7-m/nofp/libc_nano.a(libc_a-fflush.o)
                              /opt/ST/STM32CubeCLT_1.18.0/GNU-tools-for-STM32/bin/../lib/gcc/arm-none-eabi/13.3.1/../../../../arm-none-eabi/lib/thumb/v7-m/nofp/libc_nano.a(libc_a-findfp.o) (_fflush_r)
/opt/ST/STM32CubeCLT_1.18.0/GNU-tools-for-STM32/bin/../lib/gcc/arm-none-eabi/13.3.1/../../../../arm-none-eabi/lib/thumb/v7-m/nofp/libc_nano.a(libc_a-mlock.o)
                              /opt/ST/STM32CubeCLT_1.18.0/GNU-tools-for-STM32/bin/../lib/gcc/arm-none-eabi/13.3.1/../../../../arm-none-eabi/lib/thumb/v7-m/nofp/libc_nano.a(libc_a-mallocr.o) (__malloc_lock)
/opt/ST/STM32CubeCLT_1.18.0/GNU-tools-for-STM32/bin/../lib/gcc/arm-none-eabi/13.3.1/../../../../arm-none-eabi/lib/thumb/v7-m/nofp/libc_nano.a(libc_a-stdio.o)
                              /opt/ST/STM32CubeCLT_1.18.0/GNU-tools-for-STM32/bin/../lib/gcc/arm-none-eabi/13.3.1/../../../../arm-none-eabi/lib/thumb/v7-m/nofp/libc_nano.a(libc_a-findfp.o) (__sread)
/opt/ST/STM32CubeCLT_1.18.0/GNU-tools-for-STM32/bin/../lib/gcc/arm-none-eabi/13.3.1/../../../../arm-none-eabi/lib/thumb/v7-m/nofp/libc_nano.a(libc_a-lseekr.o)
                              /opt/ST/STM32CubeCLT_1.18.0/GNU-tools-for-STM32/bin/../lib/gcc/arm-none-eabi/13.3.1/../../../../arm-none-eabi/lib/thumb/v7-m/nofp/libc_nano.a(libc_a-stdio.o) (_lseek_r)
/opt/ST/STM32CubeCLT_1.18.0/GNU-tools-for-STM32/bin/../lib/gcc/arm-none-eabi/13.3.1/../../../../arm-none-eabi/lib/thumb/v7-m/nofp/libc_nano.a(libc_a-readr.o)
                              /opt/ST/STM32CubeCLT_1.18.0/GNU-tools-for-STM32/bin/../lib/gcc/arm-none-eabi/13.3.1/../../../../arm-none-eabi/lib/thumb/v7-m/nofp/libc_nano.a(libc_a-stdio.o) (_read_r)
[...]
Memory Configuration

Name             Origin             Length             Attributes
RAM              0x20000000         0x00010000         xrw
FLASH            0x08000000         0x00020000         xr
*default*        0x00000000         0xffffffff

Linker script and memory map

LOAD /opt/ST/STM32CubeCLT_1.18.0/GNU-tools-for-STM32/bin/../lib/gcc/arm-none-eabi/13.3.1/thumb/v7-m/nofp/crti.o
LOAD /opt/ST/STM32CubeCLT_1.18.0/GNU-tools-for-STM32/bin/../lib/gcc/arm-none-eabi/13.3.1/thumb/v7-m/nofp/crtbegin.o
LOAD /opt/ST/STM32CubeCLT_1.18.0/GNU-tools-for-STM32/bin/../lib/gcc/arm-none-eabi/13.3.1/../../../../arm-none-eabi/lib/thumb/v7-m/nofp/crt0.o
LOAD ./Core/Src/cvout.o
LOAD ./Core/Src/dpot_mcp41hv.o
LOAD ./Core/Src/footswitch.o
LOAD ./Core/Src/led.o
LOAD ./Core/Src/led_demo.o
LOAD ./Core/Src/led_rgb.o
LOAD ./Core/Src/main.o
LOAD ./Core/Src/midi.o
LOAD ./Core/Src/pot.o
LOAD ./Core/Src/stm32f1xx_hal_msp.o
LOAD ./Core/Src/stm32f1xx_it.o
LOAD ./Core/Src/syscalls.o
LOAD ./Core/Src/sysmem.o
LOAD ./Core/Src/system_stm32f1xx.o
LOAD ./Core/Startup/startup_stm32f105rbtx.o
LOAD ./Drivers/STM32F1xx_HAL_Driver/Src/stm32f1xx_hal.o
LOAD ./Drivers/STM32F1xx_HAL_Driver/Src/stm32f1xx_hal_adc.o
LOAD ./Drivers/STM32F1xx_HAL_Driver/Src/stm32f1xx_hal_adc_ex.o
LOAD ./Drivers/STM32F1xx_HAL_Driver/Src/stm32f1xx_hal_cortex.o
LOAD ./Drivers/STM32F1xx_HAL_Driver/Src/stm32f1xx_hal_dma.o
LOAD ./Drivers/STM32F1xx_HAL_Driver/Src/stm32f1xx_hal_exti.o
LOAD ./Drivers/STM32F1xx_HAL_Driver/Src/stm32f1xx_hal_flash.o
LOAD ./Drivers/STM32F1xx_HAL_Driver/Src/stm32f1xx_hal_flash_ex.o
LOAD ./Drivers/STM32F1xx_HAL_Driver/Src/stm32f1xx_hal_gpio.o
LOAD ./Drivers/STM32F1xx_HAL_Driver/Src/stm32f1xx_hal_gpio_ex.o
LOAD ./Drivers/STM32F1xx_HAL_Driver/Src/stm32f1xx_hal_pcd.o
LOAD ./Drivers/STM32F1xx_HAL_Driver/Src/stm32f1xx_hal_pcd_ex.o
LOAD ./Drivers/STM32F1xx_HAL_Driver/Src/stm32f1xx_hal_pwr.o
LOAD ./Drivers/STM32F1xx_HAL_Driver/Src/stm32f1xx_hal_rcc.o
LOAD ./Drivers/STM32F1xx_HAL_Driver/Src/stm32f1xx_hal_rcc_ex.o
LOAD ./Drivers/STM32F1xx_HAL_Driver/Src/stm32f1xx_hal_spi.o
LOAD ./Drivers/STM32F1xx_HAL_Driver/Src/stm32f1xx_hal_tim.o
LOAD ./Drivers/STM32F1xx_HAL_Driver/Src/stm32f1xx_hal_tim_ex.o
LOAD ./Drivers/STM32F1xx_HAL_Driver/Src/stm32f1xx_hal_uart.o
LOAD ./Drivers/STM32F1xx_HAL_Driver/Src/stm32f1xx_ll_usb.o
START GROUP
LOAD /opt/ST/STM32CubeCLT_1.18.0/GNU-tools-for-STM32/bin/../lib/gcc/arm-none-eabi/13.3.1/../../../../arm-none-eabi/lib/thumb/v7-m/nofp/libc_nano.a
LOAD /opt/ST/STM32CubeCLT_1.18.0/GNU-tools-for-STM32/bin/../lib/gcc/arm-none-eabi/13.3.1/../../../../arm-none-eabi/lib/thumb/v7-m/nofp/libm.a
END GROUP
START GROUP
LOAD /opt/ST/STM32CubeCLT_1.18.0/GNU-tools-for-STM32/bin/../lib/gcc/arm-none-eabi/13.3.1/thumb/v7-m/nofp/libgcc.a
LOAD /opt/ST/STM32CubeCLT_1.18.0/GNU-tools-for-STM32/bin/../lib/gcc/arm-none-eabi/13.3.1/../../../../arm-none-eabi/lib/thumb/v7-m/nofp/libc_nano.a
END GROUP
START GROUP
LOAD /opt/ST/STM32CubeCLT_1.18.0/GNU-tools-for-STM32/bin/../lib/gcc/arm-none-eabi/13.3.1/thumb/v7-m/nofp/libgcc.a
LOAD /opt/ST/STM32CubeCLT_1.18.0/GNU-tools-for-STM32/bin/../lib/gcc/arm-none-eabi/13.3.1/../../../../arm-none-eabi/lib/thumb/v7-m/nofp/libc_nano.a
LOAD /opt/ST/STM32CubeCLT_1.18.0/GNU-tools-for-STM32/bin/../lib/gcc/arm-none-eabi/13.3.1/../../../../arm-none-eabi/lib/thumb/v7-m/nofp/libnosys.a
END GROUP
START GROUP
LOAD /opt/ST/STM32CubeCLT_1.18.0/GNU-tools-for-STM32/bin/../lib/gcc/arm-none-eabi/13.3.1/thumb/v7-m/nofp/libgcc.a
LOAD /opt/ST/STM32CubeCLT_1.18.0/GNU-tools-for-STM32/bin/../lib/gcc/arm-none-eabi/13.3.1/../../../../arm-none-eabi/lib/thumb/v7-m/nofp/libc_nano.a
LOAD /opt/ST/STM32CubeCLT_1.18.0/GNU-tools-for-STM32/bin/../lib/gcc/arm-none-eabi/13.3.1/../../../../arm-none-eabi/lib/thumb/v7-m/nofp/libnosys.a
END GROUP
LOAD /opt/ST/STM32CubeCLT_1.18.0/GNU-tools-for-STM32/bin/../lib/gcc/arm-none-eabi/13.3.1/thumb/v7-m/nofp/crtend.o
LOAD /opt/ST/STM32CubeCLT_1.18.0/GNU-tools-for-STM32/bin/../lib/gcc/arm-none-eabi/13.3.1/thumb/v7-m/nofp/crtn.o
                0x20010000                        _estack = (ORIGIN (RAM) + LENGTH (RAM))
                0x00000200                        _Min_Heap_Size = 0x200
                0x00000400                        _Min_Stack_Size = 0x400

.isr_vector     0x08000000      0x1e4
                0x08000000                        . = ALIGN (0x4)
 *(.isr_vector)
 .isr_vector    0x08000000      0x1e4 ./Core/Startup/startup_stm32f105rbtx.o
                0x08000000                g_pfnVectors
                0x080001e4                        . = ALIGN (0x4)

.text           0x080001e4     0x7270
                0x080001e4                        . = ALIGN (0x4)
 *(.text)
 .text          0x080001e4       0x40 /opt/ST/STM32CubeCLT_1.18.0/GNU-tools-for-STM32/bin/../lib/gcc/arm-none-eabi/13.3.1/thumb/v7-m/nofp/crtbegin.o
 .text          0x08000224      0x21c /opt/ST/STM32CubeCLT_1.18.0/GNU-tools-for-STM32/bin/../lib/gcc/arm-none-eabi/13.3.1/thumb/v7-m/nofp/libgcc.a(_arm_addsubsf3.o)
                0x08000224                __aeabi_frsub
                0x0800022c                __aeabi_fsub
                0x0800022c                __subsf3
                0x08000230                __aeabi_fadd
                0x08000230                __addsf3
                0x08000390                __aeabi_ui2f
                0x08000390                __floatunsisf
                0x08000398                __floatsisf
                0x08000398                __aeabi_i2f
                0x080003b4                __aeabi_ul2f
                0x080003b4                __floatundisf
                0x080003c4                __aeabi_l2f
                0x080003c4                __floatdisf
 .text          0x08000440      0x2a0 /opt/ST/STM32CubeCLT_1.18.0/GNU-tools-for-STM32/bin/../lib/gcc/arm-none-eabi/13.3.1/thumb/v7-m/nofp/libgcc.a(_arm_muldivsf3.o)
                0x08000440                __mulsf3
                0x08000440                __aeabi_fmul
                0x080005a8                __divsf3
                0x080005a8                __aeabi_fdiv
 .text          0x080006e0       0xec /opt/ST/STM32CubeCLT_1.18.0/GNU-tools-for-STM32/bin/../lib/gcc/arm-none-eabi/13.3.1/thumb/v7-m/nofp/libgcc.a(_arm_cmpsf2.o)
                0x080006e0                __gesf2
                0x080006e0                __gtsf2
                0x080006e8                __ltsf2
                0x080006e8                __lesf2
                0x080006f0                __nesf2
                0x080006f0                __eqsf2
                0x080006f0                __cmpsf2
                0x08000750                __aeabi_cfrcmple
                0x08000758                __aeabi_cfcmpeq
                0x08000758                __aeabi_cfcmple
                0x08000768                __aeabi_fcmpeq
                0x0800077c                __aeabi_fcmplt
                0x08000790                __aeabi_fcmple
                0x080007a4                __aeabi_fcmpge
                0x080007b8                __aeabi_fcmpgt
 .text          0x080007cc       0x2c /opt/ST/STM32CubeCLT_1.18.0/GNU-tools-for-STM32/bin/../lib/gcc/arm-none-eabi/13.3.1/thumb/v7-m/nofp/libgcc.a(_arm_unordsf2.o)
                0x080007cc                __aeabi_fcmpun
                0x080007cc                __unordsf2
 .text          0x080007f8       0x4c /opt/ST/STM32CubeCLT_1.18.0/GNU-tools-for-STM32/bin/../lib/gcc/arm-none-eabi/13.3.1/thumb/v7-m/nofp/libgcc.a(_arm_fixsfsi.o)
                0x080007f8                __fixsfsi
                0x080007f8                __aeabi_f2iz
 .text          0x08000844       0x40 /opt/ST/STM32CubeCLT_1.18.0/GNU-tools-for-STM32/bin/../lib/gcc/arm-none-eabi/13.3.1/thumb/v7-m/nofp/libgcc.a(_arm_fixunssfsi.o)
                0x08000844                __aeabi_f2uiz
                0x08000844                __fixunssfsi
 .text          0x08000884       0x30 /opt/ST/STM32CubeCLT_1.18.0/GNU-tools-for-STM32/bin/../lib/gcc/arm-none-eabi/13.3.1/thumb/v7-m/nofp/libgcc.a(_aeabi_uldivmod.o)
                0x08000884                __aeabi_uldivmod
 .text          0x080008b4      0x300 /opt/ST/STM32CubeCLT_1.18.0/GNU-tools-for-STM32/bin/../lib/gcc/arm-none-eabi/13.3.1/thumb/v7-m/nofp/libgcc.a(_udivmoddi4.o)
                0x080008b4                __udivmoddi4
 .text          0x08000bb4        0x4 /opt/ST/STM32CubeCLT_1.18.0/GNU-tools-for-STM32/bin/../lib/gcc/arm-none-eabi/13.3.1/thumb/v7-m/nofp/libgcc.a(_dvmd_tls.o)
                0x08000bb4                __aeabi_ldiv0
                0x08000bb4                __aeabi_idiv0
 *(.text*)
 .text.cvout_init
                0x08000bb8       0x38 ./Core/Src/cvout.o
                0x08000bb8                cvout_init
 .text.cvout_set
                0x08000bf0      0x126 ./Core/Src/cvout.o
                0x08000bf0                cvout_set
 .text.mcp41hv_init
                0x08000d16       0x3c ./Core/Src/dpot_mcp41hv.o
                0x08000d16                mcp41hv_init
 .text.mcp41hv_write
                0x08000d52       0x62 ./Core/Src/dpot_mcp41hv.o
                0x08000d52                mcp41hv_write
 .text.mcp41hv_set_code
                0x08000db4       0x3c ./Core/Src/dpot_mcp41hv.o
                0x08000db4                mcp41hv_set_code
 .text.fsw_init
                0x08000df0       0x50 ./Core/Src/footswitch.o
                0x08000df0                fsw_init
 .text.fsw_poll
                0x08000e40       0xcc ./Core/Src/footswitch.o
                0x08000e40                fsw_poll
 .text.sp1513_gamma22
                0x08000f0c       0x4c ./Core/Src/led.o
 .text.clamp_01
                0x08000f58       0x3e ./Core/Src/led.o
 *fill*         0x08000f96        0x2 
 .text.apply_exponential
                0x08000f98       0x54 ./Core/Src/led.o
 .text.apply_curve
                0x08000fec       0x36 ./Core/Src/led.o
 .text.write_duty
                0x08001022       0xa6 ./Core/Src/led.o
 .text.led_init
                0x080010c8       0x52 ./Core/Src/led.o
                0x080010c8                led_init
 .text.led_setBrightness
                0x0800111a       0x6a ./Core/Src/led.o
                0x0800111a                led_setBrightness
 .text.hsv_to_rgb
                0x08001184      0x174 ./Core/Src/led_demo.o
 .text.led_demo_rainbow
                0x080012f8       0xb0 ./Core/Src/led_demo.o
                0x080012f8                led_demo_rainbow
 .text.sp1513_normalize
                0x080013a8       0x5c ./Core/Src/led_rgb.o
 .text.ledrgb_init_split
                0x08001404       0x66 ./Core/Src/led_rgb.o
                0x08001404                ledrgb_init_split
 .text.ledrgb_init
                0x0800146a       0x36 ./Core/Src/led_rgb.o
                0x0800146a                ledrgb_init
 .text.ledrgb_set
                0x080014a0       0x58 ./Core/Src/led_rgb.o
                0x080014a0                ledrgb_set
 .text.ledrgb_setBrightness
                0x080014f8       0x52 ./Core/Src/led_rgb.o
                0x080014f8                ledrgb_setBrightness
 .text.fsw_rising
                0x0800154a       0x16 ./Core/Src/main.o
 .text.midi_apply
                0x08001560       0xd4 ./Core/Src/main.o
 .text.set_bypass
                0x08001634       0x34 ./Core/Src/main.o
 .text.on_midi_cc
                0x08001668      0x108 ./Core/Src/main.o
 .text.ctrl_smooth_tick
                0x08001770       0xd0 ./Core/Src/main.o
                0x08001770                ctrl_smooth_tick
 .text.ctrl_smooth_start
                0x08001840       0x70 ./Core/Src/main.o
 .text.main     0x080018b0      0x4a8 ./Core/Src/main.o
                0x080018b0                main
 .text.SystemClock_Config
                0x08001d58       0xcc ./Core/Src/main.o
                0x08001d58                SystemClock_Config
 .text.MX_ADC1_Init
                0x08001e24       0x7c ./Core/Src/main.o
 .text.MX_SPI2_Init
                0x08001ea0       0x6c ./Core/Src/main.o
 .text.MX_SPI3_Init
                0x08001f0c       0x70 ./Core/Src/main.o
 .text.MX_TIM2_Init
                0x08001f7c      0x108 ./Core/Src/main.o
 .text.MX_TIM3_Init
                0x08002084      0x140 ./Core/Src/main.o
 .text.MX_TIM4_Init
                0x080021c4       0xf4 ./Core/Src/main.o
 .text.MX_USART1_UART_Init
                0x080022b8       0x54 ./Core/Src/main.o
 .text.MX_USB_OTG_FS_PCD_Init
                0x0800230c       0x48 ./Core/Src/main.o
 .text.MX_GPIO_Init
                0x08002354      0x130 ./Core/Src/main.o
 .text.Error_Handler
                0x08002484        0xc ./Core/Src/main.o
                0x08002484                Error_Handler
 .text.status_data_len
                0x08002490       0x28 ./Core/Src/midi.o
 .text.midi_init
                0x080024b8       0x74 ./Core/Src/midi.o
                0x080024b8                midi_init
 .text.midi_rx_push
                0x0800252c       0x4c ./Core/Src/midi.o
                0x0800252c                midi_rx_push
 .text.midi_set_cc_handler
                0x08002578       0x1c ./Core/Src/midi.o
                0x08002578                midi_set_cc_handler
 .text.midi_set_channel
                0x08002594       0x28 ./Core/Src/midi.o
                0x08002594                midi_set_channel
 .text.dispatch
                0x080025bc      0x14c ./Core/Src/midi.o
 .text.parse_byte
                0x08002708       0xf4 ./Core/Src/midi.o
 .text.midi_poll
                0x080027fc       0x54 ./Core/Src/midi.o
                0x080027fc                midi_poll
 .text.pot_init
                0x08002850       0x38 ./Core/Src/pot.o
                0x08002850                pot_init
 .text.pot_read
                0x08002888      0x104 ./Core/Src/pot.o
                0x08002888                pot_read
 .text.pot_poll
                0x0800298c       0x5c ./Core/Src/pot.o
                0x0800298c                pot_poll
 .text.HAL_MspInit
                0x080029e8       0x64 ./Core/Src/stm32f1xx_hal_msp.o
                0x080029e8                HAL_MspInit
 .text.HAL_ADC_MspInit
                0x08002a4c       0xa8 ./Core/Src/stm32f1xx_hal_msp.o
                0x08002a4c                HAL_ADC_MspInit
 .text.HAL_SPI_MspInit
                0x08002af4      0x118 ./Core/Src/stm32f1xx_hal_msp.o
                0x08002af4                HAL_SPI_MspInit
 .text.HAL_TIM_PWM_MspInit
                0x08002c0c       0x88 ./Core/Src/stm32f1xx_hal_msp.o
                0x08002c0c                HAL_TIM_PWM_MspInit
 .text.HAL_TIM_MspPostInit
                0x08002c94      0x140 ./Core/Src/stm32f1xx_hal_msp.o
                0x08002c94                HAL_TIM_MspPostInit
 .text.HAL_UART_MspInit
                0x08002dd4       0x98 ./Core/Src/stm32f1xx_hal_msp.o
                0x08002dd4                HAL_UART_MspInit
 .text.HAL_PCD_MspInit
                0x08002e6c       0x38 ./Core/Src/stm32f1xx_hal_msp.o
                0x08002e6c                HAL_PCD_MspInit
 .text.NMI_Handler
                0x08002ea4        0x8 ./Core/Src/stm32f1xx_it.o
                0x08002ea4                NMI_Handler
 .text.HardFault_Handler
                0x08002eac        0x8 ./Core/Src/stm32f1xx_it.o
                0x08002eac                HardFault_Handler
 .text.MemManage_Handler
                0x08002eb4        0x8 ./Core/Src/stm32f1xx_it.o
                0x08002eb4                MemManage_Handler
 .text.BusFault_Handler
                0x08002ebc        0x8 ./Core/Src/stm32f1xx_it.o
                0x08002ebc                BusFault_Handler
 .text.UsageFault_Handler
                0x08002ec4        0x8 ./Core/Src/stm32f1xx_it.o
                0x08002ec4                UsageFault_Handler
 .text.SVC_Handler
                0x08002ecc        0xc ./Core/Src/stm32f1xx_it.o
                0x08002ecc                SVC_Handler
 .text.DebugMon_Handler
                0x08002ed8        0xc ./Core/Src/stm32f1xx_it.o
                0x08002ed8                DebugMon_Handler
 .text.PendSV_Handler
                0x08002ee4        0xc ./Core/Src/stm32f1xx_it.o
                0x08002ee4                PendSV_Handler
 .text.SysTick_Handler
                0x08002ef0        0xc ./Core/Src/stm32f1xx_it.o
                0x08002ef0                SysTick_Handler
 .text.USART1_IRQHandler
                0x08002efc       0x3c ./Core/Src/stm32f1xx_it.o
                0x08002efc                USART1_IRQHandler
 .text.TIM7_IRQHandler
                0x08002f38       0x24 ./Core/Src/stm32f1xx_it.o
                0x08002f38                TIM7_IRQHandler
 .text.SystemInit
                0x08002f5c        0xc ./Core/Src/system_stm32f1xx.o
                0x08002f5c                SystemInit
 .text.Reset_Handler
                0x08002f68       0x48 ./Core/Startup/startup_stm32f105rbtx.o
                0x08002f68                Reset_Handler
 .text.Default_Handler
                0x08002fb0        0x2 ./Core/Startup/startup_stm32f105rbtx.o
                0x08002fb0                DMA2_Channel3_IRQHandler
                0x08002fb0                EXTI2_IRQHandler
                0x08002fb0                TIM1_CC_IRQHandler
                0x08002fb0                TIM6_IRQHandler
                0x08002fb0                PVD_IRQHandler
                0x08002fb0                CAN2_RX1_IRQHandler
                0x08002fb0                EXTI3_IRQHandler
                0x08002fb0                EXTI0_IRQHandler
                0x08002fb0                I2C2_EV_IRQHandler
                0x08002fb0                CAN1_RX0_IRQHandler
                0x08002fb0                CAN2_SCE_IRQHandler
                0x08002fb0                ADC1_2_IRQHandler
                0x08002fb0                SPI1_IRQHandler
                0x08002fb0                TAMPER_IRQHandler
                0x08002fb0                CAN2_RX0_IRQHandler
                0x08002fb0                DMA2_Channel2_IRQHandler
                0x08002fb0                DMA1_Channel4_IRQHandler
                0x08002fb0                USART3_IRQHandler
                0x08002fb0                RTC_IRQHandler
                0x08002fb0                DMA1_Channel7_IRQHandler
                0x08002fb0                CAN1_RX1_IRQHandler
                0x08002fb0                UART5_IRQHandler
                0x08002fb0                TIM4_IRQHandler
                0x08002fb0                DMA2_Channel1_IRQHandler
                0x08002fb0                I2C1_EV_IRQHandler
                0x08002fb0                DMA1_Channel6_IRQHandler
                0x08002fb0                UART4_IRQHandler
                0x08002fb0                DMA2_Channel4_IRQHandler
                0x08002fb0                TIM3_IRQHandler
                0x08002fb0                RCC_IRQHandler
                0x08002fb0                TIM1_TRG_COM_IRQHandler
                0x08002fb0                DMA1_Channel1_IRQHandler
                0x08002fb0                Default_Handler
                0x08002fb0                EXTI15_10_IRQHandler
                0x08002fb0                CAN2_TX_IRQHandler
                0x08002fb0                TIM5_IRQHandler
                0x08002fb0                EXTI9_5_IRQHandler
                0x08002fb0                SPI2_IRQHandler
                0x08002fb0                CAN1_TX_IRQHandler
                0x08002fb0                DMA2_Channel5_IRQHandler
                0x08002fb0                DMA1_Channel5_IRQHandler
                0x08002fb0                EXTI4_IRQHandler
                0x08002fb0                DMA1_Channel3_IRQHandler
                0x08002fb0                TIM1_UP_IRQHandler
                0x08002fb0                WWDG_IRQHandler
                0x08002fb0                TIM2_IRQHandler
                0x08002fb0                OTG_FS_WKUP_IRQHandler
                0x08002fb0                TIM1_BRK_IRQHandler
                0x08002fb0                EXTI1_IRQHandler
                0x08002fb0                USART2_IRQHandler
                0x08002fb0                I2C2_ER_IRQHandler
                0x08002fb0                DMA1_Channel2_IRQHandler
                0x08002fb0                CAN1_SCE_IRQHandler
                0x08002fb0                FLASH_IRQHandler
                0x08002fb0                OTG_FS_IRQHandler
                0x08002fb0                SPI3_IRQHandler
                0x08002fb0                I2C1_ER_IRQHandler
                0x08002fb0                RTC_Alarm_IRQHandler
 *fill*         0x08002fb2        0x2 
 .text.HAL_Init
                0x08002fb4       0x2c ./Drivers/STM32F1xx_HAL_Driver/Src/stm32f1xx_hal.o
                0x08002fb4                HAL_Init
 .text.HAL_InitTick
                0x08002fe0       0x60 ./Drivers/STM32F1xx_HAL_Driver/Src/stm32f1xx_hal.o
                0x08002fe0                HAL_InitTick
 .text.HAL_IncTick
                0x08003040       0x24 ./Drivers/STM32F1xx_HAL_Driver/Src/stm32f1xx_hal.o
                0x08003040                HAL_IncTick
 .text.HAL_GetTick
                0x08003064       0x14 ./Drivers/STM32F1xx_HAL_Driver/Src/stm32f1xx_hal.o
                0x08003064                HAL_GetTick
 .text.HAL_Delay
                0x08003078       0x48 ./Drivers/STM32F1xx_HAL_Driver/Src/stm32f1xx_hal.o
                0x08003078                HAL_Delay
 .text.HAL_ADC_Init
                0x080030c0      0x1b0 ./Drivers/STM32F1xx_HAL_Driver/Src/stm32f1xx_hal_adc.o
                0x080030c0                HAL_ADC_Init
 .text.HAL_ADC_Start
                0x08003270      0x15c ./Drivers/STM32F1xx_HAL_Driver/Src/stm32f1xx_hal_adc.o
                0x08003270                HAL_ADC_Start
 .text.HAL_ADC_Stop
                0x080033cc       0x58 ./Drivers/STM32F1xx_HAL_Driver/Src/stm32f1xx_hal_adc.o
                0x080033cc                HAL_ADC_Stop
 .text.HAL_ADC_PollForConversion
                0x08003424      0x20c ./Drivers/STM32F1xx_HAL_Driver/Src/stm32f1xx_hal_adc.o
                0x08003424                HAL_ADC_PollForConversion
 .text.HAL_ADC_GetValue
                0x08003630       0x18 ./Drivers/STM32F1xx_HAL_Driver/Src/stm32f1xx_hal_adc.o
                0x08003630                HAL_ADC_GetValue
 .text.HAL_ADC_ConfigChannel
                0x08003648      0x1f0 ./Drivers/STM32F1xx_HAL_Driver/Src/stm32f1xx_hal_adc.o
                0x08003648                HAL_ADC_ConfigChannel
 .text.ADC_Enable
                0x08003838       0xb4 ./Drivers/STM32F1xx_HAL_Driver/Src/stm32f1xx_hal_adc.o
                0x08003838                ADC_Enable
 .text.ADC_ConversionStop_Disable
                0x080038ec       0x82 ./Drivers/STM32F1xx_HAL_Driver/Src/stm32f1xx_hal_adc.o
                0x080038ec                ADC_ConversionStop_Disable
 *fill*         0x0800396e        0x2 
 .text.HAL_ADCEx_Calibration_Start
                0x08003970      0x15c ./Drivers/STM32F1xx_HAL_Driver/Src/stm32f1xx_hal_adc_ex.o
                0x08003970                HAL_ADCEx_Calibration_Start
 .text.__NVIC_SetPriorityGrouping
                0x08003acc       0x48 ./Drivers/STM32F1xx_HAL_Driver/Src/stm32f1xx_hal_cortex.o
 .text.__NVIC_GetPriorityGrouping
                0x08003b14       0x1c ./Drivers/STM32F1xx_HAL_Driver/Src/stm32f1xx_hal_cortex.o
 .text.__NVIC_EnableIRQ
                0x08003b30       0x38 ./Drivers/STM32F1xx_HAL_Driver/Src/stm32f1xx_hal_cortex.o
 .text.__NVIC_SetPriority
                0x08003b68       0x54 ./Drivers/STM32F1xx_HAL_Driver/Src/stm32f1xx_hal_cortex.o
 .text.NVIC_EncodePriority
                0x08003bbc       0x64 ./Drivers/STM32F1xx_HAL_Driver/Src/stm32f1xx_hal_cortex.o
 .text.SysTick_Config
                0x08003c20       0x44 ./Drivers/STM32F1xx_HAL_Driver/Src/stm32f1xx_hal_cortex.o
 .text.HAL_NVIC_SetPriorityGrouping
                0x08003c64       0x16 ./Drivers/STM32F1xx_HAL_Driver/Src/stm32f1xx_hal_cortex.o
                0x08003c64                HAL_NVIC_SetPriorityGrouping
 .text.HAL_NVIC_SetPriority
                0x08003c7a       0x38 ./Drivers/STM32F1xx_HAL_Driver/Src/stm32f1xx_hal_cortex.o
                0x08003c7a                HAL_NVIC_SetPriority
 .text.HAL_NVIC_EnableIRQ
                0x08003cb2       0x1c ./Drivers/STM32F1xx_HAL_Driver/Src/stm32f1xx_hal_cortex.o
                0x08003cb2                HAL_NVIC_EnableIRQ
 .text.HAL_SYSTICK_Config
                0x08003cce       0x18 ./Drivers/STM32F1xx_HAL_Driver/Src/stm32f1xx_hal_cortex.o
                0x08003cce                HAL_SYSTICK_Config
 *fill*         0x08003ce6        0x2 
 .text.HAL_GPIO_Init
                0x08003ce8      0x308 ./Drivers/STM32F1xx_HAL_Driver/Src/stm32f1xx_hal_gpio.o
                0x08003ce8                HAL_GPIO_Init
 .text.HAL_GPIO_ReadPin
                0x08003ff0       0x2e ./Drivers/STM32F1xx_HAL_Driver/Src/stm32f1xx_hal_gpio.o
                0x08003ff0                HAL_GPIO_ReadPin
 .text.HAL_GPIO_WritePin
                0x0800401e       0x30 ./Drivers/STM32F1xx_HAL_Driver/Src/stm32f1xx_hal_gpio.o
                0x0800401e                HAL_GPIO_WritePin
 .text.HAL_PCD_Init
                0x0800404e      0x210 ./Drivers/STM32F1xx_HAL_Driver/Src/stm32f1xx_hal_pcd.o
                0x0800404e                HAL_PCD_Init
 *fill*         0x0800425e        0x2 
 .text.HAL_RCC_OscConfig
                0x08004260      0x62c ./Drivers/STM32F1xx_HAL_Driver/Src/stm32f1xx_hal_rcc.o
                0x08004260                HAL_RCC_OscConfig
 .text.HAL_RCC_ClockConfig
                0x0800488c      0x1d4 ./Drivers/STM32F1xx_HAL_Driver/Src/stm32f1xx_hal_rcc.o
                0x0800488c                HAL_RCC_ClockConfig
 .text.HAL_RCC_GetSysClockFreq
                0x08004a60      0x1ec ./Drivers/STM32F1xx_HAL_Driver/Src/stm32f1xx_hal_rcc.o
                0x08004a60                HAL_RCC_GetSysClockFreq
 .text.HAL_RCC_GetHCLKFreq
                0x08004c4c       0x14 ./Drivers/STM32F1xx_HAL_Driver/Src/stm32f1xx_hal_rcc.o
                0x08004c4c                HAL_RCC_GetHCLKFreq
 .text.HAL_RCC_GetPCLK1Freq
                0x08004c60       0x28 ./Drivers/STM32F1xx_HAL_Driver/Src/stm32f1xx_hal_rcc.o
                0x08004c60                HAL_RCC_GetPCLK1Freq
 .text.HAL_RCC_GetPCLK2Freq
                0x08004c88       0x28 ./Drivers/STM32F1xx_HAL_Driver/Src/stm32f1xx_hal_rcc.o
                0x08004c88                HAL_RCC_GetPCLK2Freq
 .text.RCC_Delay
                0x08004cb0       0x3c ./Drivers/STM32F1xx_HAL_Driver/Src/stm32f1xx_hal_rcc.o
 .text.HAL_RCCEx_PeriphCLKConfig
                0x08004cec      0x264 ./Drivers/STM32F1xx_HAL_Driver/Src/stm32f1xx_hal_rcc_ex.o
                0x08004cec                HAL_RCCEx_PeriphCLKConfig
 .text.HAL_RCCEx_GetPeriphCLKFreq
                0x08004f50      0x2a4 ./Drivers/STM32F1xx_HAL_Driver/Src/stm32f1xx_hal_rcc_ex.o
                0x08004f50                HAL_RCCEx_GetPeriphCLKFreq
 .text.HAL_SPI_Init
                0x080051f4      0x108 ./Drivers/STM32F1xx_HAL_Driver/Src/stm32f1xx_hal_spi.o
                0x080051f4                HAL_SPI_Init
 .text.HAL_SPI_Transmit
                0x080052fc      0x288 ./Drivers/STM32F1xx_HAL_Driver/Src/stm32f1xx_hal_spi.o
                0x080052fc                HAL_SPI_Transmit
 .text.SPI_WaitFlagStateUntilTimeout
                0x08005584      0x110 ./Drivers/STM32F1xx_HAL_Driver/Src/stm32f1xx_hal_spi.o
 .text.SPI_EndRxTxTransaction
                0x08005694       0x62 ./Drivers/STM32F1xx_HAL_Driver/Src/stm32f1xx_hal_spi.o
 .text.HAL_TIM_Base_Init
                0x080056f6       0x9e ./Drivers/STM32F1xx_HAL_Driver/Src/stm32f1xx_hal_tim.o
                0x080056f6                HAL_TIM_Base_Init
 .text.HAL_TIM_Base_MspInit
                0x08005794       0x12 ./Drivers/STM32F1xx_HAL_Driver/Src/stm32f1xx_hal_tim.o
                0x08005794                HAL_TIM_Base_MspInit
 *fill*         0x080057a6        0x2 
 .text.HAL_TIM_Base_Start_IT
                0x080057a8       0xb4 ./Drivers/STM32F1xx_HAL_Driver/Src/stm32f1xx_hal_tim.o
                0x080057a8                HAL_TIM_Base_Start_IT
 .text.HAL_TIM_PWM_Init
                0x0800585c       0x9e ./Drivers/STM32F1xx_HAL_Driver/Src/stm32f1xx_hal_tim.o
                0x0800585c                HAL_TIM_PWM_Init
 *fill*         0x080058fa        0x2 
 .text.HAL_TIM_PWM_Start
                0x080058fc      0x154 ./Drivers/STM32F1xx_HAL_Driver/Src/stm32f1xx_hal_tim.o
                0x080058fc                HAL_TIM_PWM_Start
 .text.HAL_TIM_PWM_ConfigChannel
                0x08005a50      0x184 ./Drivers/STM32F1xx_HAL_Driver/Src/stm32f1xx_hal_tim.o
                0x08005a50                HAL_TIM_PWM_ConfigChannel
 .text.TIM_Base_SetConfig
                0x08005bd4       0xf0 ./Drivers/STM32F1xx_HAL_Driver/Src/stm32f1xx_hal_tim.o
                0x08005bd4                TIM_Base_SetConfig
 .text.TIM_OC1_SetConfig
                0x08005cc4       0xcc ./Drivers/STM32F1xx_HAL_Driver/Src/stm32f1xx_hal_tim.o
 .text.TIM_OC2_SetConfig
                0x08005d90       0xd4 ./Drivers/STM32F1xx_HAL_Driver/Src/stm32f1xx_hal_tim.o
                0x08005d90                TIM_OC2_SetConfig
 .text.TIM_OC3_SetConfig
                0x08005e64       0xd4 ./Drivers/STM32F1xx_HAL_Driver/Src/stm32f1xx_hal_tim.o
 .text.TIM_OC4_SetConfig
                0x08005f38       0x9c ./Drivers/STM32F1xx_HAL_Driver/Src/stm32f1xx_hal_tim.o
 .text.TIM_CCxChannelCmd
                0x08005fd4       0x48 ./Drivers/STM32F1xx_HAL_Driver/Src/stm32f1xx_hal_tim.o
                0x08005fd4                TIM_CCxChannelCmd
 .text.HAL_TIMEx_MasterConfigSynchronization
                0x0800601c       0xcc ./Drivers/STM32F1xx_HAL_Driver/Src/stm32f1xx_hal_tim_ex.o
                0x0800601c                HAL_TIMEx_MasterConfigSynchronization
 .text.HAL_UART_Init
                0x080060e8       0xa0 ./Drivers/STM32F1xx_HAL_Driver/Src/stm32f1xx_hal_uart.o
                0x080060e8                HAL_UART_Init
 .text.UART_SetConfig
                0x08006188      0x11c ./Drivers/STM32F1xx_HAL_Driver/Src/stm32f1xx_hal_uart.o
 .text.USB_CoreInit
                0x080062a4       0x44 ./Drivers/STM32F1xx_HAL_Driver/Src/stm32f1xx_ll_usb.o
                0x080062a4                USB_CoreInit
 .text.USB_DisableGlobalInt
                0x080062e8       0x20 ./Drivers/STM32F1xx_HAL_Driver/Src/stm32f1xx_ll_usb.o
                0x080062e8                USB_DisableGlobalInt
 .text.USB_SetCurrentMode
                0x08006308       0x98 ./Drivers/STM32F1xx_HAL_Driver/Src/stm32f1xx_ll_usb.o
                0x08006308                USB_SetCurrentMode
 .text.USB_DevInit
                0x080063a0      0x250 ./Drivers/STM32F1xx_HAL_Driver/Src/stm32f1xx_ll_usb.o
                0x080063a0                USB_DevInit
 .text.USB_FlushTxFifo
                0x080065f0       0x62 ./Drivers/STM32F1xx_HAL_Driver/Src/stm32f1xx_ll_usb.o
                0x080065f0                USB_FlushTxFifo
 .text.USB_FlushRxFifo
                0x08006652       0x5a ./Drivers/STM32F1xx_HAL_Driver/Src/stm32f1xx_ll_usb.o
                0x08006652                USB_FlushRxFifo
 .text.USB_SetDevSpeed
                0x080066ac       0x30 ./Drivers/STM32F1xx_HAL_Driver/Src/stm32f1xx_ll_usb.o
                0x080066ac                USB_SetDevSpeed
 .text.USB_DevDisconnect
                0x080066dc       0x40 ./Drivers/STM32F1xx_HAL_Driver/Src/stm32f1xx_ll_usb.o
                0x080066dc                USB_DevDisconnect
 .text.USB_GetMode
                0x0800671c       0x1a ./Drivers/STM32F1xx_HAL_Driver/Src/stm32f1xx_ll_usb.o
                0x0800671c                USB_GetMode
 .text.USB_CoreReset
                0x08006736       0x60 ./Drivers/STM32F1xx_HAL_Driver/Src/stm32f1xx_ll_usb.o
 .text.memset   0x08006796       0x10 /opt/ST/STM32CubeCLT_1.18.0/GNU-tools-for-STM32/bin/../lib/gcc/arm-none-eabi/13.3.1/../../../../arm-none-eabi/lib/thumb/v7-m/nofp/libc_nano.a(libc_a-memset.o)
                0x08006796                memset
 *fill*         0x080067a6        0x2 
 .text.__errno  0x080067a8        0xc /opt/ST/STM32CubeCLT_1.18.0/GNU-tools-for-STM32/bin/../lib/gcc/arm-none-eabi/13.3.1/../../../../arm-none-eabi/lib/thumb/v7-m/nofp/libc_nano.a(libc_a-errno.o)
                0x080067a8                __errno
 .text.__libc_init_array
                0x080067b4       0x48 /opt/ST/STM32CubeCLT_1.18.0/GNU-tools-for-STM32/bin/../lib/gcc/arm-none-eabi/13.3.1/../../../../arm-none-eabi/lib/thumb/v7-m/nofp/libc_nano.a(libc_a-init.o)
                0x080067b4                __libc_init_array
 .text.expf     0x080067fc       0x4c /opt/ST/STM32CubeCLT_1.18.0/GNU-tools-for-STM32/bin/../lib/gcc/arm-none-eabi/13.3.1/../../../../arm-none-eabi/lib/thumb/v7-m/nofp/libm.a(libm_a-wf_exp.o)
                0x080067fc                expf
 .text.powf     0x08006848       0x9a /opt/ST/STM32CubeCLT_1.18.0/GNU-tools-for-STM32/bin/../lib/gcc/arm-none-eabi/13.3.1/../../../../arm-none-eabi/lib/thumb/v7-m/nofp/libm.a(libm_a-wf_pow.o)
                0x08006848                powf
 .text.finitef  0x080068e2       0x10 /opt/ST/STM32CubeCLT_1.18.0/GNU-tools-for-STM32/bin/../lib/gcc/arm-none-eabi/13.3.1/../../../../arm-none-eabi/lib/thumb/v7-m/nofp/libm.a(libm_a-sf_finite.o)
                0x080068e2                finitef
 *fill*         0x080068f2        0x2 
 .text.__ieee754_expf
                0x080068f4      0x1f0 /opt/ST/STM32CubeCLT_1.18.0/GNU-tools-for-STM32/bin/../lib/gcc/arm-none-eabi/13.3.1/../../../../arm-none-eabi/lib/thumb/v7-m/nofp/libm.a(libm_a-ef_exp.o)
                0x080068f4                __ieee754_expf
 .text.__ieee754_powf
                0x08006ae4      0x6c0 /opt/ST/STM32CubeCLT_1.18.0/GNU-tools-for-STM32/bin/../lib/gcc/arm-none-eabi/13.3.1/../../../../arm-none-eabi/lib/thumb/v7-m/nofp/libm.a(libm_a-ef_pow.o)
                0x08006ae4                __ieee754_powf
 .text.lroundf  0x080071a4       0x58 /opt/ST/STM32CubeCLT_1.18.0/GNU-tools-for-STM32/bin/../lib/gcc/arm-none-eabi/13.3.1/../../../../arm-none-eabi/lib/thumb/v7-m/nofp/libm.a(libm_a-sf_lround.o)
                0x080071a4                lroundf
 .text.floorf   0x080071fc       0x84 /opt/ST/STM32CubeCLT_1.18.0/GNU-tools-for-STM32/bin/../lib/gcc/arm-none-eabi/13.3.1/../../../../arm-none-eabi/lib/thumb/v7-m/nofp/libm.a(libm_a-sf_floor.o)
                0x080071fc                floorf
 .text.with_errnof
                0x08007280       0x10 /opt/ST/STM32CubeCLT_1.18.0/GNU-tools-for-STM32/bin/../lib/gcc/arm-none-eabi/13.3.1/../../../../arm-none-eabi/lib/thumb/v7-m/nofp/libm.a(libm_a-math_errf.o)
 .text.xflowf   0x08007290       0x1a /opt/ST/STM32CubeCLT_1.18.0/GNU-tools-for-STM32/bin/../lib/gcc/arm-none-eabi/13.3.1/../../../../arm-none-eabi/lib/thumb/v7-m/nofp/libm.a(libm_a-math_errf.o)
 .text.__math_uflowf
                0x080072aa        0x8 /opt/ST/STM32CubeCLT_1.18.0/GNU-tools-for-STM32/bin/../lib/gcc/arm-none-eabi/13.3.1/../../../../arm-none-eabi/lib/thumb/v7-m/nofp/libm.a(libm_a-math_errf.o)
                0x080072aa                __math_uflowf
 .text.__math_oflowf
                0x080072b2        0x8 /opt/ST/STM32CubeCLT_1.18.0/GNU-tools-for-STM32/bin/../lib/gcc/arm-none-eabi/13.3.1/../../../../arm-none-eabi/lib/thumb/v7-m/nofp/libm.a(libm_a-math_errf.o)
                0x080072b2                __math_oflowf
 *fill*         0x080072ba        0x2 
 .text.scalbnf  0x080072bc       0x98 /opt/ST/STM32CubeCLT_1.18.0/GNU-tools-for-STM32/bin/../lib/gcc/arm-none-eabi/13.3.1/../../../../arm-none-eabi/lib/thumb/v7-m/nofp/libm.a(libm_a-sf_scalbn.o)
                0x080072bc                scalbnf
 .text.fabsf    0x08007354        0x6 /opt/ST/STM32CubeCLT_1.18.0/GNU-tools-for-STM32/bin/../lib/gcc/arm-none-eabi/13.3.1/../../../../arm-none-eabi/lib/thumb/v7-m/nofp/libm.a(libm_a-sf_fabs.o)
                0x08007354                fabsf
 *fill*         0x0800735a        0x2 
 .text.__ieee754_sqrtf
                0x0800735c       0xe0 /opt/ST/STM32CubeCLT_1.18.0/GNU-tools-for-STM32/bin/../lib/gcc/arm-none-eabi/13.3.1/../../../../arm-none-eabi/lib/thumb/v7-m/nofp/libm.a(libm_a-ef_sqrt.o)
                0x0800735c                __ieee754_sqrtf
 *(.glue_7)
 .glue_7        0x0800743c        0x0 linker stubs
 *(.glue_7t)
 .glue_7t       0x0800743c        0x0 linker stubs
 *(.eh_frame)
 .eh_frame      0x0800743c        0x0 /opt/ST/STM32CubeCLT_1.18.0/GNU-tools-for-STM32/bin/../lib/gcc/arm-none-eabi/13.3.1/thumb/v7-m/nofp/crtbegin.o
 *(.init)
 .init          0x0800743c        0x4 /opt/ST/STM32CubeCLT_1.18.0/GNU-tools-for-STM32/bin/../lib/gcc/arm-none-eabi/13.3.1/thumb/v7-m/nofp/crti.o
                0x0800743c                _init
 .init          0x08007440        0x8 /opt/ST/STM32CubeCLT_1.18.0/GNU-tools-for-STM32/bin/../lib/gcc/arm-none-eabi/13.3.1/thumb/v7-m/nofp/crtn.o
 *(.fini)
 .fini          0x08007448        0x4 /opt/ST/STM32CubeCLT_1.18.0/GNU-tools-for-STM32/bin/../lib/gcc/arm-none-eabi/13.3.1/thumb/v7-m/nofp/crti.o
                0x08007448                _fini
 .fini          0x0800744c        0x8 /opt/ST/STM32CubeCLT_1.18.0/GNU-tools-for-STM32/bin/../lib/gcc/arm-none-eabi/13.3.1/thumb/v7-m/nofp/crtn.o
                0x08007454                        . = ALIGN (0x4)
                0x08007454                        _etext = .

.vfp11_veneer   0x08007454        0x0
 .vfp11_veneer  0x08007454        0x0 linker stubs

.v4_bx          0x08007454        0x0
 .v4_bx         0x08007454        0x0 linker stubs

.iplt           0x08007454        0x0
 .iplt          0x08007454        0x0 /opt/ST/STM32CubeCLT_1.18.0/GNU-tools-for-STM32/bin/../lib/gcc/arm-none-eabi/13.3.1/thumb/v7-m/nofp/crtbegin.o

.rodata         0x08007454       0xbc
                0x08007454                        . = ALIGN (0x4)
 *(.rodata)
 *(.rodata*)
 .rodata.cv_chan
                0x08007454       0x14 ./Core/Src/main.o
 .rodata.pot_channels.2
                0x08007468       0x18 ./Core/Src/main.o
 .rodata.AHBPrescTable
                0x08007480       0x10 ./Core/Src/system_stm32f1xx.o
                0x08007480                AHBPrescTable
 .rodata.APBPrescTable
                0x08007490        0x8 ./Core/Src/system_stm32f1xx.o
                0x08007490                APBPrescTable
 .rodata.aPLLMULFactorTable.1
                0x08007498        0xe ./Drivers/STM32F1xx_HAL_Driver/Src/stm32f1xx_hal_rcc.o
 *fill*         0x080074a6        0x2 
 .rodata.aPredivFactorTable.0
                0x080074a8       0x10 ./Drivers/STM32F1xx_HAL_Driver/Src/stm32f1xx_hal_rcc.o
 .rodata.aPLLMULFactorTable.1
                0x080074b8        0xe ./Drivers/STM32F1xx_HAL_Driver/Src/stm32f1xx_hal_rcc_ex.o
 *fill*         0x080074c6        0x2 
 .rodata.aPredivFactorTable.0
                0x080074c8       0x10 ./Drivers/STM32F1xx_HAL_Driver/Src/stm32f1xx_hal_rcc_ex.o
 .rodata.ln2LO  0x080074d8        0x8 /opt/ST/STM32CubeCLT_1.18.0/GNU-tools-for-STM32/bin/../lib/gcc/arm-none-eabi/13.3.1/../../../../arm-none-eabi/lib/thumb/v7-m/nofp/libm.a(libm_a-ef_exp.o)
 .rodata.ln2HI  0x080074e0        0x8 /opt/ST/STM32CubeCLT_1.18.0/GNU-tools-for-STM32/bin/../lib/gcc/arm-none-eabi/13.3.1/../../../../arm-none-eabi/lib/thumb/v7-m/nofp/libm.a(libm_a-ef_exp.o)
 .rodata.halF   0x080074e8        0x8 /opt/ST/STM32CubeCLT_1.18.0/GNU-tools-for-STM32/bin/../lib/gcc/arm-none-eabi/13.3.1/../../../../arm-none-eabi/lib/thumb/v7-m/nofp/libm.a(libm_a-ef_exp.o)
 .rodata.dp_l   0x080074f0        0x8 /opt/ST/STM32CubeCLT_1.18.0/GNU-tools-for-STM32/bin/../lib/gcc/arm-none-eabi/13.3.1/../../../../arm-none-eabi/lib/thumb/v7-m/nofp/libm.a(libm_a-ef_pow.o)
 .rodata.dp_h   0x080074f8        0x8 /opt/ST/STM32CubeCLT_1.18.0/GNU-tools-for-STM32/bin/../lib/gcc/arm-none-eabi/13.3.1/../../../../arm-none-eabi/lib/thumb/v7-m/nofp/libm.a(libm_a-ef_pow.o)
 .rodata.bp     0x08007500        0x8 /opt/ST/STM32CubeCLT_1.18.0/GNU-tools-for-STM32/bin/../lib/gcc/arm-none-eabi/13.3.1/../../../../arm-none-eabi/lib/thumb/v7-m/nofp/libm.a(libm_a-ef_pow.o)
 .rodata.tiny   0x08007508        0x4 /opt/ST/STM32CubeCLT_1.18.0/GNU-tools-for-STM32/bin/../lib/gcc/arm-none-eabi/13.3.1/../../../../arm-none-eabi/lib/thumb/v7-m/nofp/libm.a(libm_a-ef_sqrt.o)
 .rodata.one    0x0800750c        0x4 /opt/ST/STM32CubeCLT_1.18.0/GNU-tools-for-STM32/bin/../lib/gcc/arm-none-eabi/13.3.1/../../../../arm-none-eabi/lib/thumb/v7-m/nofp/libm.a(libm_a-ef_sqrt.o)
                0x08007510                        . = ALIGN (0x4)

.ARM.extab      0x08007510        0x0
                0x08007510                        . = ALIGN (0x4)
 *(.ARM.extab* .gnu.linkonce.armextab.*)
                0x08007510                        . = ALIGN (0x4)

.ARM            0x08007510        0x8
                0x08007510                        . = ALIGN (0x4)
                0x08007510                        __exidx_start = .
 *(.ARM.exidx*)
 .ARM.exidx     0x08007510        0x8 /opt/ST/STM32CubeCLT_1.18.0/GNU-tools-for-STM32/bin/../lib/gcc/arm-none-eabi/13.3.1/thumb/v7-m/nofp/libgcc.a(_udivmoddi4.o)
                0x08007518                        __exidx_end = .
                0x08007518                        . = ALIGN (0x4)

.preinit_array  0x08007518        0x0
                0x08007518                        . = ALIGN (0x4)
                0x08007518                        PROVIDE (__preinit_array_start = .)
 *(.preinit_array*)
                0x08007518                        PROVIDE (__preinit_array_end = .)
                0x08007518                        . = ALIGN (0x4)

.init_array     0x08007518        0x4
                0x08007518                        . = ALIGN (0x4)
                0x08007518                        PROVIDE (__init_array_start = .)
 *(SORT_BY_NAME(.init_array.*))
 *(.init_array*)
 .init_array    0x08007518        0x4 /opt/ST/STM32CubeCLT_1.18.0/GNU-tools-for-STM32/bin/../lib/gcc/arm-none-eabi/13.3.1/thumb/v7-m/nofp/crtbegin.o
                0x0800751c                        PROVIDE (__init_array_end = .)
                0x0800751c                        . = ALIGN (0x4)

.fini_array     0x0800751c        0x4
                0x0800751c                        . = ALIGN (0x4)
                [!provide]                        PROVIDE (__fini_array_start = .)
 *(SORT_BY_NAME(.fini_array.*))
 *(.fini_array*)
 .fini_array    0x0800751c        0x4 /opt/ST/STM32CubeCLT_1.18.0/GNU-tools-for-STM32/bin/../lib/gcc/arm-none-eabi/13.3.1/thumb/v7-m/nofp/crtbegin.o
                [!provide]                        PROVIDE (__fini_array_end = .)
                0x08007520                        . = ALIGN (0x4)
                0x08007520                        _sidata = LOADADDR (.data)

.rel.dyn        0x08007520        0x0
 .rel.iplt      0x08007520        0x0 /opt/ST/STM32CubeCLT_1.18.0/GNU-tools-for-STM32/bin/../lib/gcc/arm-none-eabi/13.3.1/thumb/v7-m/nofp/crtbegin.o

.data           0x20000000       0x64 load address 0x08007520
                0x20000000                        . = ALIGN (0x4)
                0x20000000                        _sdata = .
 *(.data)
 *(.data*)
 .data.led2_on  0x20000000        0x1 ./Core/Src/main.o
                0x20000000                led2_on
 .data.bypass_on
                0x20000001        0x1 ./Core/Src/main.o
                0x20000001                bypass_on
 *fill*         0x20000002        0x2 
 .data.bias_target
                0x20000004        0x4 ./Core/Src/main.o
                0x20000004                bias_target
 .data.SystemCoreClock
                0x20000008        0x4 ./Core/Src/system_stm32f1xx.o
                0x20000008                SystemCoreClock
 .data.uwTickPrio
                0x2000000c        0x4 ./Drivers/STM32F1xx_HAL_Driver/Src/stm32f1xx_hal.o
                0x2000000c                uwTickPrio
 .data.uwTickFreq
                0x20000010        0x1 ./Drivers/STM32F1xx_HAL_Driver/Src/stm32f1xx_hal.o
                0x20000010                uwTickFreq
 *fill*         0x20000011        0x3 
 .data._impure_ptr
                0x20000014        0x4 /opt/ST/STM32CubeCLT_1.18.0/GNU-tools-for-STM32/bin/../lib/gcc/arm-none-eabi/13.3.1/../../../../arm-none-eabi/lib/thumb/v7-m/nofp/libc_nano.a(libc_a-impure.o)
                0x20000014                _impure_ptr
 .data._impure_data
                0x20000018       0x4c /opt/ST/STM32CubeCLT_1.18.0/GNU-tools-for-STM32/bin/../lib/gcc/arm-none-eabi/13.3.1/../../../../arm-none-eabi/lib/thumb/v7-m/nofp/libc_nano.a(libc_a-impure.o)
                0x20000018                _impure_data
 *(.RamFunc)
 *(.RamFunc*)
                0x20000064                        . = ALIGN (0x4)
                0x20000064                        _edata = .

.igot.plt       0x20000064        0x0 load address 0x08007584
 .igot.plt      0x20000064        0x0 /opt/ST/STM32CubeCLT_1.18.0/GNU-tools-for-STM32/bin/../lib/gcc/arm-none-eabi/13.3.1/thumb/v7-m/nofp/crtbegin.o
                0x20000064                        . = ALIGN (0x4)

.bss            0x20000064      0xba0 load address 0x08007584
                0x20000064                        _sbss = .
                0x20000064                        __bss_start__ = _sbss
 *(.bss)
 .bss           0x20000064       0x1c /opt/ST/STM32CubeCLT_1.18.0/GNU-tools-for-STM32/bin/../lib/gcc/arm-none-eabi/13.3.1/thumb/v7-m/nofp/crtbegin.o
 *(.bss*)
 .bss.hadc1     0x20000080       0x30 ./Core/Src/main.o
                0x20000080                hadc1
 .bss.hspi2     0x200000b0       0x58 ./Core/Src/main.o
                0x200000b0                hspi2
 .bss.hspi3     0x20000108       0x58 ./Core/Src/main.o
                0x20000108                hspi3
 .bss.htim2     0x20000160       0x48 ./Core/Src/main.o
                0x20000160                htim2
 .bss.htim3     0x200001a8       0x48 ./Core/Src/main.o
                0x200001a8                htim3
 .bss.htim4     0x200001f0       0x48 ./Core/Src/main.o
                0x200001f0                htim4
 .bss.huart1    0x20000238       0x48 ./Core/Src/main.o
                0x20000238                huart1
 .bss.hpcd_USB_OTG_FS
                0x20000280      0x4dc ./Core/Src/main.o
                0x20000280                hpcd_USB_OTG_FS
 .bss.led1      0x2000075c       0x48 ./Core/Src/main.o
                0x2000075c                led1
 .bss.led2      0x200007a4       0x48 ./Core/Src/main.o
                0x200007a4                led2
 .bss.pots      0x200007ec       0x78 ./Core/Src/main.o
                0x200007ec                pots
 .bss.sw1       0x20000864       0x10 ./Core/Src/main.o
                0x20000864                sw1
 .bss.sw2       0x20000874       0x10 ./Core/Src/main.o
                0x20000874                sw2
 .bss.hpf1      0x20000884       0x10 ./Core/Src/main.o
                0x20000884                hpf1
 .bss.lpf1      0x20000894       0x10 ./Core/Src/main.o
                0x20000894                lpf1
 .bss.lpf2      0x200008a4       0x10 ./Core/Src/main.o
                0x200008a4                lpf2
 .bss.gain      0x200008b4       0x10 ./Core/Src/main.o
                0x200008b4                gain
 .bss.volume    0x200008c4       0x10 ./Core/Src/main.o
                0x200008c4                volume
 .bss.bias      0x200008d4        0xc ./Core/Src/main.o
                0x200008d4                bias
 .bss.htim7     0x200008e0       0x48 ./Core/Src/main.o
                0x200008e0                htim7
 .bss.cv_target
                0x20000928       0x14 ./Core/Src/main.o
                0x20000928                cv_target
 .bss.midi_val  0x2000093c       0x18 ./Core/Src/main.o
                0x2000093c                midi_val
 .bss.midi_rx   0x20000954        0x6 ./Core/Src/main.o
                0x20000954                midi_rx
 *fill*         0x2000095a        0x2 
 .bss.using_midi
                0x2000095c        0x6 ./Core/Src/main.o
                0x2000095c                using_midi
 *fill*         0x20000962        0x2 
 .bss.last_knob
                0x20000964       0x18 ./Core/Src/main.o
                0x20000964                last_knob
 .bss.last_midi
                0x2000097c       0x18 ./Core/Src/main.o
                0x2000097c                last_midi
 .bss.cv_smooth.3
                0x20000994       0x14 ./Core/Src/main.o
 .bss.last_pot_ms.1
                0x200009a8        0x4 ./Core/Src/main.o
 .bss.last_led_ms.0
                0x200009ac        0x4 ./Core/Src/main.o
 .bss.s_rb      0x200009b0      0x100 ./Core/Src/midi.o
 .bss.s_head    0x20000ab0        0x1 ./Core/Src/midi.o
 .bss.s_tail    0x20000ab1        0x1 ./Core/Src/midi.o
 .bss.s_status  0x20000ab2        0x1 ./Core/Src/midi.o
 *fill*         0x20000ab3        0x1 
 .bss.s_data    0x20000ab4        0x2 ./Core/Src/midi.o
 .bss.s_data_idx
                0x20000ab6        0x1 ./Core/Src/midi.o
 .bss.s_data_needed
                0x20000ab7        0x1 ./Core/Src/midi.o
 .bss.s_in_sysex
                0x20000ab8        0x1 ./Core/Src/midi.o
 .bss.s_accept_channel
                0x20000ab9        0x1 ./Core/Src/midi.o
 *fill*         0x20000aba        0x2 
 .bss.s_cc_handler
                0x20000abc        0x4 ./Core/Src/midi.o
 .bss.s_note_handler
                0x20000ac0        0x4 ./Core/Src/midi.o
 .bss.s_pb_handler
                0x20000ac4        0x4 ./Core/Src/midi.o
 .bss.uwTick    0x20000ac8        0x4 ./Drivers/STM32F1xx_HAL_Driver/Src/stm32f1xx_hal.o
                0x20000ac8                uwTick
 .bss.__sf      0x20000acc      0x138 /opt/ST/STM32CubeCLT_1.18.0/GNU-tools-for-STM32/bin/../lib/gcc/arm-none-eabi/13.3.1/../../../../arm-none-eabi/lib/thumb/v7-m/nofp/libc_nano.a(libc_a-findfp.o)
                0x20000acc                __sf
 *(COMMON)
                0x20000c04                        . = ALIGN (0x4)
                0x20000c04                        _ebss = .
                0x20000c04                        __bss_end__ = _ebss

._user_heap_stack
                0x20000c04      0x604 load address 0x08007584
                0x20000c08                        . = ALIGN (0x8)
 *fill*         0x20000c04        0x4 
                [!provide]                        PROVIDE (end = .)
                0x20000c08                        PROVIDE (_end = .)
                0x20000e08                        . = (. + _Min_Heap_Size)
 *fill*         0x20000c08      0x200 
                0x20001208                        . = (. + _Min_Stack_Size)
 *fill*         0x20000e08      0x400 
                0x20001208                        . = ALIGN (0x8)

/DISCARD/
 libc.a(*)
 libm.a(*)
 libgcc.a(*)

.ARM.attributes
                0x00000000       0x29
 *(.ARM.attributes)
 .ARM.attributes
                0x00000000       0x1d /opt/ST/STM32CubeCLT_1.18.0/GNU-tools-for-STM32/bin/../lib/gcc/arm-none-eabi/13.3.1/thumb/v7-m/nofp/crti.o
 .ARM.attributes
                0x0000001d       0x2d /opt/ST/STM32CubeCLT_1.18.0/GNU-tools-for-STM32/bin/../lib/gcc/arm-none-eabi/13.3.1/thumb/v7-m/nofp/crtbegin.o
 .ARM.attributes
                0x0000004a       0x2d ./Core/Src/cvout.o
 .ARM.attributes
                0x00000077       0x2d ./Core/Src/dpot_mcp41hv.o
 .ARM.attributes
                0x000000a4       0x2d ./Core/Src/footswitch.o
 .ARM.attributes
                0x000000d1       0x2d ./Core/Src/led.o
 .ARM.attributes
                0x000000fe       0x2d ./Core/Src/led_demo.o
 .ARM.attributes
                0x0000012b       0x2d ./Core/Src/led_rgb.o
 .ARM.attributes
                0x00000158       0x2d ./Core/Src/main.o
 .ARM.attributes
                0x00000185       0x2d ./Core/Src/midi.o
 .ARM.attributes
                0x000001b2       0x2d ./Core/Src/pot.o
 .ARM.attributes
                0x000001df       0x2d ./Core/Src/stm32f1xx_hal_msp.o
 .ARM.attributes
                0x0000020c       0x2d ./Core/Src/stm32f1xx_it.o
 .ARM.attributes
                0x00000239       0x2d ./Core/Src/system_stm32f1xx.o
 .ARM.attributes
                0x00000266       0x21 ./Core/Startup/startup_stm32f105rbtx.o
 .ARM.attributes
                0x00000287       0x2d ./Drivers/STM32F1xx_HAL_Driver/Src/stm32f1xx_hal.o
 .ARM.attributes
                0x000002b4       0x2d ./Drivers/STM32F1xx_HAL_Driver/Src/stm32f1xx_hal_adc.o
 .ARM.attributes
                0x000002e1       0x2d ./Drivers/STM32F1xx_HAL_Driver/Src/stm32f1xx_hal_adc_ex.o
 .ARM.attributes
                0x0000030e       0x2d ./Drivers/STM32F1xx_HAL_Driver/Src/stm32f1xx_hal_cortex.o
 .ARM.attributes
                0x0000033b       0x2d ./Drivers/STM32F1xx_HAL_Driver/Src/stm32f1xx_hal_gpio.o
 .ARM.attributes
                0x00000368       0x2d ./Drivers/STM32F1xx_HAL_Driver/Src/stm32f1xx_hal_pcd.o
 .ARM.attributes
                0x00000395       0x2d ./Drivers/STM32F1xx_HAL_Driver/Src/stm32f1xx_hal_rcc.o
 .ARM.attributes
                0x000003c2       0x2d ./Drivers/STM32F1xx_HAL_Driver/Src/stm32f1xx_hal_rcc_ex.o
 .ARM.attributes
                0x000003ef       0x2d ./Drivers/STM32F1xx_HAL_Driver/Src/stm32f1xx_hal_spi.o
 .ARM.attributes
                0x0000041c       0x2d ./Drivers/STM32F1xx_HAL_Driver/Src/stm32f1xx_hal_tim.o
 .ARM.attributes
                0x00000449       0x2d ./Drivers/STM32F1xx_HAL_Driver/Src/stm32f1xx_hal_tim_ex.o
 .ARM.attributes
                0x00000476       0x2d ./Drivers/STM32F1xx_HAL_Driver/Src/stm32f1xx_hal_uart.o
 .ARM.attributes
                0x000004a3       0x2d ./Drivers/STM32F1xx_HAL_Driver/Src/stm32f1xx_ll_usb.o
 .ARM.attributes
                0x000004d0       0x2d /opt/ST/STM32CubeCLT_1.18.0/GNU-tools-for-STM32/bin/../lib/gcc/arm-none-eabi/13.3.1/../../../../arm-none-eabi/lib/thumb/v7-m/nofp/libc_nano.a(libc_a-findfp.o)
 .ARM.attributes
                0x000004fd       0x2d /opt/ST/STM32CubeCLT_1.18.0/GNU-tools-for-STM32/bin/../lib/gcc/arm-none-eabi/13.3.1/../../../../arm-none-eabi/lib/thumb/v7-m/nofp/libc_nano.a(libc_a-memset.o)
 .ARM.attributes
                0x0000052a       0x2d /opt/ST/STM32CubeCLT_1.18.0/GNU-tools-for-STM32/bin/../lib/gcc/arm-none-eabi/13.3.1/../../../../arm-none-eabi/lib/thumb/v7-m/nofp/libc_nano.a(libc_a-errno.o)
 .ARM.attributes
                0x00000557       0x2d /opt/ST/STM32CubeCLT_1.18.0/GNU-tools-for-STM32/bin/../lib/gcc/arm-none-eabi/13.3.1/../../../../arm-none-eabi/lib/thumb/v7-m/nofp/libc_nano.a(libc_a-init.o)
 .ARM.attributes
                0x00000584       0x2d /opt/ST/STM32CubeCLT_1.18.0/GNU-tools-for-STM32/bin/../lib/gcc/arm-none-eabi/13.3.1/../../../../arm-none-eabi/lib/thumb/v7-m/nofp/libc_nano.a(libc_a-impure.o)
 .ARM.attributes
                0x000005b1       0x2d /opt/ST/STM32CubeCLT_1.18.0/GNU-tools-for-STM32/bin/../lib/gcc/arm-none-eabi/13.3.1/../../../../arm-none-eabi/lib/thumb/v7-m/nofp/libm.a(libm_a-wf_exp.o)
 .ARM.attributes
                0x000005de       0x2d /opt/ST/STM32CubeCLT_1.18.0/GNU-tools-for-STM32/bin/../lib/gcc/arm-none-eabi/13.3.1/../../../../arm-none-eabi/lib/thumb/v7-m/nofp/libm.a(libm_a-wf_pow.o)
 .ARM.attributes
                0x0000060b       0x2d /opt/ST/STM32CubeCLT_1.18.0/GNU-tools-for-STM32/bin/../lib/gcc/arm-none-eabi/13.3.1/../../../../arm-none-eabi/lib/thumb/v7-m/nofp/libm.a(libm_a-sf_finite.o)
 .ARM.attributes
                0x00000638       0x2d /opt/ST/STM32CubeCLT_1.18.0/GNU-tools-for-STM32/bin/../lib/gcc/arm-none-eabi/13.3.1/../../../../arm-none-eabi/lib/thumb/v7-m/nofp/libm.a(libm_a-ef_exp.o)
 .ARM.attributes
                0x00000665       0x2d /opt/ST/STM32CubeCLT_1.18.0/GNU-tools-for-STM32/bin/../lib/gcc/arm-none-eabi/13.3.1/../../../../arm-none-eabi/lib/thumb/v7-m/nofp/libm.a(libm_a-ef_pow.o)
 .ARM.attributes
                0x00000692       0x2d /opt/ST/STM32CubeCLT_1.18.0/GNU-tools-for-STM32/bin/../lib/gcc/arm-none-eabi/13.3.1/../../../../arm-none-eabi/lib/thumb/v7-m/nofp/libm.a(libm_a-sf_lround.o)
 .ARM.attributes
                0x000006bf       0x2d /opt/ST/STM32CubeCLT_1.18.0/GNU-tools-for-STM32/bin/../lib/gcc/arm-none-eabi/13.3.1/../../../../arm-none-eabi/lib/thumb/v7-m/nofp/libm.a(libm_a-sf_floor.o)
 .ARM.attributes
                0x000006ec       0x2d /opt/ST/STM32CubeCLT_1.18.0/GNU-tools-for-STM32/bin/../lib/gcc/arm-none-eabi/13.3.1/../../../../arm-none-eabi/lib/thumb/v7-m/nofp/libm.a(libm_a-math_errf.o)
 .ARM.attributes
                0x00000719       0x2d /opt/ST/STM32CubeCLT_1.18.0/GNU-tools-for-STM32/bin/../lib/gcc/arm-none-eabi/13.3.1/../../../../arm-none-eabi/lib/thumb/v7-m/nofp/libm.a(libm_a-sf_scalbn.o)
 .ARM.attributes
                0x00000746       0x2d /opt/ST/STM32CubeCLT_1.18.0/GNU-tools-for-STM32/bin/../lib/gcc/arm-none-eabi/13.3.1/../../../../arm-none-eabi/lib/thumb/v7-m/nofp/libm.a(libm_a-sf_fabs.o)
 .ARM.attributes
                0x00000773       0x2d /opt/ST/STM32CubeCLT_1.18.0/GNU-tools-for-STM32/bin/../lib/gcc/arm-none-eabi/13.3.1/../../../../arm-none-eabi/lib/thumb/v7-m/nofp/libm.a(libm_a-ef_sqrt.o)
 .ARM.attributes
                0x000007a0       0x1d /opt/ST/STM32CubeCLT_1.18.0/GNU-tools-for-STM32/bin/../lib/gcc/arm-none-eabi/13.3.1/thumb/v7-m/nofp/libgcc.a(_arm_addsubsf3.o)
 .ARM.attributes
                0x000007bd       0x1d /opt/ST/STM32CubeCLT_1.18.0/GNU-tools-for-STM32/bin/../lib/gcc/arm-none-eabi/13.3.1/thumb/v7-m/nofp/libgcc.a(_arm_muldivsf3.o)
 .ARM.attributes
                0x000007da       0x1d /opt/ST/STM32CubeCLT_1.18.0/GNU-tools-for-STM32/bin/../lib/gcc/arm-none-eabi/13.3.1/thumb/v7-m/nofp/libgcc.a(_arm_cmpsf2.o)
 .ARM.attributes
                0x000007f7       0x1d /opt/ST/STM32CubeCLT_1.18.0/GNU-tools-for-STM32/bin/../lib/gcc/arm-none-eabi/13.3.1/thumb/v7-m/nofp/libgcc.a(_arm_unordsf2.o)
 .ARM.attributes
                0x00000814       0x1d /opt/ST/STM32CubeCLT_1.18.0/GNU-tools-for-STM32/bin/../lib/gcc/arm-none-eabi/13.3.1/thumb/v7-m/nofp/libgcc.a(_arm_fixsfsi.o)
 .ARM.attributes
                0x00000831       0x1d /opt/ST/STM32CubeCLT_1.18.0/GNU-tools-for-STM32/bin/../lib/gcc/arm-none-eabi/13.3.1/thumb/v7-m/nofp/libgcc.a(_arm_fixunssfsi.o)
 .ARM.attributes
                0x0000084e       0x1d /opt/ST/STM32CubeCLT_1.18.0/GNU-tools-for-STM32/bin/../lib/gcc/arm-none-eabi/13.3.1/thumb/v7-m/nofp/libgcc.a(_aeabi_uldivmod.o)
 .ARM.attributes
                0x0000086b       0x2d /opt/ST/STM32CubeCLT_1.18.0/GNU-tools-for-STM32/bin/../lib/gcc/arm-none-eabi/13.3.1/thumb/v7-m/nofp/libgcc.a(_udivmoddi4.o)
 .ARM.attributes
                0x00000898       0x1d /opt/ST/STM32CubeCLT_1.18.0/GNU-tools-for-STM32/bin/../lib/gcc/arm-none-eabi/13.3.1/thumb/v7-m/nofp/libgcc.a(_dvmd_tls.o)
 .ARM.attributes
                0x000008b5       0x1d /opt/ST/STM32CubeCLT_1.18.0/GNU-tools-for-STM32/bin/../lib/gcc/arm-none-eabi/13.3.1/thumb/v7-m/nofp/crtn.o
OUTPUT(MIDI-OD.elf elf32-littlearm)
LOAD linker stubs
LOAD /opt/ST/STM32CubeCLT_1.18.0/GNU-tools-for-STM32/bin/../lib/gcc/arm-none-eabi/13.3.1/../../../../arm-none-eabi/lib/thumb/v7-m/nofp/libc.a
LOAD /opt/ST/STM32CubeCLT_1.18.0/GNU-tools-for-STM32/bin/../lib/gcc/arm-none-eabi/13.3.1/../../../../arm-none-eabi/lib/thumb/v7-m/nofp/libm.a
LOAD /opt/ST/STM32CubeCLT_1.18.0/GNU-tools-for-STM32/bin/../lib/gcc/arm-none-eabi/13.3.1/thumb/v7-m/nofp/libgcc.a

.debug_info     0x00000000    0x16608
 .debug_info    0x00000000      0x6df ./Core/Src/cvout.o
 .debug_info    0x000006df      0x800 ./Core/Src/dpot_mcp41hv.o
 .debug_info    0x00000edf      0x28e ./Core/Src/footswitch.o
 .debug_info    0x0000116d      0x919 ./Core/Src/led.o
 .debug_info    0x00001a86      0x855 ./Core/Src/led_demo.o
 .debug_info    0x000022db      0x925 ./Core/Src/led_rgb.o
 .debug_info    0x00002c00     0x26dd ./Core/Src/main.o
 .debug_info    0x000052dd      0x3af ./Core/Src/midi.o
 .debug_info    0x0000568c      0x6f0 ./Core/Src/pot.o
 .debug_info    0x00005d7c     0x179c ./Core/Src/stm32f1xx_hal_msp.o
 .debug_info    0x00007518      0x33f ./Core/Src/stm32f1xx_it.o
 .debug_info    0x00007857      0x257 ./Core/Src/system_stm32f1xx.o
 .debug_info    0x00007aae       0x30 ./Core/Startup/startup_stm32f105rbtx.o
 .debug_info    0x00007ade      0x780 ./Drivers/STM32F1xx_HAL_Driver/Src/stm32f1xx_hal.o
 .debug_info    0x0000825e      0xc50 ./Drivers/STM32F1xx_HAL_Driver/Src/stm32f1xx_hal_adc.o
 .debug_info    0x00008eae      0xa10 ./Drivers/STM32F1xx_HAL_Driver/Src/stm32f1xx_hal_adc_ex.o
 .debug_info    0x000098be      0xae7 ./Drivers/STM32F1xx_HAL_Driver/Src/stm32f1xx_hal_cortex.o
 .debug_info    0x0000a3a5      0x5c5 ./Drivers/STM32F1xx_HAL_Driver/Src/stm32f1xx_hal_gpio.o
 .debug_info    0x0000a96a     0x144b ./Drivers/STM32F1xx_HAL_Driver/Src/stm32f1xx_hal_pcd.o
 .debug_info    0x0000bdb5      0x895 ./Drivers/STM32F1xx_HAL_Driver/Src/stm32f1xx_hal_rcc.o
 .debug_info    0x0000c64a      0x585 ./Drivers/STM32F1xx_HAL_Driver/Src/stm32f1xx_hal_rcc_ex.o
 .debug_info    0x0000cbcf     0x1439 ./Drivers/STM32F1xx_HAL_Driver/Src/stm32f1xx_hal_spi.o
 .debug_info    0x0000e008     0x2959 ./Drivers/STM32F1xx_HAL_Driver/Src/stm32f1xx_hal_tim.o
 .debug_info    0x00010961     0x149b ./Drivers/STM32F1xx_HAL_Driver/Src/stm32f1xx_hal_tim_ex.o
 .debug_info    0x00011dfc     0x2eed ./Drivers/STM32F1xx_HAL_Driver/Src/stm32f1xx_hal_uart.o
 .debug_info    0x00014ce9     0x191f ./Drivers/STM32F1xx_HAL_Driver/Src/stm32f1xx_ll_usb.o

.debug_abbrev   0x00000000     0x3595
 .debug_abbrev  0x00000000      0x19c ./Core/Src/cvout.o
 .debug_abbrev  0x0000019c      0x1ec ./Core/Src/dpot_mcp41hv.o
 .debug_abbrev  0x00000388      0x177 ./Core/Src/footswitch.o
 .debug_abbrev  0x000004ff      0x20d ./Core/Src/led.o
 .debug_abbrev  0x0000070c      0x1e2 ./Core/Src/led_demo.o
 .debug_abbrev  0x000008ee      0x1b1 ./Core/Src/led_rgb.o
 .debug_abbrev  0x00000a9f      0x3d3 ./Core/Src/main.o
 .debug_abbrev  0x00000e72      0x15e ./Core/Src/midi.o
 .debug_abbrev  0x00000fd0      0x1b6 ./Core/Src/pot.o
 .debug_abbrev  0x00001186      0x25f ./Core/Src/stm32f1xx_hal_msp.o
 .debug_abbrev  0x000013e5      0x137 ./Core/Src/stm32f1xx_it.o
 .debug_abbrev  0x0000151c      0x11a ./Core/Src/system_stm32f1xx.o
 .debug_abbrev  0x00001636       0x24 ./Core/Startup/startup_stm32f105rbtx.o
 .debug_abbrev  0x0000165a      0x201 ./Drivers/STM32F1xx_HAL_Driver/Src/stm32f1xx_hal.o
 .debug_abbrev  0x0000185b      0x225 ./Drivers/STM32F1xx_HAL_Driver/Src/stm32f1xx_hal_adc.o
 .debug_abbrev  0x00001a80      0x249 ./Drivers/STM32F1xx_HAL_Driver/Src/stm32f1xx_hal_adc_ex.o
 .debug_abbrev  0x00001cc9      0x2f8 ./Drivers/STM32F1xx_HAL_Driver/Src/stm32f1xx_hal_cortex.o
 .debug_abbrev  0x00001fc1      0x1ca ./Drivers/STM32F1xx_HAL_Driver/Src/stm32f1xx_hal_gpio.o
 .debug_abbrev  0x0000218b      0x2af ./Drivers/STM32F1xx_HAL_Driver/Src/stm32f1xx_hal_pcd.o
 .debug_abbrev  0x0000243a      0x293 ./Drivers/STM32F1xx_HAL_Driver/Src/stm32f1xx_hal_rcc.o
 .debug_abbrev  0x000026cd      0x1ac ./Drivers/STM32F1xx_HAL_Driver/Src/stm32f1xx_hal_rcc_ex.o
 .debug_abbrev  0x00002879      0x27a ./Drivers/STM32F1xx_HAL_Driver/Src/stm32f1xx_hal_spi.o
 .debug_abbrev  0x00002af3      0x277 ./Drivers/STM32F1xx_HAL_Driver/Src/stm32f1xx_hal_tim.o
 .debug_abbrev  0x00002d6a      0x282 ./Drivers/STM32F1xx_HAL_Driver/Src/stm32f1xx_hal_tim_ex.o
 .debug_abbrev  0x00002fec      0x2f8 ./Drivers/STM32F1xx_HAL_Driver/Src/stm32f1xx_hal_uart.o
 .debug_abbrev  0x000032e4      0x2b1 ./Drivers/STM32F1xx_HAL_Driver/Src/stm32f1xx_ll_usb.o

.debug_aranges  0x00000000     0x1448
 .debug_aranges
                0x00000000       0x28 ./Core/Src/cvout.o
 .debug_aranges
                0x00000028       0x38 ./Core/Src/dpot_mcp41hv.o
 .debug_aranges
                0x00000060       0x28 ./Core/Src/footswitch.o
 .debug_aranges
                0x00000088       0x60 ./Core/Src/led.o
 .debug_aranges
                0x000000e8       0x28 ./Core/Src/led_demo.o
 .debug_aranges
                0x00000110       0x40 ./Core/Src/led_rgb.o
 .debug_aranges
                0x00000150       0xa8 ./Core/Src/main.o
 .debug_aranges
                0x000001f8       0x70 ./Core/Src/midi.o
 .debug_aranges
                0x00000268       0x30 ./Core/Src/pot.o
 .debug_aranges
                0x00000298       0x78 ./Core/Src/stm32f1xx_hal_msp.o
 .debug_aranges
                0x00000310       0x70 ./Core/Src/stm32f1xx_it.o
 .debug_aranges
                0x00000380       0x28 ./Core/Src/system_stm32f1xx.o
 .debug_aranges
                0x000003a8       0x28 ./Core/Startup/startup_stm32f105rbtx.o
 .debug_aranges
                0x000003d0       0xe0 ./Drivers/STM32F1xx_HAL_Driver/Src/stm32f1xx_hal.o
 .debug_aranges
                0x000004b0       0xf0 ./Drivers/STM32F1xx_HAL_Driver/Src/stm32f1xx_hal_adc.o
 .debug_aranges
                0x000005a0       0x80 ./Drivers/STM32F1xx_HAL_Driver/Src/stm32f1xx_hal_adc_ex.o
 .debug_aranges
                0x00000620      0x100 ./Drivers/STM32F1xx_HAL_Driver/Src/stm32f1xx_hal_cortex.o
 .debug_aranges
                0x00000720       0x58 ./Drivers/STM32F1xx_HAL_Driver/Src/stm32f1xx_hal_gpio.o
 .debug_aranges
                0x00000778      0x140 ./Drivers/STM32F1xx_HAL_Driver/Src/stm32f1xx_hal_pcd.o
 .debug_aranges
                0x000008b8       0x90 ./Drivers/STM32F1xx_HAL_Driver/Src/stm32f1xx_hal_rcc.o
 .debug_aranges
                0x00000948       0x50 ./Drivers/STM32F1xx_HAL_Driver/Src/stm32f1xx_hal_rcc_ex.o
 .debug_aranges
                0x00000998      0x1d0 ./Drivers/STM32F1xx_HAL_Driver/Src/stm32f1xx_hal_spi.o
 .debug_aranges
                0x00000b68      0x3d0 ./Drivers/STM32F1xx_HAL_Driver/Src/stm32f1xx_hal_tim.o
 .debug_aranges
                0x00000f38      0x168 ./Drivers/STM32F1xx_HAL_Driver/Src/stm32f1xx_hal_tim_ex.o
 .debug_aranges
                0x000010a0      0x208 ./Drivers/STM32F1xx_HAL_Driver/Src/stm32f1xx_hal_uart.o
 .debug_aranges
                0x000012a8      0x1a0 ./Drivers/STM32F1xx_HAL_Driver/Src/stm32f1xx_ll_usb.o

.debug_rnglists
                0x00000000      0xfba
 .debug_rnglists
                0x00000000       0x1a ./Core/Src/cvout.o
 .debug_rnglists
                0x0000001a       0x25 ./Core/Src/dpot_mcp41hv.o
 .debug_rnglists
                0x0000003f       0x1a ./Core/Src/footswitch.o
 .debug_rnglists
                0x00000059       0x44 ./Core/Src/led.o
 .debug_rnglists
                0x0000009d       0x1b ./Core/Src/led_demo.o
 .debug_rnglists
                0x000000b8       0x2b ./Core/Src/led_rgb.o
 .debug_rnglists
                0x000000e3       0x82 ./Core/Src/main.o
 .debug_rnglists
                0x00000165       0x51 ./Core/Src/midi.o
 .debug_rnglists
                0x000001b6       0x20 ./Core/Src/pot.o
 .debug_rnglists
                0x000001d6       0x5a ./Core/Src/stm32f1xx_hal_msp.o
 .debug_rnglists
                0x00000230       0x4f ./Core/Src/stm32f1xx_it.o
 .debug_rnglists
                0x0000027f       0x1a ./Core/Src/system_stm32f1xx.o
 .debug_rnglists
                0x00000299       0x19 ./Core/Startup/startup_stm32f105rbtx.o
 .debug_rnglists
                0x000002b2       0xa3 ./Drivers/STM32F1xx_HAL_Driver/Src/stm32f1xx_hal.o
 .debug_rnglists
                0x00000355       0xbc ./Drivers/STM32F1xx_HAL_Driver/Src/stm32f1xx_hal_adc.o
 .debug_rnglists
                0x00000411       0x65 ./Drivers/STM32F1xx_HAL_Driver/Src/stm32f1xx_hal_adc_ex.o
 .debug_rnglists
                0x00000476       0xbb ./Drivers/STM32F1xx_HAL_Driver/Src/stm32f1xx_hal_cortex.o
 .debug_rnglists
                0x00000531       0x3f ./Drivers/STM32F1xx_HAL_Driver/Src/stm32f1xx_hal_gpio.o
 .debug_rnglists
                0x00000570       0xf3 ./Drivers/STM32F1xx_HAL_Driver/Src/stm32f1xx_hal_pcd.o
 .debug_rnglists
                0x00000663       0x6c ./Drivers/STM32F1xx_HAL_Driver/Src/stm32f1xx_hal_rcc.o
 .debug_rnglists
                0x000006cf       0x3c ./Drivers/STM32F1xx_HAL_Driver/Src/stm32f1xx_hal_rcc_ex.o
 .debug_rnglists
                0x0000070b      0x16e ./Drivers/STM32F1xx_HAL_Driver/Src/stm32f1xx_hal_spi.o
 .debug_rnglists
                0x00000879      0x31a ./Drivers/STM32F1xx_HAL_Driver/Src/stm32f1xx_hal_tim.o
 .debug_rnglists
                0x00000b93      0x125 ./Drivers/STM32F1xx_HAL_Driver/Src/stm32f1xx_hal_tim_ex.o
 .debug_rnglists
                0x00000cb8      0x1bc ./Drivers/STM32F1xx_HAL_Driver/Src/stm32f1xx_hal_uart.o
 .debug_rnglists
                0x00000e74      0x146 ./Drivers/STM32F1xx_HAL_Driver/Src/stm32f1xx_ll_usb.o

.debug_macro    0x00000000    0x20fda
 .debug_macro   0x00000000      0x1ef ./Core/Src/cvout.o
 .debug_macro   0x000001ef      0xacc ./Core/Src/cvout.o
 .debug_macro   0x00000cbb      0x22d ./Core/Src/cvout.o
 .debug_macro   0x00000ee8       0x2e ./Core/Src/cvout.o
 .debug_macro   0x00000f16       0x22 ./Core/Src/cvout.o
 .debug_macro   0x00000f38       0x22 ./Core/Src/cvout.o
 .debug_macro   0x00000f5a       0x8e ./Core/Src/cvout.o
 .debug_macro   0x00000fe8       0x51 ./Core/Src/cvout.o
 .debug_macro   0x00001039      0x103 ./Core/Src/cvout.o
 .debug_macro   0x0000113c       0x6a ./Core/Src/cvout.o
 .debug_macro   0x000011a6      0x1df ./Core/Src/cvout.o
 .debug_macro   0x00001385       0x1c ./Core/Src/cvout.o
 .debug_macro   0x000013a1       0x22 ./Core/Src/cvout.o
 .debug_macro   0x000013c3       0xbd ./Core/Src/cvout.o
 .debug_macro   0x00001480      0xd23 ./Core/Src/cvout.o
 .debug_macro   0x000021a3    0x14912 ./Core/Src/cvout.o
 .debug_macro   0x00016ab5       0x6d ./Core/Src/cvout.o
 .debug_macro   0x00016b22     0x34a2 ./Core/Src/cvout.o
 .debug_macro   0x00019fc4      0x190 ./Core/Src/cvout.o
 .debug_macro   0x0001a154       0x5c ./Core/Src/cvout.o
 .debug_macro   0x0001a1b0      0x5bc ./Core/Src/cvout.o
 .debug_macro   0x0001a76c      0x644 ./Core/Src/cvout.o
 .debug_macro   0x0001adb0      0x1cb ./Core/Src/cvout.o
 .debug_macro   0x0001af7b      0x114 ./Core/Src/cvout.o
 .debug_macro   0x0001b08f      0x214 ./Core/Src/cvout.o
 .debug_macro   0x0001b2a3       0x27 ./Core/Src/cvout.o
 .debug_macro   0x0001b2ca      0x13c ./Core/Src/cvout.o
 .debug_macro   0x0001b406      0x1bc ./Core/Src/cvout.o
 .debug_macro   0x0001b5c2       0x30 ./Core/Src/cvout.o
 .debug_macro   0x0001b5f2       0x3c ./Core/Src/cvout.o
 .debug_macro   0x0001b62e       0x57 ./Core/Src/cvout.o
 .debug_macro   0x0001b685      0x46a ./Core/Src/cvout.o
 .debug_macro   0x0001baef      0x1c3 ./Core/Src/cvout.o
 .debug_macro   0x0001bcb2       0x87 ./Core/Src/cvout.o
 .debug_macro   0x0001bd39      0x24f ./Core/Src/cvout.o
 .debug_macro   0x0001bf88      0x140 ./Core/Src/cvout.o
 .debug_macro   0x0001c0c8      0x217 ./Core/Src/cvout.o
 .debug_macro   0x0001c2df      0x8ed ./Core/Src/cvout.o
 .debug_macro   0x0001cbcc      0x28e ./Core/Src/cvout.o
 .debug_macro   0x0001ce5a      0x215 ./Core/Src/cvout.o
 .debug_macro   0x0001d06f       0x82 ./Core/Src/cvout.o
 .debug_macro   0x0001d0f1       0xdf ./Core/Src/cvout.o
 .debug_macro   0x0001d1d0      0x2a8 ./Core/Src/dpot_mcp41hv.o
 .debug_macro   0x0001d478       0x22 ./Core/Src/dpot_mcp41hv.o
 .debug_macro   0x0001d49a       0x10 ./Core/Src/dpot_mcp41hv.o
 .debug_macro   0x0001d4aa       0x61 ./Core/Src/dpot_mcp41hv.o
 .debug_macro   0x0001d50b       0x24 ./Core/Src/dpot_mcp41hv.o
 .debug_macro   0x0001d52f       0x43 ./Core/Src/dpot_mcp41hv.o
 .debug_macro   0x0001d572       0x34 ./Core/Src/dpot_mcp41hv.o
 .debug_macro   0x0001d5a6      0x370 ./Core/Src/dpot_mcp41hv.o
 .debug_macro   0x0001d916       0x16 ./Core/Src/dpot_mcp41hv.o
 .debug_macro   0x0001d92c       0x4a ./Core/Src/dpot_mcp41hv.o
 .debug_macro   0x0001d976       0x34 ./Core/Src/dpot_mcp41hv.o
 .debug_macro   0x0001d9aa       0x10 ./Core/Src/dpot_mcp41hv.o
 .debug_macro   0x0001d9ba       0x58 ./Core/Src/dpot_mcp41hv.o
 .debug_macro   0x0001da12       0x8e ./Core/Src/dpot_mcp41hv.o
 .debug_macro   0x0001daa0       0x1c ./Core/Src/dpot_mcp41hv.o
 .debug_macro   0x0001dabc      0x185 ./Core/Src/dpot_mcp41hv.o
 .debug_macro   0x0001dc41      0x19b ./Core/Src/dpot_mcp41hv.o
 .debug_macro   0x0001dddc      0x1fe ./Core/Src/footswitch.o
 .debug_macro   0x0001dfda      0x2b2 ./Core/Src/led.o
 .debug_macro   0x0001e28c       0x16 ./Core/Src/led.o
 .debug_macro   0x0001e2a2      0x2b7 ./Core/Src/led_demo.o
 .debug_macro   0x0001e559      0x2bc ./Core/Src/led_rgb.o
 .debug_macro   0x0001e815      0x31f ./Core/Src/main.o
 .debug_macro   0x0001eb34      0x13c ./Core/Src/main.o
 .debug_macro   0x0001ec70       0x1c ./Core/Src/main.o
 .debug_macro   0x0001ec8c       0x10 ./Core/Src/main.o
 .debug_macro   0x0001ec9c       0x16 ./Core/Src/main.o
 .debug_macro   0x0001ecb2       0x10 ./Core/Src/main.o
 .debug_macro   0x0001ecc2       0x58 ./Core/Src/main.o
 .debug_macro   0x0001ed1a       0x8b ./Core/Src/midi.o
 .debug_macro   0x0001eda5      0x2a8 ./Core/Src/pot.o
 .debug_macro   0x0001f04d       0x16 ./Core/Src/pot.o
 .debug_macro   0x0001f063      0x1f4 ./Core/Src/stm32f1xx_hal_msp.o
 .debug_macro   0x0001f257      0x217 ./Core/Src/stm32f1xx_it.o
 .debug_macro   0x0001f46e      0x1e5 ./Core/Src/system_stm32f1xx.o
 .debug_macro   0x0001f653      0x209 ./Drivers/STM32F1xx_HAL_Driver/Src/stm32f1xx_hal.o
 .debug_macro   0x0001f85c      0x202 ./Drivers/STM32F1xx_HAL_Driver/Src/stm32f1xx_hal_adc.o
 .debug_macro   0x0001fa5e      0x1f7 ./Drivers/STM32F1xx_HAL_Driver/Src/stm32f1xx_hal_adc_ex.o
 .debug_macro   0x0001fc55      0x1e5 ./Drivers/STM32F1xx_HAL_Driver/Src/stm32f1xx_hal_cortex.o
 .debug_macro   0x0001fe3a      0x250 ./Drivers/STM32F1xx_HAL_Driver/Src/stm32f1xx_hal_gpio.o
 .debug_macro   0x0002008a      0x1f1 ./Drivers/STM32F1xx_HAL_Driver/Src/stm32f1xx_hal_pcd.o
 .debug_macro   0x0002027b      0x1f7 ./Drivers/STM32F1xx_HAL_Driver/Src/stm32f1xx_hal_rcc.o
 .debug_macro   0x00020472      0x1e5 ./Drivers/STM32F1xx_HAL_Driver/Src/stm32f1xx_hal_rcc_ex.o
 .debug_macro   0x00020657      0x1ed ./Drivers/STM32F1xx_HAL_Driver/Src/stm32f1xx_hal_spi.o
 .debug_macro   0x00020844      0x1e6 ./Drivers/STM32F1xx_HAL_Driver/Src/stm32f1xx_hal_tim.o
 .debug_macro   0x00020a2a      0x1e5 ./Drivers/STM32F1xx_HAL_Driver/Src/stm32f1xx_hal_tim_ex.o
 .debug_macro   0x00020c0f      0x1e6 ./Drivers/STM32F1xx_HAL_Driver/Src/stm32f1xx_hal_uart.o
 .debug_macro   0x00020df5      0x1e5 ./Drivers/STM32F1xx_HAL_Driver/Src/stm32f1xx_ll_usb.o

.debug_line     0x00000000    0x15559
 .debug_line    0x00000000      0x606 ./Core/Src/cvout.o
 .debug_line    0x00000606      0x6e5 ./Core/Src/dpot_mcp41hv.o
 .debug_line    0x00000ceb      0x5fb ./Core/Src/footswitch.o
 .debug_line    0x000012e6      0x7fa ./Core/Src/led.o
 .debug_line    0x00001ae0      0x6f9 ./Core/Src/led_demo.o
 .debug_line    0x000021d9      0x6df ./Core/Src/led_rgb.o
 .debug_line    0x000028b8      0xde0 ./Core/Src/main.o
 .debug_line    0x00003698      0x48e ./Core/Src/midi.o
 .debug_line    0x00003b26      0x6f0 ./Core/Src/pot.o
 .debug_line    0x00004216      0x7b5 ./Core/Src/stm32f1xx_hal_msp.o
 .debug_line    0x000049cb      0x685 ./Core/Src/stm32f1xx_it.o
 .debug_line    0x00005050      0x61e ./Core/Src/system_stm32f1xx.o
 .debug_line    0x0000566e       0x78 ./Core/Startup/startup_stm32f105rbtx.o
 .debug_line    0x000056e6      0x81a ./Drivers/STM32F1xx_HAL_Driver/Src/stm32f1xx_hal.o
 .debug_line    0x00005f00      0xe3d ./Drivers/STM32F1xx_HAL_Driver/Src/stm32f1xx_hal_adc.o
 .debug_line    0x00006d3d      0xb5f ./Drivers/STM32F1xx_HAL_Driver/Src/stm32f1xx_hal_adc_ex.o
 .debug_line    0x0000789c      0x9e2 ./Drivers/STM32F1xx_HAL_Driver/Src/stm32f1xx_hal_cortex.o
 .debug_line    0x0000827e      0x875 ./Drivers/STM32F1xx_HAL_Driver/Src/stm32f1xx_hal_gpio.o
 .debug_line    0x00008af3     0x10db ./Drivers/STM32F1xx_HAL_Driver/Src/stm32f1xx_hal_pcd.o
 .debug_line    0x00009bce      0xe24 ./Drivers/STM32F1xx_HAL_Driver/Src/stm32f1xx_hal_rcc.o
 .debug_line    0x0000a9f2      0xa96 ./Drivers/STM32F1xx_HAL_Driver/Src/stm32f1xx_hal_rcc_ex.o
 .debug_line    0x0000b488     0x1aaf ./Drivers/STM32F1xx_HAL_Driver/Src/stm32f1xx_hal_spi.o
 .debug_line    0x0000cf37     0x3353 ./Drivers/STM32F1xx_HAL_Driver/Src/stm32f1xx_hal_tim.o
 .debug_line    0x0001028a     0x1710 ./Drivers/STM32F1xx_HAL_Driver/Src/stm32f1xx_hal_tim_ex.o
 .debug_line    0x0001199a     0x2334 ./Drivers/STM32F1xx_HAL_Driver/Src/stm32f1xx_hal_uart.o
 .debug_line    0x00013cce     0x188b ./Drivers/STM32F1xx_HAL_Driver/Src/stm32f1xx_ll_usb.o

.debug_str      0x00000000    0xbcc0a
 .debug_str     0x00000000    0xbcc0a ./Core/Src/cvout.o
                              0xb3812 (size before relaxing)
 .debug_str     0x000bcc0a    0xb71fc ./Core/Src/dpot_mcp41hv.o
 .debug_str     0x000bcc0a    0xb3459 ./Core/Src/footswitch.o
 .debug_str     0x000bcc0a    0xb7356 ./Core/Src/led.o
 .debug_str     0x000bcc0a    0xb72c0 ./Core/Src/led_demo.o
 .debug_str     0x000bcc0a    0xb7357 ./Core/Src/led_rgb.o
 .debug_str     0x000bcc0a    0xb8f18 ./Core/Src/main.o
 .debug_str     0x000bcc0a     0x4071 ./Core/Src/midi.o
 .debug_str     0x000bcc0a    0xb711a ./Core/Src/pot.o
 .debug_str     0x000bcc0a    0xb46a3 ./Core/Src/stm32f1xx_hal_msp.o
 .debug_str     0x000bcc0a    0xb39b7 ./Core/Src/stm32f1xx_it.o
 .debug_str     0x000bcc0a    0xb3404 ./Core/Src/system_stm32f1xx.o
 .debug_str     0x000bcc0a       0x83 ./Core/Startup/startup_stm32f105rbtx.o
 .debug_str     0x000bcc0a    0xb3bde ./Drivers/STM32F1xx_HAL_Driver/Src/stm32f1xx_hal.o
 .debug_str     0x000bcc0a    0xb3aad ./Drivers/STM32F1xx_HAL_Driver/Src/stm32f1xx_hal_adc.o
 .debug_str     0x000bcc0a    0xb3a7d ./Drivers/STM32F1xx_HAL_Driver/Src/stm32f1xx_hal_adc_ex.o
 .debug_str     0x000bcc0a    0xb3b1c ./Drivers/STM32F1xx_HAL_Driver/Src/stm32f1xx_hal_cortex.o
 .debug_str     0x000bcc0a    0xb375d ./Drivers/STM32F1xx_HAL_Driver/Src/stm32f1xx_hal_gpio.o
 .debug_str     0x000bcc0a    0xb3f19 ./Drivers/STM32F1xx_HAL_Driver/Src/stm32f1xx_hal_pcd.o
 .debug_str     0x000bcc0a    0xb3873 ./Drivers/STM32F1xx_HAL_Driver/Src/stm32f1xx_hal_rcc.o
 .debug_str     0x000bcc0a    0xb3681 ./Drivers/STM32F1xx_HAL_Driver/Src/stm32f1xx_hal_rcc_ex.o
 .debug_str     0x000bcc0a    0xb3cf5 ./Drivers/STM32F1xx_HAL_Driver/Src/stm32f1xx_hal_spi.o
 .debug_str     0x000bcc0a    0xb47fa ./Drivers/STM32F1xx_HAL_Driver/Src/stm32f1xx_hal_tim.o
 .debug_str     0x000bcc0a    0xb4006 ./Drivers/STM32F1xx_HAL_Driver/Src/stm32f1xx_hal_tim_ex.o
 .debug_str     0x000bcc0a    0xb3e69 ./Drivers/STM32F1xx_HAL_Driver/Src/stm32f1xx_hal_uart.o
 .debug_str     0x000bcc0a    0xb3e43 ./Drivers/STM32F1xx_HAL_Driver/Src/stm32f1xx_ll_usb.o

.comment        0x00000000       0x43
 .comment       0x00000000       0x43 ./Core/Src/cvout.o
                                 0x44 (size before relaxing)
 .comment       0x00000043       0x44 ./Core/Src/dpot_mcp41hv.o
 .comment       0x00000043       0x44 ./Core/Src/footswitch.o
 .comment       0x00000043       0x44 ./Core/Src/led.o
 .comment       0x00000043       0x44 ./Core/Src/led_demo.o
 .comment       0x00000043       0x44 ./Core/Src/led_rgb.o
 .comment       0x00000043       0x44 ./Core/Src/main.o
 .comment       0x00000043       0x44 ./Core/Src/midi.o
 .comment       0x00000043       0x44 ./Core/Src/pot.o
 .comment       0x00000043       0x44 ./Core/Src/stm32f1xx_hal_msp.o
 .comment       0x00000043       0x44 ./Core/Src/stm32f1xx_it.o
 .comment       0x00000043       0x44 ./Core/Src/system_stm32f1xx.o
 .comment       0x00000043       0x44 ./Drivers/STM32F1xx_HAL_Driver/Src/stm32f1xx_hal.o
 .comment       0x00000043       0x44 ./Drivers/STM32F1xx_HAL_Driver/Src/stm32f1xx_hal_adc.o
 .comment       0x00000043       0x44 ./Drivers/STM32F1xx_HAL_Driver/Src/stm32f1xx_hal_adc_ex.o
 .comment       0x00000043       0x44 ./Drivers/STM32F1xx_HAL_Driver/Src/stm32f1xx_hal_cortex.o
 .comment       0x00000043       0x44 ./Drivers/STM32F1xx_HAL_Driver/Src/stm32f1xx_hal_gpio.o
 .comment       0x00000043       0x44 ./Drivers/STM32F1xx_HAL_Driver/Src/stm32f1xx_hal_pcd.o
 .comment       0x00000043       0x44 ./Drivers/STM32F1xx_HAL_Driver/Src/stm32f1xx_hal_rcc.o
 .comment       0x00000043       0x44 ./Drivers/STM32F1xx_HAL_Driver/Src/stm32f1xx_hal_rcc_ex.o
 .comment       0x00000043       0x44 ./Drivers/STM32F1xx_HAL_Driver/Src/stm32f1xx_hal_spi.o
 .comment       0x00000043       0x44 ./Drivers/STM32F1xx_HAL_Driver/Src/stm32f1xx_hal_tim.o
 .comment       0x00000043       0x44 ./Drivers/STM32F1xx_HAL_Driver/Src/stm32f1xx_hal_tim_ex.o
 .comment       0x00000043       0x44 ./Drivers/STM32F1xx_HAL_Driver/Src/stm32f1xx_hal_uart.o
 .comment       0x00000043       0x44 ./Drivers/STM32F1xx_HAL_Driver/Src/stm32f1xx_ll_usb.o

.debug_frame    0x00000000     0x5b04
 .debug_frame   0x00000000       0x5c ./Core/Src/cvout.o
 .debug_frame   0x0000005c       0xa0 ./Core/Src/dpot_mcp41hv.o
 .debug_frame   0x000000fc       0x5c ./Core/Src/footswitch.o
 .debug_frame   0x00000158      0x15c ./Core/Src/led.o
 .debug_frame   0x000002b4       0x5c ./Core/Src/led_demo.o
 .debug_frame   0x00000310       0xc8 ./Core/Src/led_rgb.o
 .debug_frame   0x000003d8      0x274 ./Core/Src/main.o
 .debug_frame   0x0000064c      0x1ac ./Core/Src/midi.o
 .debug_frame   0x000007f8       0x84 ./Core/Src/pot.o
 .debug_frame   0x0000087c      0x1d4 ./Core/Src/stm32f1xx_hal_msp.o
 .debug_frame   0x00000a50      0x144 ./Core/Src/stm32f1xx_it.o
 .debug_frame   0x00000b94       0x58 ./Core/Src/system_stm32f1xx.o
 .debug_frame   0x00000bec      0x334 ./Drivers/STM32F1xx_HAL_Driver/Src/stm32f1xx_hal.o
 .debug_frame   0x00000f20      0x40c ./Drivers/STM32F1xx_HAL_Driver/Src/stm32f1xx_hal_adc.o
 .debug_frame   0x0000132c      0x200 ./Drivers/STM32F1xx_HAL_Driver/Src/stm32f1xx_hal_adc_ex.o
 .debug_frame   0x0000152c      0x428 ./Drivers/STM32F1xx_HAL_Driver/Src/stm32f1xx_hal_cortex.o
 .debug_frame   0x00001954      0x14c ./Drivers/STM32F1xx_HAL_Driver/Src/stm32f1xx_hal_gpio.o
 .debug_frame   0x00001aa0      0x58c ./Drivers/STM32F1xx_HAL_Driver/Src/stm32f1xx_hal_pcd.o
 .debug_frame   0x0000202c      0x220 ./Drivers/STM32F1xx_HAL_Driver/Src/stm32f1xx_hal_rcc.o
 .debug_frame   0x0000224c      0x118 ./Drivers/STM32F1xx_HAL_Driver/Src/stm32f1xx_hal_rcc_ex.o
 .debug_frame   0x00002364      0x824 ./Drivers/STM32F1xx_HAL_Driver/Src/stm32f1xx_hal_spi.o
 .debug_frame   0x00002b88     0x11b8 ./Drivers/STM32F1xx_HAL_Driver/Src/stm32f1xx_hal_tim.o
 .debug_frame   0x00003d40      0x638 ./Drivers/STM32F1xx_HAL_Driver/Src/stm32f1xx_hal_tim_ex.o
 .debug_frame   0x00004378      0x944 ./Drivers/STM32F1xx_HAL_Driver/Src/stm32f1xx_hal_uart.o
 .debug_frame   0x00004cbc      0x7bc ./Drivers/STM32F1xx_HAL_Driver/Src/stm32f1xx_ll_usb.o
 .debug_frame   0x00005478      0x144 /opt/ST/STM32CubeCLT_1.18.0/GNU-tools-for-STM32/bin/../lib/gcc/arm-none-eabi/13.3.1/../../../../arm-none-eabi/lib/thumb/v7-m/nofp/libc_nano.a(libc_a-findfp.o)
 .debug_frame   0x000055bc       0x20 /opt/ST/STM32CubeCLT_1.18.0/GNU-tools-for-STM32/bin/../lib/gcc/arm-none-eabi/13.3.1/../../../../arm-none-eabi/lib/thumb/v7-m/nofp/libc_nano.a(libc_a-memset.o)
 .debug_frame   0x000055dc       0x20 /opt/ST/STM32CubeCLT_1.18.0/GNU-tools-for-STM32/bin/../lib/gcc/arm-none-eabi/13.3.1/../../../../arm-none-eabi/lib/thumb/v7-m/nofp/libc_nano.a(libc_a-errno.o)
 .debug_frame   0x000055fc       0x2c /opt/ST/STM32CubeCLT_1.18.0/GNU-tools-for-STM32/bin/../lib/gcc/arm-none-eabi/13.3.1/../../../../arm-none-eabi/lib/thumb/v7-m/nofp/libc_nano.a(libc_a-init.o)
 .debug_frame   0x00005628       0x2c /opt/ST/STM32CubeCLT_1.18.0/GNU-tools-for-STM32/bin/../lib/gcc/arm-none-eabi/13.3.1/../../../../arm-none-eabi/lib/thumb/v7-m/nofp/libm.a(libm_a-wf_exp.o)
 .debug_frame   0x00005654       0x2c /opt/ST/STM32CubeCLT_1.18.0/GNU-tools-for-STM32/bin/../lib/gcc/arm-none-eabi/13.3.1/../../../../arm-none-eabi/lib/thumb/v7-m/nofp/libm.a(libm_a-wf_pow.o)
 .debug_frame   0x00005680       0x20 /opt/ST/STM32CubeCLT_1.18.0/GNU-tools-for-STM32/bin/../lib/gcc/arm-none-eabi/13.3.1/../../../../arm-none-eabi/lib/thumb/v7-m/nofp/libm.a(libm_a-sf_finite.o)
 .debug_frame   0x000056a0       0x50 /opt/ST/STM32CubeCLT_1.18.0/GNU-tools-for-STM32/bin/../lib/gcc/arm-none-eabi/13.3.1/../../../../arm-none-eabi/lib/thumb/v7-m/nofp/libm.a(libm_a-ef_exp.o)
 .debug_frame   0x000056f0       0x78 /opt/ST/STM32CubeCLT_1.18.0/GNU-tools-for-STM32/bin/../lib/gcc/arm-none-eabi/13.3.1/../../../../arm-none-eabi/lib/thumb/v7-m/nofp/libm.a(libm_a-ef_pow.o)
 .debug_frame   0x00005768       0x28 /opt/ST/STM32CubeCLT_1.18.0/GNU-tools-for-STM32/bin/../lib/gcc/arm-none-eabi/13.3.1/../../../../arm-none-eabi/lib/thumb/v7-m/nofp/libm.a(libm_a-sf_lround.o)
 .debug_frame   0x00005790       0x2c /opt/ST/STM32CubeCLT_1.18.0/GNU-tools-for-STM32/bin/../lib/gcc/arm-none-eabi/13.3.1/../../../../arm-none-eabi/lib/thumb/v7-m/nofp/libm.a(libm_a-sf_floor.o)
 .debug_frame   0x000057bc       0xb4 /opt/ST/STM32CubeCLT_1.18.0/GNU-tools-for-STM32/bin/../lib/gcc/arm-none-eabi/13.3.1/../../../../arm-none-eabi/lib/thumb/v7-m/nofp/libm.a(libm_a-math_errf.o)
 .debug_frame   0x00005870       0x2c /opt/ST/STM32CubeCLT_1.18.0/GNU-tools-for-STM32/bin/../lib/gcc/arm-none-eabi/13.3.1/../../../../arm-none-eabi/lib/thumb/v7-m/nofp/libm.a(libm_a-sf_scalbn.o)
 .debug_frame   0x0000589c       0x20 /opt/ST/STM32CubeCLT_1.18.0/GNU-tools-for-STM32/bin/../lib/gcc/arm-none-eabi/13.3.1/../../../../arm-none-eabi/lib/thumb/v7-m/nofp/libm.a(libm_a-sf_fabs.o)
 .debug_frame   0x000058bc       0x30 /opt/ST/STM32CubeCLT_1.18.0/GNU-tools-for-STM32/bin/../lib/gcc/arm-none-eabi/13.3.1/../../../../arm-none-eabi/lib/thumb/v7-m/nofp/libm.a(libm_a-ef_sqrt.o)
 .debug_frame   0x000058ec       0x4c /opt/ST/STM32CubeCLT_1.18.0/GNU-tools-for-STM32/bin/../lib/gcc/arm-none-eabi/13.3.1/thumb/v7-m/nofp/libgcc.a(_arm_addsubsf3.o)
 .debug_frame   0x00005938       0x38 /opt/ST/STM32CubeCLT_1.18.0/GNU-tools-for-STM32/bin/../lib/gcc/arm-none-eabi/13.3.1/thumb/v7-m/nofp/libgcc.a(_arm_muldivsf3.o)
 .debug_frame   0x00005970       0xc8 /opt/ST/STM32CubeCLT_1.18.0/GNU-tools-for-STM32/bin/../lib/gcc/arm-none-eabi/13.3.1/thumb/v7-m/nofp/libgcc.a(_arm_cmpsf2.o)
 .debug_frame   0x00005a38       0x24 /opt/ST/STM32CubeCLT_1.18.0/GNU-tools-for-STM32/bin/../lib/gcc/arm-none-eabi/13.3.1/thumb/v7-m/nofp/libgcc.a(_arm_unordsf2.o)
 .debug_frame   0x00005a5c       0x24 /opt/ST/STM32CubeCLT_1.18.0/GNU-tools-for-STM32/bin/../lib/gcc/arm-none-eabi/13.3.1/thumb/v7-m/nofp/libgcc.a(_arm_fixsfsi.o)
 .debug_frame   0x00005a80       0x24 /opt/ST/STM32CubeCLT_1.18.0/GNU-tools-for-STM32/bin/../lib/gcc/arm-none-eabi/13.3.1/thumb/v7-m/nofp/libgcc.a(_arm_fixunssfsi.o)
 .debug_frame   0x00005aa4       0x2c /opt/ST/STM32CubeCLT_1.18.0/GNU-tools-for-STM32/bin/../lib/gcc/arm-none-eabi/13.3.1/thumb/v7-m/nofp/libgcc.a(_aeabi_uldivmod.o)
 .debug_frame   0x00005ad0       0x34 /opt/ST/STM32CubeCLT_1.18.0/GNU-tools-for-STM32/bin/../lib/gcc/arm-none-eabi/13.3.1/thumb/v7-m/nofp/libgcc.a(_udivmoddi4.o)

.debug_line_str
                0x00000000       0x67
 .debug_line_str
                0x00000000       0x67 ./Core/Startup/startup_stm32f105rbtx.o
