Archive member included to satisfy reference by file (symbol)

/opt/ST/STM32CubeCLT_1.18.0/GNU-tools-for-STM32/bin/../lib/gcc/arm-none-eabi/13.3.1/../../../../arm-none-eabi/lib/thumb/v7-m/nofp/libc_nano.a(libc_a-exit.o)
                              /opt/ST/STM32CubeCLT_1.18.0/GNU-tools-for-STM32/bin/../lib/gcc/arm-none-eabi/13.3.1/../../../../arm-none-eabi/lib/thumb/v7-m/nofp/crt0.o (exit)
/opt/ST/STM32CubeCLT_1.18.0/GNU-tools-for-STM32/bin/../lib/gcc/arm-none-eabi/13.3.1/../../../../arm-none-eabi/lib/thumb/v7-m/nofp/libc_nano.a(libc_a-findfp.o)
                              /opt/ST/STM32CubeCLT_1.18.0/GNU-tools-for-STM32/bin/../lib/gcc/arm-none-eabi/13.3.1/../../../../arm-none-eabi/lib/thumb/v7-m/nofp/libc_nano.a(libc_a-exit.o) (__stdio_exit_handler)
/opt/ST/STM32CubeCLT_1.18.0/GNU-tools-for-STM32/bin/../lib/gcc/arm-none-eabi/13.3.1/../../../../arm-none-eabi/lib/thumb/v7-m/nofp/libc_nano.a(libc_a-fwalk.o)
                              /opt/ST/STM32CubeCLT_1.18.0/GNU-tools-for-STM32/bin/../lib/gcc/arm-none-eabi/13.3.1/../../../../arm-none-eabi/lib/thumb/v7-m/nofp/libc_nano.a(libc_a-findfp.o) (_fwalk_sglue)
/opt/ST/STM32CubeCLT_1.18.0/GNU-tools-for-STM32/bin/../lib/gcc/arm-none-eabi/13.3.1/../../../../arm-none-eabi/lib/thumb/v7-m/nofp/libc_nano.a(libc_a-memset.o)
                              /opt/ST/STM32CubeCLT_1.18.0/GNU-tools-for-STM32/bin/../lib/gcc/arm-none-eabi/13.3.1/../../../../arm-none-eabi/lib/thumb/v7-m/nofp/crt0.o (memset)
/opt/ST/STM32CubeCLT_1.18.0/GNU-tools-for-STM32/bin/../lib/gcc/arm-none-eabi/13.3.1/../../../../arm-none-eabi/lib/thumb/v7-m/nofp/libc_nano.a(libc_a-errno.o)
                              ./Core/Src/syscalls.o (__errno)
/opt/ST/STM32CubeCLT_1.18.0/GNU-tools-for-STM32/bin/../lib/gcc/arm-none-eabi/13.3.1/../../../../arm-none-eabi/lib/thumb/v7-m/nofp/libc_nano.a(libc_a-init.o)
                              /opt/ST/STM32CubeCLT_1.18.0/GNU-tools-for-STM32/bin/../lib/gcc/arm-none-eabi/13.3.1/../../../../arm-none-eabi/lib/thumb/v7-m/nofp/crt0.o (__libc_init_array)
/opt/ST/STM32CubeCLT_1.18.0/GNU-tools-for-STM32/bin/../lib/gcc/arm-none-eabi/13.3.1/../../../../arm-none-eabi/lib/thumb/v7-m/nofp/libc_nano.a(libc_a-lock.o)
                              /opt/ST/STM32CubeCLT_1.18.0/GNU-tools-for-STM32/bin/../lib/gcc/arm-none-eabi/13.3.1/../../../../arm-none-eabi/lib/thumb/v7-m/nofp/libc_nano.a(libc_a-findfp.o) (__retarget_lock_init_recursive)
/opt/ST/STM32CubeCLT_1.18.0/GNU-tools-for-STM32/bin/../lib/gcc/arm-none-eabi/13.3.1/../../../../arm-none-eabi/lib/thumb/v7-m/nofp/libc_nano.a(libc_a-impure.o)
                              /opt/ST/STM32CubeCLT_1.18.0/GNU-tools-for-STM32/bin/../lib/gcc/arm-none-eabi/13.3.1/../../../../arm-none-eabi/lib/thumb/v7-m/nofp/libc_nano.a(libc_a-errno.o) (_impure_ptr)
/opt/ST/STM32CubeCLT_1.18.0/GNU-tools-for-STM32/bin/../lib/gcc/arm-none-eabi/13.3.1/../../../../arm-none-eabi/lib/thumb/v7-m/nofp/libc_nano.a(libc_a-mallocr.o)
                              /opt/ST/STM32CubeCLT_1.18.0/GNU-tools-for-STM32/bin/../lib/gcc/arm-none-eabi/13.3.1/../../../../arm-none-eabi/lib/thumb/v7-m/nofp/libc_nano.a(libc_a-findfp.o) (_malloc_r)
/opt/ST/STM32CubeCLT_1.18.0/GNU-tools-for-STM32/bin/../lib/gcc/arm-none-eabi/13.3.1/../../../../arm-none-eabi/lib/thumb/v7-m/nofp/libc_nano.a(libc_a-fflush.o)
                              /opt/ST/STM32CubeCLT_1.18.0/GNU-tools-for-STM32/bin/../lib/gcc/arm-none-eabi/13.3.1/../../../../arm-none-eabi/lib/thumb/v7-m/nofp/libc_nano.a(libc_a-findfp.o) (_fflush_r)
/opt/ST/STM32CubeCLT_1.18.0/GNU-tools-for-STM32/bin/../lib/gcc/arm-none-eabi/13.3.1/../../../../arm-none-eabi/lib/thumb/v7-m/nofp/libc_nano.a(libc_a-mlock.o)
                              /opt/ST/STM32CubeCLT_1.18.0/GNU-tools-for-STM32/bin/../lib/gcc/arm-none-eabi/13.3.1/../../../../arm-none-eabi/lib/thumb/v7-m/nofp/libc_nano.a(libc_a-mallocr.o) (__malloc_lock)
/opt/ST/STM32CubeCLT_1.18.0/GNU-tools-for-STM32/bin/../lib/gcc/arm-none-eabi/13.3.1/../../../../arm-none-eabi/lib/thumb/v7-m/nofp/libc_nano.a(libc_a-stdio.o)
                              /opt/ST/STM32CubeCLT_1.18.0/GNU-tools-for-STM32/bin/../lib/gcc/arm-none-eabi/13.3.1/../../../../arm-none-eabi/lib/thumb/v7-m/nofp/libc_nano.a(libc_a-findfp.o) (__sread)
/opt/ST/STM32CubeCLT_1.18.0/GNU-tools-for-STM32/bin/../lib/gcc/arm-none-eabi/13.3.1/../../../../arm-none-eabi/lib/thumb/v7-m/nofp/libc_nano.a(libc_a-lseekr.o)
                              /opt/ST/STM32CubeCLT_1.18.0/GNU-tools-for-STM32/bin/../lib/gcc/arm-none-eabi/13.3.1/../../../../arm-none-eabi/lib/thumb/v7-m/nofp/libc_nano.a(libc_a-stdio.o) (_lseek_r)
/opt/ST/STM32CubeCLT_1.18.0/GNU-tools-for-STM32/bin/../lib/gcc/arm-none-eabi/13.3.1/../../../../arm-none-eabi/lib/thumb/v7-m/nofp/libc_nano.a(libc_a-readr.o)
                              /opt/ST/STM32CubeCLT_1.18.0/GNU-tools-for-STM32/bin/../lib/gcc/arm-none-eabi/13.3.1/../../../../arm-none-eabi/lib/thumb/v7-m/nofp/libc_nano.a(libc_a-stdio.o) (_read_r)
[...]
Memory Configuration

Name             Origin             Length             Attributes
RAM              0x20000000         0x00010000         xrw
FLASH            0x08000000         0x00020000         xr
*default*        0x00000000         0xffffffff

Linker script and memory map

LOAD /opt/ST/STM32CubeCLT_1.18.0/GNU-tools-for-STM32/bin/../lib/gcc/arm-none-eabi/13.3.1/thumb/v7-m/nofp/crti.o
LOAD /opt/ST/STM32CubeCLT_1.18.0/GNU-tools-for-STM32/bin/../lib/gcc/arm-none-eabi/13.3.1/thumb/v7-m/nofp/crtbegin.o
LOAD /opt/ST/STM32CubeCLT_1.18.0/GNU-tools-for-STM32/bin/../lib/gcc/arm-none-eabi/13.3.1/../../../../arm-none-eabi/lib/thumb/v7-m/nofp/crt0.o
LOAD ./Core/Src/cvout.o
LOAD ./Core/Src/dpot_mcp41hv.o
LOAD ./Core/Src/footswitch.o
LOAD ./Core/Src/led.o
LOAD ./Core/Src/led_demo.o
LOAD ./Core/Src/led_rgb.o
LOAD ./Core/Src/main.o
LOAD ./Core/Src/midi.o
LOAD ./Core/Src/pot.o
LOAD ./Core/Src/preset.o
LOAD ./Core/Src/stm32f1xx_hal_msp.o
LOAD ./Core/Src/stm32f1xx_it.o
LOAD ./Core/Src/syscalls.o
LOAD ./Core/Src/sysmem.o
LOAD ./Core/Src/system_stm32f1xx.o
LOAD ./Core/Startup/startup_stm32f105rbtx.o
LOAD ./Drivers/STM32F1xx_HAL_Driver/Src/stm32f1xx_hal.o
LOAD ./Drivers/STM32F1xx_HAL_Driver/Src/stm32f1xx_hal_adc.o
LOAD ./Drivers/STM32F1xx_HAL_Driver/Src/stm32f1xx_hal_adc_ex.o
LOAD ./Drivers/STM32F1xx_HAL_Driver/Src/stm32f1xx_hal_cortex.o
LOAD ./Drivers/STM32F1xx_HAL_Driver/Src/stm32f1xx_hal_dma.o
LOAD ./Drivers/STM32F1xx_HAL_Driver/Src/stm32f1xx_hal_exti.o
LOAD ./Drivers/STM32F1xx_HAL_Driver/Src/stm32f1xx_hal_flash.o
LOAD ./Drivers/STM32F1xx_HAL_Driver/Src/stm32f1xx_hal_flash_ex.o
LOAD ./Drivers/STM32F1xx_HAL_Driver/Src/stm32f1xx_hal_gpio.o
LOAD ./Drivers/STM32F1xx_HAL_Driver/Src/stm32f1xx_hal_gpio_ex.o
LOAD ./Drivers/STM32F1xx_HAL_Driver/Src/stm32f1xx_hal_pcd.o
LOAD ./Drivers/STM32F1xx_HAL_Driver/Src/stm32f1xx_hal_pcd_ex.o
LOAD ./Drivers/STM32F1xx_HAL_Driver/Src/stm32f1xx_hal_pwr.o
LOAD ./Drivers/STM32F1xx_HAL_Driver/Src/stm32f1xx_hal_rcc.o
LOAD ./Drivers/STM32F1xx_HAL_Driver/Src/stm32f1xx_hal_rcc_ex.o
LOAD ./Drivers/STM32F1xx_HAL_Driver/Src/stm32f1xx_hal_spi.o
LOAD ./Drivers/STM32F1xx_HAL_Driver/Src/stm32f1xx_hal_tim.o
LOAD ./Drivers/STM32F1xx_HAL_Driver/Src/stm32f1xx_hal_tim_ex.o
LOAD ./Drivers/STM32F1xx_HAL_Driver/Src/stm32f1xx_hal_uart.o
LOAD ./Drivers/STM32F1xx_HAL_Driver/Src/stm32f1xx_ll_usb.o
START GROUP
LOAD /opt/ST/STM32CubeCLT_1.18.0/GNU-tools-for-STM32/bin/../lib/gcc/arm-none-eabi/13.3.1/../../../../arm-none-eabi/lib/thumb/v7-m/nofp/libc_nano.a
LOAD /opt/ST/STM32CubeCLT_1.18.0/GNU-tools-for-STM32/bin/../lib/gcc/arm-none-eabi/13.3.1/../../../../arm-none-eabi/lib/thumb/v7-m/nofp/libm.a
END GROUP
START GROUP
LOAD /opt/ST/STM32CubeCLT_1.18.0/GNU-tools-for-STM32/bin/../lib/gcc/arm-none-eabi/13.3.1/thumb/v7-m/nofp/libgcc.a
LOAD /opt/ST/STM32CubeCLT_1.18.0/GNU-tools-for-STM32/bin/../lib/gcc/arm-none-eabi/13.3.1/../../../../arm-none-eabi/lib/thumb/v7-m/nofp/libc_nano.a
END GROUP
START GROUP
LOAD /opt/ST/STM32CubeCLT_1.18.0/GNU-tools-for-STM32/bin/../lib/gcc/arm-none-eabi/13.3.1/thumb/v7-m/nofp/libgcc.a
LOAD /opt/ST/STM32CubeCLT_1.18.0/GNU-tools-for-STM32/bin/../lib/gcc/arm-none-eabi/13.3.1/../../../../arm-none-eabi/lib/thumb/v7-m/nofp/libc_nano.a
LOAD /opt/ST/STM32CubeCLT_1.18.0/GNU-tools-for-STM32/bin/../lib/gcc/arm-none-eabi/13.3.1/../../../../arm-none-eabi/lib/thumb/v7-m/nofp/libnosys.a
END GROUP
START GROUP
LOAD /opt/ST/STM32CubeCLT_1.18.0/GNU-tools-for-STM32/bin/../lib/gcc/arm-none-eabi/13.3.1/thumb/v7-m/nofp/libgcc.a
LOAD /opt/ST/STM32CubeCLT_1.18.0/GNU-tools-for-STM32/bin/../lib/gcc/arm-none-eabi/13.3.1/../../../../arm-none-eabi/lib/thumb/v7-m/nofp/libc_nano.a
LOAD /opt/ST/STM32CubeCLT_1.18.0/GNU-tools-for-STM32/bin/../lib/gcc/arm-none-eabi/13.3.1/../../../../arm-none-eabi/lib/thumb/v7-m/nofp/libnosys.a
END GROUP
LOAD /opt/ST/STM32CubeCLT_1.18.0/GNU-tools-for-STM32/bin/../lib/gcc/arm-none-eabi/13.3.1/thumb/v7-m/nofp/crtend.o
LOAD /opt/ST/STM32CubeCLT_1.18.0/GNU-tools-for-STM32/bin/../lib/gcc/arm-none-eabi/13.3.1/thumb/v7-m/nofp/crtn.o
                0x20010000                        _estack = (ORIGIN (RAM) + LENGTH (RAM))
                0x00000200                        _Min_Heap_Size = 0x200
                0x00000400                        _Min_Stack_Size = 0x400

.isr_vector     0x08000000      0x1e4
                0x08000000                        . = ALIGN (0x4)
 *(.isr_vector)
 .isr_vector    0x08000000      0x1e4 ./Core/Startup/startup_stm32f105rbtx.o
                0x08000000                g_pfnVectors
                0x080001e4                        . = ALIGN (0x4)

.text           0x080001e4     0x773c
                0x080001e4                        . = ALIGN (0x4)
 *(.text)
 .text          0x080001e4       0x40 /opt/ST/STM32CubeCLT_1.18.0/GNU-tools-for-STM32/bin/../lib/gcc/arm-none-eabi/13.3.1/thumb/v7-m/nofp/crtbegin.o
 .text          0x08000224      0x21c /opt/ST/STM32CubeCLT_1.18.0/GNU-tools-for-STM32/bin/../lib/gcc/arm-none-eabi/13.3.1/thumb/v7-m/nofp/libgcc.a(_arm_addsubsf3.o)
                0x08000224                __aeabi_frsub
                0x0800022c                __aeabi_fsub
                0x0800022c                __subsf3
                0x08000230                __aeabi_fadd
                0x08000230                __addsf3
                0x08000390                __aeabi_ui2f
                0x08000390                __floatunsisf
                0x08000398                __floatsisf
                0x08000398                __aeabi_i2f
                0x080003b4                __aeabi_ul2f
                0x080003b4                __floatundisf
                0x080003c4                __aeabi_l2f
                0x080003c4                __floatdisf
 .text          0x08000440      0x2a0 /opt/ST/STM32CubeCLT_1.18.0/GNU-tools-for-STM32/bin/../lib/gcc/arm-none-eabi/13.3.1/thumb/v7-m/nofp/libgcc.a(_arm_muldivsf3.o)
                0x08000440                __mulsf3
                0x08000440                __aeabi_fmul
                0x080005a8                __divsf3
                0x080005a8                __aeabi_fdiv
 .text          0x080006e0       0xec /opt/ST/STM32CubeCLT_1.18.0/GNU-tools-for-STM32/bin/../lib/gcc/arm-none-eabi/13.3.1/thumb/v7-m/nofp/libgcc.a(_arm_cmpsf2.o)
                0x080006e0                __gesf2
                0x080006e0                __gtsf2
                0x080006e8                __ltsf2
                0x080006e8                __lesf2
                0x080006f0                __nesf2
                0x080006f0                __eqsf2
                0x080006f0                __cmpsf2
                0x08000750                __aeabi_cfrcmple
                0x08000758                __aeabi_cfcmpeq
                0x08000758                __aeabi_cfcmple
                0x08000768                __aeabi_fcmpeq
                0x0800077c                __aeabi_fcmplt
                0x08000790                __aeabi_fcmple
                0x080007a4                __aeabi_fcmpge
                0x080007b8                __aeabi_fcmpgt
 .text          0x080007cc       0x2c /opt/ST/STM32CubeCLT_1.18.0/GNU-tools-for-STM32/bin/../lib/gcc/arm-none-eabi/13.3.1/thumb/v7-m/nofp/libgcc.a(_arm_unordsf2.o)
                0x080007cc                __aeabi_fcmpun
                0x080007cc                __unordsf2
 .text          0x080007f8       0x4c /opt/ST/STM32CubeCLT_1.18.0/GNU-tools-for-STM32/bin/../lib/gcc/arm-none-eabi/13.3.1/thumb/v7-m/nofp/libgcc.a(_arm_fixsfsi.o)
                0x080007f8                __fixsfsi
                0x080007f8                __aeabi_f2iz
 .text          0x08000844       0x40 /opt/ST/STM32CubeCLT_1.18.0/GNU-tools-for-STM32/bin/../lib/gcc/arm-none-eabi/13.3.1/thumb/v7-m/nofp/libgcc.a(_arm_fixunssfsi.o)
                0x08000844                __aeabi_f2uiz
                0x08000844                __fixunssfsi
 .text          0x08000884       0x30 /opt/ST/STM32CubeCLT_1.18.0/GNU-tools-for-STM32/bin/../lib/gcc/arm-none-eabi/13.3.1/thumb/v7-m/nofp/libgcc.a(_aeabi_uldivmod.o)
                0x08000884                __aeabi_uldivmod
 .text          0x080008b4      0x300 /opt/ST/STM32CubeCLT_1.18.0/GNU-tools-for-STM32/bin/../lib/gcc/arm-none-eabi/13.3.1/thumb/v7-m/nofp/libgcc.a(_udivmoddi4.o)
                0x080008b4                __udivmoddi4
 .text          0x08000bb4        0x4 /opt/ST/STM32CubeCLT_1.18.0/GNU-tools-for-STM32/bin/../lib/gcc/arm-none-eabi/13.3.1/thumb/v7-m/nofp/libgcc.a(_dvmd_tls.o)
                0x08000bb4                __aeabi_ldiv0
                0x08000bb4                __aeabi_idiv0
 *(.text*)
 .text.cvout_init
                0x08000bb8       0x38 ./Core/Src/cvout.o
                0x08000bb8                cvout_init
 .text.cvout_set
                0x08000bf0      0x126 ./Core/Src/cvout.o
                0x08000bf0                cvout_set
 .text.mcp41hv_init
                0x08000d16       0x3c ./Core/Src/dpot_mcp41hv.o
                0x08000d16                mcp41hv_init
 .text.mcp41hv_write
                0x08000d52       0x62 ./Core/Src/dpot_mcp41hv.o
                0x08000d52                mcp41hv_write
 .text.mcp41hv_set_code
                0x08000db4       0x3c ./Core/Src/dpot_mcp41hv.o
                0x08000db4                mcp41hv_set_code
 .text.fsw_init
                0x08000df0       0x50 ./Core/Src/footswitch.o
                0x08000df0                fsw_init
 .text.fsw_poll
                0x08000e40       0xcc ./Core/Src/footswitch.o
                0x08000e40                fsw_poll
 .text.sp1513_gamma22
                0x08000f0c       0x4c ./Core/Src/led.o
 .text.clamp_01
                0x08000f58       0x3e ./Core/Src/led.o
 *fill*         0x08000f96        0x2 
 .text.apply_exponential
                0x08000f98       0x54 ./Core/Src/led.o
 .text.apply_curve
                0x08000fec       0x36 ./Core/Src/led.o
 .text.write_duty
                0x08001022       0xa6 ./Core/Src/led.o
 .text.led_init
                0x080010c8       0x52 ./Core/Src/led.o
                0x080010c8                led_init
 .text.led_setBrightness
                0x0800111a       0x6a ./Core/Src/led.o
                0x0800111a                led_setBrightness
 .text.sp1513_normalize
                0x08001184       0x5c ./Core/Src/led_rgb.o
 .text.ledrgb_init_split
                0x080011e0       0x66 ./Core/Src/led_rgb.o
                0x080011e0                ledrgb_init_split
 .text.ledrgb_init
                0x08001246       0x36 ./Core/Src/led_rgb.o
                0x08001246                ledrgb_init
 .text.ledrgb_set
                0x0800127c       0x58 ./Core/Src/led_rgb.o
                0x0800127c                ledrgb_set
 .text.ledrgb_setBrightness
                0x080012d4       0x52 ./Core/Src/led_rgb.o
                0x080012d4                ledrgb_setBrightness
 .text.ledrgb_off
                0x08001326       0x22 ./Core/Src/main.o
 .text.fsw_pressed
                0x08001348       0x16 ./Core/Src/main.o
 .text.fsw_rising
                0x0800135e       0x16 ./Core/Src/main.o
 .text.fsw_falling
                0x08001374       0x16 ./Core/Src/main.o
 .text.fsw_hold_ms
                0x0800138a       0x28 ./Core/Src/main.o
 .text.preset_mode
                0x080013b2       0x18 ./Core/Src/main.o
 *fill*         0x080013ca        0x2 
 .text.midi_apply
                0x080013cc       0xd4 ./Core/Src/main.o
 .text.set_bypass
                0x080014a0       0x34 ./Core/Src/main.o
 .text.on_midi_cc
                0x080014d4       0xf0 ./Core/Src/main.o
 .text.ctrl_smooth_tick
                0x080015c4       0xd0 ./Core/Src/main.o
                0x080015c4                ctrl_smooth_tick
 .text.ctrl_smooth_start
                0x08001694       0x70 ./Core/Src/main.o
 .text.main     0x08001704      0x634 ./Core/Src/main.o
                0x08001704                main
 .text.SystemClock_Config
                0x08001d38       0xcc ./Core/Src/main.o
                0x08001d38                SystemClock_Config
 .text.MX_ADC1_Init
                0x08001e04       0x7c ./Core/Src/main.o
 .text.MX_SPI2_Init
                0x08001e80       0x6c ./Core/Src/main.o
 .text.MX_SPI3_Init
                0x08001eec       0x70 ./Core/Src/main.o
 .text.MX_TIM2_Init
                0x08001f5c      0x108 ./Core/Src/main.o
 .text.MX_TIM3_Init
                0x08002064      0x140 ./Core/Src/main.o
 .text.MX_TIM4_Init
                0x080021a4       0xf4 ./Core/Src/main.o
 .text.MX_USART1_UART_Init
                0x08002298       0x54 ./Core/Src/main.o
 .text.MX_USB_OTG_FS_PCD_Init
                0x080022ec       0x48 ./Core/Src/main.o
 .text.MX_GPIO_Init
                0x08002334      0x130 ./Core/Src/main.o
 .text.Error_Handler
                0x08002464        0xc ./Core/Src/main.o
                0x08002464                Error_Handler
 .text.status_data_len
                0x08002470       0x28 ./Core/Src/midi.o
 .text.midi_init
                0x08002498       0x74 ./Core/Src/midi.o
                0x08002498                midi_init
 .text.midi_rx_push
                0x0800250c       0x4c ./Core/Src/midi.o
                0x0800250c                midi_rx_push
 .text.midi_set_cc_handler
                0x08002558       0x1c ./Core/Src/midi.o
                0x08002558                midi_set_cc_handler
 .text.midi_set_channel
                0x08002574       0x28 ./Core/Src/midi.o
                0x08002574                midi_set_channel
 .text.dispatch
                0x0800259c      0x14c ./Core/Src/midi.o
 .text.parse_byte
                0x080026e8       0xf4 ./Core/Src/midi.o
 .text.midi_poll
                0x080027dc       0x54 ./Core/Src/midi.o
                0x080027dc                midi_poll
 .text.pot_init
                0x08002830       0x38 ./Core/Src/pot.o
                0x08002830                pot_init
 .text.pot_read
                0x08002868      0x104 ./Core/Src/pot.o
                0x08002868                pot_read
 .text.pot_poll
                0x0800296c       0x5c ./Core/Src/pot.o
                0x0800296c                pot_poll
 .text.seed_alignment
                0x080029c8       0x6c ./Core/Src/preset.o
 .text.breathe_phase
                0x08002a34       0x5c ./Core/Src/preset.o
 .text.preset_init
                0x08002a90       0x72 ./Core/Src/preset.o
                0x08002a90                preset_init
 *fill*         0x08002b02        0x2 
 .text.preset_on_pot_move
                0x08002b04       0xc0 ./Core/Src/preset.o
                0x08002b04                preset_on_pot_move
 .text.preset_recall_toggle
                0x08002bc4       0x6e ./Core/Src/preset.o
                0x08002bc4                preset_recall_toggle
 .text.preset_hold_fired
                0x08002c32       0x7a ./Core/Src/preset.o
                0x08002c32                preset_hold_fired
 .text.preset_tick
                0x08002cac       0x50 ./Core/Src/preset.o
                0x08002cac                preset_tick
 .text.preset_value
                0x08002cfc       0x30 ./Core/Src/preset.o
                0x08002cfc                preset_value
 .text.preset_led_on
                0x08002d2c       0x22 ./Core/Src/preset.o
                0x08002d2c                preset_led_on
 *fill*         0x08002d4e        0x2 
 .text.preset_led_color
                0x08002d50       0xb4 ./Core/Src/preset.o
                0x08002d50                preset_led_color
 .text.HAL_MspInit
                0x08002e04       0x64 ./Core/Src/stm32f1xx_hal_msp.o
                0x08002e04                HAL_MspInit
 .text.HAL_ADC_MspInit
                0x08002e68       0xa8 ./Core/Src/stm32f1xx_hal_msp.o
                0x08002e68                HAL_ADC_MspInit
 .text.HAL_SPI_MspInit
                0x08002f10      0x118 ./Core/Src/stm32f1xx_hal_msp.o
                0x08002f10                HAL_SPI_MspInit
 .text.HAL_TIM_PWM_MspInit
                0x08003028       0x88 ./Core/Src/stm32f1xx_hal_msp.o
                0x08003028                HAL_TIM_PWM_MspInit
 .text.HAL_TIM_MspPostInit
                0x080030b0      0x140 ./Core/Src/stm32f1xx_hal_msp.o
                0x080030b0                HAL_TIM_MspPostInit
 .text.HAL_UART_MspInit
                0x080031f0       0x98 ./Core/Src/stm32f1xx_hal_msp.o
                0x080031f0                HAL_UART_MspInit
 .text.HAL_PCD_MspInit
                0x08003288       0x38 ./Core/Src/stm32f1xx_hal_msp.o
                0x08003288                HAL_PCD_MspInit
 .text.NMI_Handler
                0x080032c0        0x8 ./Core/Src/stm32f1xx_it.o
                0x080032c0                NMI_Handler
 .text.HardFault_Handler
                0x080032c8        0x8 ./Core/Src/stm32f1xx_it.o
                0x080032c8                HardFault_Handler
 .text.MemManage_Handler
                0x080032d0        0x8 ./Core/Src/stm32f1xx_it.o
                0x080032d0                MemManage_Handler
 .text.BusFault_Handler
                0x080032d8        0x8 ./Core/Src/stm32f1xx_it.o
                0x080032d8                BusFault_Handler
 .text.UsageFault_Handler
                0x080032e0        0x8 ./Core/Src/stm32f1xx_it.o
                0x080032e0                UsageFault_Handler
 .text.SVC_Handler
                0x080032e8        0xc ./Core/Src/stm32f1xx_it.o
                0x080032e8                SVC_Handler
 .text.DebugMon_Handler
                0x080032f4        0xc ./Core/Src/stm32f1xx_it.o
                0x080032f4                DebugMon_Handler
 .text.PendSV_Handler
                0x08003300        0xc ./Core/Src/stm32f1xx_it.o
                0x08003300                PendSV_Handler
 .text.SysTick_Handler
                0x0800330c        0xc ./Core/Src/stm32f1xx_it.o
                0x0800330c                SysTick_Handler
 .text.USART1_IRQHandler
                0x08003318       0x3c ./Core/Src/stm32f1xx_it.o
                0x08003318                USART1_IRQHandler
 .text.TIM7_IRQHandler
                0x08003354       0x24 ./Core/Src/stm32f1xx_it.o
                0x08003354                TIM7_IRQHandler
 .text.SystemInit
                0x08003378        0xc ./Core/Src/system_stm32f1xx.o
                0x08003378                SystemInit
 .text.Reset_Handler
                0x08003384       0x48 ./Core/Startup/startup_stm32f105rbtx.o
                0x08003384                Reset_Handler
 .text.Default_Handler
                0x080033cc        0x2 ./Core/Startup/startup_stm32f105rbtx.o
                0x080033cc                DMA2_Channel3_IRQHandler
                0x080033cc                EXTI2_IRQHandler
                0x080033cc                TIM1_CC_IRQHandler
                0x080033cc                TIM6_IRQHandler
                0x080033cc                PVD_IRQHandler
                0x080033cc                CAN2_RX1_IRQHandler
                0x080033cc                EXTI3_IRQHandler
                0x080033cc                EXTI0_IRQHandler
                0x080033cc                I2C2_EV_IRQHandler
                0x080033cc                CAN1_RX0_IRQHandler
                0x080033cc                CAN2_SCE_IRQHandler
                0x080033cc                ADC1_2_IRQHandler
                0x080033cc                SPI1_IRQHandler
                0x080033cc                TAMPER_IRQHandler
                0x080033cc                CAN2_RX0_IRQHandler
                0x080033cc                DMA2_Channel2_IRQHandler
                0x080033cc                DMA1_Channel4_IRQHandler
                0x080033cc                USART3_IRQHandler
                0x080033cc                RTC_IRQHandler
                0x080033cc                DMA1_Channel7_IRQHandler
                0x080033cc                CAN1_RX1_IRQHandler
                0x080033cc                UART5_IRQHandler
                0x080033cc                TIM4_IRQHandler
                0x080033cc                DMA2_Channel1_IRQHandler
                0x080033cc                I2C1_EV_IRQHandler
                0x080033cc                DMA1_Channel6_IRQHandler
                0x080033cc                UART4_IRQHandler
                0x080033cc                DMA2_Channel4_IRQHandler
                0x080033cc                TIM3_IRQHandler
                0x080033cc                RCC_IRQHandler
                0x080033cc                TIM1_TRG_COM_IRQHandler
                0x080033cc                DMA1_Channel1_IRQHandler
                0x080033cc                Default_Handler
                0x080033cc                EXTI15_10_IRQHandler
                0x080033cc                CAN2_TX_IRQHandler
                0x080033cc                TIM5_IRQHandler
                0x080033cc                EXTI9_5_IRQHandler
                0x080033cc                SPI2_IRQHandler
                0x080033cc                CAN1_TX_IRQHandler
                0x080033cc                DMA2_Channel5_IRQHandler
                0x080033cc                DMA1_Channel5_IRQHandler
                0x080033cc                EXTI4_IRQHandler
                0x080033cc                DMA1_Channel3_IRQHandler
                0x080033cc                TIM1_UP_IRQHandler
                0x080033cc                WWDG_IRQHandler
                0x080033cc                TIM2_IRQHandler
                0x080033cc                OTG_FS_WKUP_IRQHandler
                0x080033cc                TIM1_BRK_IRQHandler
                0x080033cc                EXTI1_IRQHandler
                0x080033cc                USART2_IRQHandler
                0x080033cc                I2C2_ER_IRQHandler
                0x080033cc                DMA1_Channel2_IRQHandler
                0x080033cc                CAN1_SCE_IRQHandler
                0x080033cc                FLASH_IRQHandler
                0x080033cc                OTG_FS_IRQHandler
                0x080033cc                SPI3_IRQHandler
                0x080033cc                I2C1_ER_IRQHandler
                0x080033cc                RTC_Alarm_IRQHandler
 *fill*         0x080033ce        0x2 
 .text.HAL_Init
                0x080033d0       0x2c ./Drivers/STM32F1xx_HAL_Driver/Src/stm32f1xx_hal.o
                0x080033d0                HAL_Init
 .text.HAL_InitTick
                0x080033fc       0x60 ./Drivers/STM32F1xx_HAL_Driver/Src/stm32f1xx_hal.o
                0x080033fc                HAL_InitTick
 .text.HAL_IncTick
                0x0800345c       0x24 ./Drivers/STM32F1xx_HAL_Driver/Src/stm32f1xx_hal.o
                0x0800345c                HAL_IncTick
 .text.HAL_GetTick
                0x08003480       0x14 ./Drivers/STM32F1xx_HAL_Driver/Src/stm32f1xx_hal.o
                0x08003480                HAL_GetTick
 .text.HAL_Delay
                0x08003494       0x48 ./Drivers/STM32F1xx_HAL_Driver/Src/stm32f1xx_hal.o
                0x08003494                HAL_Delay
 .text.HAL_ADC_Init
                0x080034dc      0x1b0 ./Drivers/STM32F1xx_HAL_Driver/Src/stm32f1xx_hal_adc.o
                0x080034dc                HAL_ADC_Init
 .text.HAL_ADC_Start
                0x0800368c      0x15c ./Drivers/STM32F1xx_HAL_Driver/Src/stm32f1xx_hal_adc.o
                0x0800368c                HAL_ADC_Start
 .text.HAL_ADC_Stop
                0x080037e8       0x58 ./Drivers/STM32F1xx_HAL_Driver/Src/stm32f1xx_hal_adc.o
                0x080037e8                HAL_ADC_Stop
 .text.HAL_ADC_PollForConversion
                0x08003840      0x20c ./Drivers/STM32F1xx_HAL_Driver/Src/stm32f1xx_hal_adc.o
                0x08003840                HAL_ADC_PollForConversion
 .text.HAL_ADC_GetValue
                0x08003a4c       0x18 ./Drivers/STM32F1xx_HAL_Driver/Src/stm32f1xx_hal_adc.o
                0x08003a4c                HAL_ADC_GetValue
 .text.HAL_ADC_ConfigChannel
                0x08003a64      0x1f0 ./Drivers/STM32F1xx_HAL_Driver/Src/stm32f1xx_hal_adc.o
                0x08003a64                HAL_ADC_ConfigChannel
 .text.ADC_Enable
                0x08003c54       0xb4 ./Drivers/STM32F1xx_HAL_Driver/Src/stm32f1xx_hal_adc.o
                0x08003c54                ADC_Enable
 .text.ADC_ConversionStop_Disable
                0x08003d08       0x82 ./Drivers/STM32F1xx_HAL_Driver/Src/stm32f1xx_hal_adc.o
                0x08003d08                ADC_ConversionStop_Disable
 *fill*         0x08003d8a        0x2 
 .text.HAL_ADCEx_Calibration_Start
                0x08003d8c      0x15c ./Drivers/STM32F1xx_HAL_Driver/Src/stm32f1xx_hal_adc_ex.o
                0x08003d8c                HAL_ADCEx_Calibration_Start
 .text.__NVIC_SetPriorityGrouping
                0x08003ee8       0x48 ./Drivers/STM32F1xx_HAL_Driver/Src/stm32f1xx_hal_cortex.o
 .text.__NVIC_GetPriorityGrouping
                0x08003f30       0x1c ./Drivers/STM32F1xx_HAL_Driver/Src/stm32f1xx_hal_cortex.o
 .text.__NVIC_EnableIRQ
                0x08003f4c       0x38 ./Drivers/STM32F1xx_HAL_Driver/Src/stm32f1xx_hal_cortex.o
 .text.__NVIC_SetPriority
                0x08003f84       0x54 ./Drivers/STM32F1xx_HAL_Driver/Src/stm32f1xx_hal_cortex.o
 .text.NVIC_EncodePriority
                0x08003fd8       0x64 ./Drivers/STM32F1xx_HAL_Driver/Src/stm32f1xx_hal_cortex.o
 .text.SysTick_Config
                0x0800403c       0x44 ./Drivers/STM32F1xx_HAL_Driver/Src/stm32f1xx_hal_cortex.o
 .text.HAL_NVIC_SetPriorityGrouping
                0x08004080       0x16 ./Drivers/STM32F1xx_HAL_Driver/Src/stm32f1xx_hal_cortex.o
                0x08004080                HAL_NVIC_SetPriorityGrouping
 .text.HAL_NVIC_SetPriority
                0x08004096       0x38 ./Drivers/STM32F1xx_HAL_Driver/Src/stm32f1xx_hal_cortex.o
                0x08004096                HAL_NVIC_SetPriority
 .text.HAL_NVIC_EnableIRQ
                0x080040ce       0x1c ./Drivers/STM32F1xx_HAL_Driver/Src/stm32f1xx_hal_cortex.o
                0x080040ce                HAL_NVIC_EnableIRQ
 .text.HAL_SYSTICK_Config
                0x080040ea       0x18 ./Drivers/STM32F1xx_HAL_Driver/Src/stm32f1xx_hal_cortex.o
                0x080040ea                HAL_SYSTICK_Config
 *fill*         0x08004102        0x2 
 .text.HAL_GPIO_Init
                0x08004104      0x308 ./Drivers/STM32F1xx_HAL_Driver/Src/stm32f1xx_hal_gpio.o
                0x08004104                HAL_GPIO_Init
 .text.HAL_GPIO_ReadPin
                0x0800440c       0x2e ./Drivers/STM32F1xx_HAL_Driver/Src/stm32f1xx_hal_gpio.o
                0x0800440c                HAL_GPIO_ReadPin
 .text.HAL_GPIO_WritePin
                0x0800443a       0x30 ./Drivers/STM32F1xx_HAL_Driver/Src/stm32f1xx_hal_gpio.o
                0x0800443a                HAL_GPIO_WritePin
 .text.HAL_PCD_Init
                0x0800446a      0x210 ./Drivers/STM32F1xx_HAL_Driver/Src/stm32f1xx_hal_pcd.o
                0x0800446a                HAL_PCD_Init
 *fill*         0x0800467a        0x2 
 .text.HAL_RCC_OscConfig
                0x0800467c      0x62c ./Drivers/STM32F1xx_HAL_Driver/Src/stm32f1xx_hal_rcc.o
                0x0800467c                HAL_RCC_OscConfig
 .text.HAL_RCC_ClockConfig
                0x08004ca8      0x1d4 ./Drivers/STM32F1xx_HAL_Driver/Src/stm32f1xx_hal_rcc.o
                0x08004ca8                HAL_RCC_ClockConfig
 .text.HAL_RCC_GetSysClockFreq
                0x08004e7c      0x1ec ./Drivers/STM32F1xx_HAL_Driver/Src/stm32f1xx_hal_rcc.o
                0x08004e7c                HAL_RCC_GetSysClockFreq
 .text.HAL_RCC_GetHCLKFreq
                0x08005068       0x14 ./Drivers/STM32F1xx_HAL_Driver/Src/stm32f1xx_hal_rcc.o
                0x08005068                HAL_RCC_GetHCLKFreq
 .text.HAL_RCC_GetPCLK1Freq
                0x0800507c       0x28 ./Drivers/STM32F1xx_HAL_Driver/Src/stm32f1xx_hal_rcc.o
                0x0800507c                HAL_RCC_GetPCLK1Freq
 .text.HAL_RCC_GetPCLK2Freq
                0x080050a4       0x28 ./Drivers/STM32F1xx_HAL_Driver/Src/stm32f1xx_hal_rcc.o
                0x080050a4                HAL_RCC_GetPCLK2Freq
 .text.RCC_Delay
                0x080050cc       0x3c ./Drivers/STM32F1xx_HAL_Driver/Src/stm32f1xx_hal_rcc.o
 .text.HAL_RCCEx_PeriphCLKConfig
                0x08005108      0x264 ./Drivers/STM32F1xx_HAL_Driver/Src/stm32f1xx_hal_rcc_ex.o
                0x08005108                HAL_RCCEx_PeriphCLKConfig
 .text.HAL_RCCEx_GetPeriphCLKFreq
                0x0800536c      0x2a4 ./Drivers/STM32F1xx_HAL_Driver/Src/stm32f1xx_hal_rcc_ex.o
                0x0800536c                HAL_RCCEx_GetPeriphCLKFreq
 .text.HAL_SPI_Init
                0x08005610      0x108 ./Drivers/STM32F1xx_HAL_Driver/Src/stm32f1xx_hal_spi.o
                0x08005610                HAL_SPI_Init
 .text.HAL_SPI_Transmit
                0x08005718      0x288 ./Drivers/STM32F1xx_HAL_Driver/Src/stm32f1xx_hal_spi.o
                0x08005718                HAL_SPI_Transmit
 .text.SPI_WaitFlagStateUntilTimeout
                0x080059a0      0x110 ./Drivers/STM32F1xx_HAL_Driver/Src/stm32f1xx_hal_spi.o
 .text.SPI_EndRxTxTransaction
                0x08005ab0       0x62 ./Drivers/STM32F1xx_HAL_Driver/Src/stm32f1xx_hal_spi.o
 .text.HAL_TIM_Base_Init
                0x08005b12       0x9e ./Drivers/STM32F1xx_HAL_Driver/Src/stm32f1xx_hal_tim.o
                0x08005b12                HAL_TIM_Base_Init
 .text.HAL_TIM_Base_MspInit
                0x08005bb0       0x12 ./Drivers/STM32F1xx_HAL_Driver/Src/stm32f1xx_hal_tim.o
                0x08005bb0                HAL_TIM_Base_MspInit
 *fill*         0x08005bc2        0x2 
 .text.HAL_TIM_Base_Start_IT
                0x08005bc4       0xb4 ./Drivers/STM32F1xx_HAL_Driver/Src/stm32f1xx_hal_tim.o
                0x08005bc4                HAL_TIM_Base_Start_IT
 .text.HAL_TIM_PWM_Init
                0x08005c78       0x9e ./Drivers/STM32F1xx_HAL_Driver/Src/stm32f1xx_hal_tim.o
                0x08005c78                HAL_TIM_PWM_Init
 *fill*         0x08005d16        0x2 
 .text.HAL_TIM_PWM_Start
                0x08005d18      0x154 ./Drivers/STM32F1xx_HAL_Driver/Src/stm32f1xx_hal_tim.o
                0x08005d18                HAL_TIM_PWM_Start
 .text.HAL_TIM_PWM_ConfigChannel
                0x08005e6c      0x184 ./Drivers/STM32F1xx_HAL_Driver/Src/stm32f1xx_hal_tim.o
                0x08005e6c                HAL_TIM_PWM_ConfigChannel
 .text.TIM_Base_SetConfig
                0x08005ff0       0xf0 ./Drivers/STM32F1xx_HAL_Driver/Src/stm32f1xx_hal_tim.o
                0x08005ff0                TIM_Base_SetConfig
 .text.TIM_OC1_SetConfig
                0x080060e0       0xcc ./Drivers/STM32F1xx_HAL_Driver/Src/stm32f1xx_hal_tim.o
 .text.TIM_OC2_SetConfig
                0x080061ac       0xd4 ./Drivers/STM32F1xx_HAL_Driver/Src/stm32f1xx_hal_tim.o
                0x080061ac                TIM_OC2_SetConfig
 .text.TIM_OC3_SetConfig
                0x08006280       0xd4 ./Drivers/STM32F1xx_HAL_Driver/Src/stm32f1xx_hal_tim.o
 .text.TIM_OC4_SetConfig
                0x08006354       0x9c ./Drivers/STM32F1xx_HAL_Driver/Src/stm32f1xx_hal_tim.o
 .text.TIM_CCxChannelCmd
                0x080063f0       0x48 ./Drivers/STM32F1xx_HAL_Driver/Src/stm32f1xx_hal_tim.o
                0x080063f0                TIM_CCxChannelCmd
 .text.HAL_TIMEx_MasterConfigSynchronization
                0x08006438       0xcc ./Drivers/STM32F1xx_HAL_Driver/Src/stm32f1xx_hal_tim_ex.o
                0x08006438                HAL_TIMEx_MasterConfigSynchronization
 .text.HAL_UART_Init
                0x08006504       0xa0 ./Drivers/STM32F1xx_HAL_Driver/Src/stm32f1xx_hal_uart.o
                0x08006504                HAL_UART_Init
 .text.UART_SetConfig
                0x080065a4      0x11c ./Drivers/STM32F1xx_HAL_Driver/Src/stm32f1xx_hal_uart.o
 .text.USB_CoreInit
                0x080066c0       0x44 ./Drivers/STM32F1xx_HAL_Driver/Src/stm32f1xx_ll_usb.o
                0x080066c0                USB_CoreInit
 .text.USB_DisableGlobalInt
                0x08006704       0x20 ./Drivers/STM32F1xx_HAL_Driver/Src/stm32f1xx_ll_usb.o
                0x08006704                USB_DisableGlobalInt
 .text.USB_SetCurrentMode
                0x08006724       0x98 ./Drivers/STM32F1xx_HAL_Driver/Src/stm32f1xx_ll_usb.o
                0x08006724                USB_SetCurrentMode
 .text.USB_DevInit
                0x080067bc      0x250 ./Drivers/STM32F1xx_HAL_Driver/Src/stm32f1xx_ll_usb.o
                0x080067bc                USB_DevInit
 .text.USB_FlushTxFifo
                0x08006a0c       0x62 ./Drivers/STM32F1xx_HAL_Driver/Src/stm32f1xx_ll_usb.o
                0x08006a0c                USB_FlushTxFifo
 .text.USB_FlushRxFifo
                0x08006a6e       0x5a ./Drivers/STM32F1xx_HAL_Driver/Src/stm32f1xx_ll_usb.o
                0x08006a6e                USB_FlushRxFifo
 .text.USB_SetDevSpeed
                0x08006ac8       0x30 ./Drivers/STM32F1xx_HAL_Driver/Src/stm32f1xx_ll_usb.o
                0x08006ac8                USB_SetDevSpeed
 .text.USB_DevDisconnect
                0x08006af8       0x40 ./Drivers/STM32F1xx_HAL_Driver/Src/stm32f1xx_ll_usb.o
                0x08006af8                USB_DevDisconnect
 .text.USB_GetMode
                0x08006b38       0x1a ./Drivers/STM32F1xx_HAL_Driver/Src/stm32f1xx_ll_usb.o
                0x08006b38                USB_GetMode
 .text.USB_CoreReset
                0x08006b52       0x60 ./Drivers/STM32F1xx_HAL_Driver/Src/stm32f1xx_ll_usb.o
 .text.memset   0x08006bb2       0x10 /opt/ST/STM32CubeCLT_1.18.0/GNU-tools-for-STM32/bin/../lib/gcc/arm-none-eabi/13.3.1/../../../../arm-none-eabi/lib/thumb/v7-m/nofp/libc_nano.a(libc_a-memset.o)
                0x08006bb2                memset
 *fill*         0x08006bc2        0x2 
 .text.__errno  0x08006bc4        0xc /opt/ST/STM32CubeCLT_1.18.0/GNU-tools-for-STM32/bin/../lib/gcc/arm-none-eabi/13.3.1/../../../../arm-none-eabi/lib/thumb/v7-m/nofp/libc_nano.a(libc_a-errno.o)
                0x08006bc4                __errno
 .text.__libc_init_array
                0x08006bd0       0x48 /opt/ST/STM32CubeCLT_1.18.0/GNU-tools-for-STM32/bin/../lib/gcc/arm-none-eabi/13.3.1/../../../../arm-none-eabi/lib/thumb/v7-m/nofp/libc_nano.a(libc_a-init.o)
                0x08006bd0                __libc_init_array
 .text.expf     0x08006c18       0x4c /opt/ST/STM32CubeCLT_1.18.0/GNU-tools-for-STM32/bin/../lib/gcc/arm-none-eabi/13.3.1/../../../../arm-none-eabi/lib/thumb/v7-m/nofp/libm.a(libm_a-wf_exp.o)
                0x08006c18                expf
 .text.fmodf    0x08006c64       0x36 /opt/ST/STM32CubeCLT_1.18.0/GNU-tools-for-STM32/bin/../lib/gcc/arm-none-eabi/13.3.1/../../../../arm-none-eabi/lib/thumb/v7-m/nofp/libm.a(libm_a-wf_fmod.o)
                0x08006c64                fmodf
 .text.powf     0x08006c9a       0x9a /opt/ST/STM32CubeCLT_1.18.0/GNU-tools-for-STM32/bin/../lib/gcc/arm-none-eabi/13.3.1/../../../../arm-none-eabi/lib/thumb/v7-m/nofp/libm.a(libm_a-wf_pow.o)
                0x08006c9a                powf
 .text.finitef  0x08006d34       0x10 /opt/ST/STM32CubeCLT_1.18.0/GNU-tools-for-STM32/bin/../lib/gcc/arm-none-eabi/13.3.1/../../../../arm-none-eabi/lib/thumb/v7-m/nofp/libm.a(libm_a-sf_finite.o)
                0x08006d34                finitef
 .text.__ieee754_expf
                0x08006d44      0x1f0 /opt/ST/STM32CubeCLT_1.18.0/GNU-tools-for-STM32/bin/../lib/gcc/arm-none-eabi/13.3.1/../../../../arm-none-eabi/lib/thumb/v7-m/nofp/libm.a(libm_a-ef_exp.o)
                0x08006d44                __ieee754_expf
 .text.__ieee754_fmodf
                0x08006f34      0x100 /opt/ST/STM32CubeCLT_1.18.0/GNU-tools-for-STM32/bin/../lib/gcc/arm-none-eabi/13.3.1/../../../../arm-none-eabi/lib/thumb/v7-m/nofp/libm.a(libm_a-ef_fmod.o)
                0x08006f34                __ieee754_fmodf
 .text.__ieee754_powf
                0x08007034      0x6c0 /opt/ST/STM32CubeCLT_1.18.0/GNU-tools-for-STM32/bin/../lib/gcc/arm-none-eabi/13.3.1/../../../../arm-none-eabi/lib/thumb/v7-m/nofp/libm.a(libm_a-ef_pow.o)
                0x08007034                __ieee754_powf
 .text.lroundf  0x080076f4       0x58 /opt/ST/STM32CubeCLT_1.18.0/GNU-tools-for-STM32/bin/../lib/gcc/arm-none-eabi/13.3.1/../../../../arm-none-eabi/lib/thumb/v7-m/nofp/libm.a(libm_a-sf_lround.o)
                0x080076f4                lroundf
 .text.with_errnof
                0x0800774c       0x10 /opt/ST/STM32CubeCLT_1.18.0/GNU-tools-for-STM32/bin/../lib/gcc/arm-none-eabi/13.3.1/../../../../arm-none-eabi/lib/thumb/v7-m/nofp/libm.a(libm_a-math_errf.o)
 .text.xflowf   0x0800775c       0x1a /opt/ST/STM32CubeCLT_1.18.0/GNU-tools-for-STM32/bin/../lib/gcc/arm-none-eabi/13.3.1/../../../../arm-none-eabi/lib/thumb/v7-m/nofp/libm.a(libm_a-math_errf.o)
 .text.__math_uflowf
                0x08007776        0x8 /opt/ST/STM32CubeCLT_1.18.0/GNU-tools-for-STM32/bin/../lib/gcc/arm-none-eabi/13.3.1/../../../../arm-none-eabi/lib/thumb/v7-m/nofp/libm.a(libm_a-math_errf.o)
                0x08007776                __math_uflowf
 .text.__math_oflowf
                0x0800777e        0x8 /opt/ST/STM32CubeCLT_1.18.0/GNU-tools-for-STM32/bin/../lib/gcc/arm-none-eabi/13.3.1/../../../../arm-none-eabi/lib/thumb/v7-m/nofp/libm.a(libm_a-math_errf.o)
                0x0800777e                __math_oflowf
 *fill*         0x08007786        0x2 
 .text.scalbnf  0x08007788       0x98 /opt/ST/STM32CubeCLT_1.18.0/GNU-tools-for-STM32/bin/../lib/gcc/arm-none-eabi/13.3.1/../../../../arm-none-eabi/lib/thumb/v7-m/nofp/libm.a(libm_a-sf_scalbn.o)
                0x08007788                scalbnf
 .text.fabsf    0x08007820        0x6 /opt/ST/STM32CubeCLT_1.18.0/GNU-tools-for-STM32/bin/../lib/gcc/arm-none-eabi/13.3.1/../../../../arm-none-eabi/lib/thumb/v7-m/nofp/libm.a(libm_a-sf_fabs.o)
                0x08007820                fabsf
 *fill*         0x08007826        0x2 
 .text.__ieee754_sqrtf
                0x08007828       0xe0 /opt/ST/STM32CubeCLT_1.18.0/GNU-tools-for-STM32/bin/../lib/gcc/arm-none-eabi/13.3.1/../../../../arm-none-eabi/lib/thumb/v7-m/nofp/libm.a(libm_a-ef_sqrt.o)
                0x08007828                __ieee754_sqrtf
 *(.glue_7)
 .glue_7        0x08007908        0x0 linker stubs
 *(.glue_7t)
 .glue_7t       0x08007908        0x0 linker stubs
 *(.eh_frame)
 .eh_frame      0x08007908        0x0 /opt/ST/STM32CubeCLT_1.18.0/GNU-tools-for-STM32/bin/../lib/gcc/arm-none-eabi/13.3.1/thumb/v7-m/nofp/crtbegin.o
 *(.init)
 .init          0x08007908        0x4 /opt/ST/STM32CubeCLT_1.18.0/GNU-tools-for-STM32/bin/../lib/gcc/arm-none-eabi/13.3.1/thumb/v7-m/nofp/crti.o
                0x08007908                _init
 .init          0x0800790c        0x8 /opt/ST/STM32CubeCLT_1.18.0/GNU-tools-for-STM32/bin/../lib/gcc/arm-none-eabi/13.3.1/thumb/v7-m/nofp/crtn.o
 *(.fini)
 .fini          0x08007914        0x4 /opt/ST/STM32CubeCLT_1.18.0/GNU-tools-for-STM32/bin/../lib/gcc/arm-none-eabi/13.3.1/thumb/v7-m/nofp/crti.o
                0x08007914                _fini
 .fini          0x08007918        0x8 /opt/ST/STM32CubeCLT_1.18.0/GNU-tools-for-STM32/bin/../lib/gcc/arm-none-eabi/13.3.1/thumb/v7-m/nofp/crtn.o
                0x08007920                        . = ALIGN (0x4)
                0x08007920                        _etext = .

.vfp11_veneer   0x08007920        0x0
 .vfp11_veneer  0x08007920        0x0 linker stubs

.v4_bx          0x08007920        0x0
 .v4_bx         0x08007920        0x0 linker stubs

.iplt           0x08007920        0x0
 .iplt          0x08007920        0x0 /opt/ST/STM32CubeCLT_1.18.0/GNU-tools-for-STM32/bin/../lib/gcc/arm-none-eabi/13.3.1/thumb/v7-m/nofp/crtbegin.o

.rodata         0x08007920       0xd0
                0x08007920                        . = ALIGN (0x4)
 *(.rodata)
 .rodata        0x08007920        0xc ./Core/Src/preset.o
 *(.rodata*)
 .rodata.cv_chan
                0x0800792c       0x14 ./Core/Src/main.o
 .rodata.pot_channels.1
                0x08007940       0x18 ./Core/Src/main.o
 .rodata.AHBPrescTable
                0x08007958       0x10 ./Core/Src/system_stm32f1xx.o
                0x08007958                AHBPrescTable
 .rodata.APBPrescTable
                0x08007968        0x8 ./Core/Src/system_stm32f1xx.o
                0x08007968                APBPrescTable
 .rodata.aPLLMULFactorTable.1
                0x08007970        0xe ./Drivers/STM32F1xx_HAL_Driver/Src/stm32f1xx_hal_rcc.o
 *fill*         0x0800797e        0x2 
 .rodata.aPredivFactorTable.0
                0x08007980       0x10 ./Drivers/STM32F1xx_HAL_Driver/Src/stm32f1xx_hal_rcc.o
 .rodata.aPLLMULFactorTable.1
                0x08007990        0xe ./Drivers/STM32F1xx_HAL_Driver/Src/stm32f1xx_hal_rcc_ex.o
 *fill*         0x0800799e        0x2 
 .rodata.aPredivFactorTable.0
                0x080079a0       0x10 ./Drivers/STM32F1xx_HAL_Driver/Src/stm32f1xx_hal_rcc_ex.o
 .rodata.ln2LO  0x080079b0        0x8 /opt/ST/STM32CubeCLT_1.18.0/GNU-tools-for-STM32/bin/../lib/gcc/arm-none-eabi/13.3.1/../../../../arm-none-eabi/lib/thumb/v7-m/nofp/libm.a(libm_a-ef_exp.o)
 .rodata.ln2HI  0x080079b8        0x8 /opt/ST/STM32CubeCLT_1.18.0/GNU-tools-for-STM32/bin/../lib/gcc/arm-none-eabi/13.3.1/../../../../arm-none-eabi/lib/thumb/v7-m/nofp/libm.a(libm_a-ef_exp.o)
 .rodata.halF   0x080079c0        0x8 /opt/ST/STM32CubeCLT_1.18.0/GNU-tools-for-STM32/bin/../lib/gcc/arm-none-eabi/13.3.1/../../../../arm-none-eabi/lib/thumb/v7-m/nofp/libm.a(libm_a-ef_exp.o)
 .rodata.Zero   0x080079c8        0x8 /opt/ST/STM32CubeCLT_1.18.0/GNU-tools-for-STM32/bin/../lib/gcc/arm-none-eabi/13.3.1/../../../../arm-none-eabi/lib/thumb/v7-m/nofp/libm.a(libm_a-ef_fmod.o)
 .rodata.dp_l   0x080079d0        0x8 /opt/ST/STM32CubeCLT_1.18.0/GNU-tools-for-STM32/bin/../lib/gcc/arm-none-eabi/13.3.1/../../../../arm-none-eabi/lib/thumb/v7-m/nofp/libm.a(libm_a-ef_pow.o)
 .rodata.dp_h   0x080079d8        0x8 /opt/ST/STM32CubeCLT_1.18.0/GNU-tools-for-STM32/bin/../lib/gcc/arm-none-eabi/13.3.1/../../../../arm-none-eabi/lib/thumb/v7-m/nofp/libm.a(libm_a-ef_pow.o)
 .rodata.bp     0x080079e0        0x8 /opt/ST/STM32CubeCLT_1.18.0/GNU-tools-for-STM32/bin/../lib/gcc/arm-none-eabi/13.3.1/../../../../arm-none-eabi/lib/thumb/v7-m/nofp/libm.a(libm_a-ef_pow.o)
 .rodata.tiny   0x080079e8        0x4 /opt/ST/STM32CubeCLT_1.18.0/GNU-tools-for-STM32/bin/../lib/gcc/arm-none-eabi/13.3.1/../../../../arm-none-eabi/lib/thumb/v7-m/nofp/libm.a(libm_a-ef_sqrt.o)
 .rodata.one    0x080079ec        0x4 /opt/ST/STM32CubeCLT_1.18.0/GNU-tools-for-STM32/bin/../lib/gcc/arm-none-eabi/13.3.1/../../../../arm-none-eabi/lib/thumb/v7-m/nofp/libm.a(libm_a-ef_sqrt.o)
                0x080079f0                        . = ALIGN (0x4)

.ARM.extab      0x080079f0        0x0
                0x080079f0                        . = ALIGN (0x4)
 *(.ARM.extab* .gnu.linkonce.armextab.*)
                0x080079f0                        . = ALIGN (0x4)

.ARM            0x080079f0        0x8
                0x080079f0                        . = ALIGN (0x4)
                0x080079f0                        __exidx_start = .
 *(.ARM.exidx*)
 .ARM.exidx     0x080079f0        0x8 /opt/ST/STM32CubeCLT_1.18.0/GNU-tools-for-STM32/bin/../lib/gcc/arm-none-eabi/13.3.1/thumb/v7-m/nofp/libgcc.a(_udivmoddi4.o)
                0x080079f8                        __exidx_end = .
                0x080079f8                        . = ALIGN (0x4)

.preinit_array  0x080079f8        0x0
                0x080079f8                        . = ALIGN (0x4)
                0x080079f8                        PROVIDE (__preinit_array_start = .)
 *(.preinit_array*)
                0x080079f8                        PROVIDE (__preinit_array_end = .)
                0x080079f8                        . = ALIGN (0x4)

.init_array     0x080079f8        0x4
                0x080079f8                        . = ALIGN (0x4)
                0x080079f8                        PROVIDE (__init_array_start = .)
 *(SORT_BY_NAME(.init_array.*))
 *(.init_array*)
 .init_array    0x080079f8        0x4 /opt/ST/STM32CubeCLT_1.18.0/GNU-tools-for-STM32/bin/../lib/gcc/arm-none-eabi/13.3.1/thumb/v7-m/nofp/crtbegin.o
                0x080079fc                        PROVIDE (__init_array_end = .)
                0x080079fc                        . = ALIGN (0x4)

.fini_array     0x080079fc        0x4
                0x080079fc                        . = ALIGN (0x4)
                [!provide]                        PROVIDE (__fini_array_start = .)
 *(SORT_BY_NAME(.fini_array.*))
 *(.fini_array*)
 .fini_array    0x080079fc        0x4 /opt/ST/STM32CubeCLT_1.18.0/GNU-tools-for-STM32/bin/../lib/gcc/arm-none-eabi/13.3.1/thumb/v7-m/nofp/crtbegin.o
                [!provide]                        PROVIDE (__fini_array_end = .)
                0x08007a00                        . = ALIGN (0x4)
                0x08007a00                        _sidata = LOADADDR (.data)

.rel.dyn        0x08007a00        0x0
 .rel.iplt      0x08007a00        0x0 /opt/ST/STM32CubeCLT_1.18.0/GNU-tools-for-STM32/bin/../lib/gcc/arm-none-eabi/13.3.1/thumb/v7-m/nofp/crtbegin.o

.data           0x20000000       0x6c load address 0x08007a00
                0x20000000                        . = ALIGN (0x4)
                0x20000000                        _sdata = .
 *(.data)
 *(.data*)
 .data.bypass_on
                0x20000000        0x1 ./Core/Src/main.o
                0x20000000                bypass_on
 *fill*         0x20000001        0x3 
 .data.pot_live
                0x20000004        0x6 ./Core/Src/main.o
                0x20000004                pot_live
 *fill*         0x2000000a        0x2 
 .data.bias_target
                0x2000000c        0x4 ./Core/Src/main.o
                0x2000000c                bias_target
 .data.SystemCoreClock
                0x20000010        0x4 ./Core/Src/system_stm32f1xx.o
                0x20000010                SystemCoreClock
 .data.uwTickPrio
                0x20000014        0x4 ./Drivers/STM32F1xx_HAL_Driver/Src/stm32f1xx_hal.o
                0x20000014                uwTickPrio
 .data.uwTickFreq
                0x20000018        0x1 ./Drivers/STM32F1xx_HAL_Driver/Src/stm32f1xx_hal.o
                0x20000018                uwTickFreq
 *fill*         0x20000019        0x3 
 .data._impure_ptr
                0x2000001c        0x4 /opt/ST/STM32CubeCLT_1.18.0/GNU-tools-for-STM32/bin/../lib/gcc/arm-none-eabi/13.3.1/../../../../arm-none-eabi/lib/thumb/v7-m/nofp/libc_nano.a(libc_a-impure.o)
                0x2000001c                _impure_ptr
 .data._impure_data
                0x20000020       0x4c /opt/ST/STM32CubeCLT_1.18.0/GNU-tools-for-STM32/bin/../lib/gcc/arm-none-eabi/13.3.1/../../../../arm-none-eabi/lib/thumb/v7-m/nofp/libc_nano.a(libc_a-impure.o)
                0x20000020                _impure_data
 *(.RamFunc)
 *(.RamFunc*)
                0x2000006c                        . = ALIGN (0x4)
                0x2000006c                        _edata = .

.igot.plt       0x2000006c        0x0 load address 0x08007a6c
 .igot.plt      0x2000006c        0x0 /opt/ST/STM32CubeCLT_1.18.0/GNU-tools-for-STM32/bin/../lib/gcc/arm-none-eabi/13.3.1/thumb/v7-m/nofp/crtbegin.o
                0x2000006c                        . = ALIGN (0x4)

.bss            0x2000006c      0xbfc load address 0x08007a6c
                0x2000006c                        _sbss = .
                0x2000006c                        __bss_start__ = _sbss
 *(.bss)
 .bss           0x2000006c       0x1c /opt/ST/STM32CubeCLT_1.18.0/GNU-tools-for-STM32/bin/../lib/gcc/arm-none-eabi/13.3.1/thumb/v7-m/nofp/crtbegin.o
 *(.bss*)
 .bss.hadc1     0x20000088       0x30 ./Core/Src/main.o
                0x20000088                hadc1
 .bss.hspi2     0x200000b8       0x58 ./Core/Src/main.o
                0x200000b8                hspi2
 .bss.hspi3     0x20000110       0x58 ./Core/Src/main.o
                0x20000110                hspi3
 .bss.htim2     0x20000168       0x48 ./Core/Src/main.o
                0x20000168                htim2
 .bss.htim3     0x200001b0       0x48 ./Core/Src/main.o
                0x200001b0                htim3
 .bss.htim4     0x200001f8       0x48 ./Core/Src/main.o
                0x200001f8                htim4
 .bss.huart1    0x20000240       0x48 ./Core/Src/main.o
                0x20000240                huart1
 .bss.hpcd_USB_OTG_FS
                0x20000288      0x4dc ./Core/Src/main.o
                0x20000288                hpcd_USB_OTG_FS
 .bss.led1      0x20000764       0x48 ./Core/Src/main.o
                0x20000764                led1
 .bss.led2      0x200007ac       0x48 ./Core/Src/main.o
                0x200007ac                led2
 .bss.pots      0x200007f4       0x78 ./Core/Src/main.o
                0x200007f4                pots
 .bss.sw1       0x2000086c       0x10 ./Core/Src/main.o
                0x2000086c                sw1
 .bss.sw2       0x2000087c       0x10 ./Core/Src/main.o
                0x2000087c                sw2
 .bss.preset_state
                0x2000088c       0x44 ./Core/Src/main.o
                0x2000088c                preset_state
 .bss.sw2_hold_fired
                0x200008d0        0x1 ./Core/Src/main.o
                0x200008d0                sw2_hold_fired
 .bss.preset_prev_mode
                0x200008d1        0x1 ./Core/Src/main.o
                0x200008d1                preset_prev_mode
 *fill*         0x200008d2        0x2 
 .bss.pot_baseline
                0x200008d4       0x18 ./Core/Src/main.o
                0x200008d4                pot_baseline
 .bss.hpf1      0x200008ec       0x10 ./Core/Src/main.o
                0x200008ec                hpf1
 .bss.lpf1      0x200008fc       0x10 ./Core/Src/main.o
                0x200008fc                lpf1
 .bss.lpf2      0x2000090c       0x10 ./Core/Src/main.o
                0x2000090c                lpf2
 .bss.gain      0x2000091c       0x10 ./Core/Src/main.o
                0x2000091c                gain
 .bss.volume    0x2000092c       0x10 ./Core/Src/main.o
                0x2000092c                volume
 .bss.bias      0x2000093c        0xc ./Core/Src/main.o
                0x2000093c                bias
 .bss.htim7     0x20000948       0x48 ./Core/Src/main.o
                0x20000948                htim7
 .bss.cv_target
                0x20000990       0x14 ./Core/Src/main.o
                0x20000990                cv_target
 .bss.midi_val  0x200009a4       0x18 ./Core/Src/main.o
                0x200009a4                midi_val
 .bss.midi_rx   0x200009bc        0x6 ./Core/Src/main.o
                0x200009bc                midi_rx
 *fill*         0x200009c2        0x2 
 .bss.using_midi
                0x200009c4        0x6 ./Core/Src/main.o
                0x200009c4                using_midi
 *fill*         0x200009ca        0x2 
 .bss.last_knob
                0x200009cc       0x18 ./Core/Src/main.o
                0x200009cc                last_knob
 .bss.last_midi
                0x200009e4       0x18 ./Core/Src/main.o
                0x200009e4                last_midi
 .bss.cv_smooth.2
                0x200009fc       0x14 ./Core/Src/main.o
 .bss.last_pot_ms.0
                0x20000a10        0x4 ./Core/Src/main.o
 .bss.s_rb      0x20000a14      0x100 ./Core/Src/midi.o
 .bss.s_head    0x20000b14        0x1 ./Core/Src/midi.o
 .bss.s_tail    0x20000b15        0x1 ./Core/Src/midi.o
 .bss.s_status  0x20000b16        0x1 ./Core/Src/midi.o
 *fill*         0x20000b17        0x1 
 .bss.s_data    0x20000b18        0x2 ./Core/Src/midi.o
 .bss.s_data_idx
                0x20000b1a        0x1 ./Core/Src/midi.o
 .bss.s_data_needed
                0x20000b1b        0x1 ./Core/Src/midi.o
 .bss.s_in_sysex
                0x20000b1c        0x1 ./Core/Src/midi.o
 .bss.s_accept_channel
                0x20000b1d        0x1 ./Core/Src/midi.o
 *fill*         0x20000b1e        0x2 
 .bss.s_cc_handler
                0x20000b20        0x4 ./Core/Src/midi.o
 .bss.s_note_handler
                0x20000b24        0x4 ./Core/Src/midi.o
 .bss.s_pb_handler
                0x20000b28        0x4 ./Core/Src/midi.o
 .bss.uwTick    0x20000b2c        0x4 ./Drivers/STM32F1xx_HAL_Driver/Src/stm32f1xx_hal.o
                0x20000b2c                uwTick
 .bss.__sf      0x20000b30      0x138 /opt/ST/STM32CubeCLT_1.18.0/GNU-tools-for-STM32/bin/../lib/gcc/arm-none-eabi/13.3.1/../../../../arm-none-eabi/lib/thumb/v7-m/nofp/libc_nano.a(libc_a-findfp.o)
                0x20000b30                __sf
 *(COMMON)
                0x20000c68                        . = ALIGN (0x4)
                0x20000c68                        _ebss = .
                0x20000c68                        __bss_end__ = _ebss

._user_heap_stack
                0x20000c68      0x600 load address 0x08007a6c
                0x20000c68                        . = ALIGN (0x8)
                [!provide]                        PROVIDE (end = .)
                0x20000c68                        PROVIDE (_end = .)
                0x20000e68                        . = (. + _Min_Heap_Size)
 *fill*         0x20000c68      0x200 
                0x20001268                        . = (. + _Min_Stack_Size)
 *fill*         0x20000e68      0x400 
                0x20001268                        . = ALIGN (0x8)

/DISCARD/
 libc.a(*)
 libm.a(*)
 libgcc.a(*)

.ARM.attributes
                0x00000000       0x29
 *(.ARM.attributes)
 .ARM.attributes
                0x00000000       0x1d /opt/ST/STM32CubeCLT_1.18.0/GNU-tools-for-STM32/bin/../lib/gcc/arm-none-eabi/13.3.1/thumb/v7-m/nofp/crti.o
 .ARM.attributes
                0x0000001d       0x2d /opt/ST/STM32CubeCLT_1.18.0/GNU-tools-for-STM32/bin/../lib/gcc/arm-none-eabi/13.3.1/thumb/v7-m/nofp/crtbegin.o
 .ARM.attributes
                0x0000004a       0x2d ./Core/Src/cvout.o
 .ARM.attributes
                0x00000077       0x2d ./Core/Src/dpot_mcp41hv.o
 .ARM.attributes
                0x000000a4       0x2d ./Core/Src/footswitch.o
 .ARM.attributes
                0x000000d1       0x2d ./Core/Src/led.o
 .ARM.attributes
                0x000000fe       0x2d ./Core/Src/led_rgb.o
 .ARM.attributes
                0x0000012b       0x2d ./Core/Src/main.o
 .ARM.attributes
                0x00000158       0x2d ./Core/Src/midi.o
 .ARM.attributes
                0x00000185       0x2d ./Core/Src/pot.o
 .ARM.attributes
                0x000001b2       0x2d ./Core/Src/preset.o
 .ARM.attributes
                0x000001df       0x2d ./Core/Src/stm32f1xx_hal_msp.o
 .ARM.attributes
                0x0000020c       0x2d ./Core/Src/stm32f1xx_it.o
 .ARM.attributes
                0x00000239       0x2d ./Core/Src/system_stm32f1xx.o
 .ARM.attributes
                0x00000266       0x21 ./Core/Startup/startup_stm32f105rbtx.o
 .ARM.attributes
                0x00000287       0x2d ./Drivers/STM32F1xx_HAL_Driver/Src/stm32f1xx_hal.o
 .ARM.attributes
                0x000002b4       0x2d ./Drivers/STM32F1xx_HAL_Driver/Src/stm32f1xx_hal_adc.o
 .ARM.attributes
                0x000002e1       0x2d ./Drivers/STM32F1xx_HAL_Driver/Src/stm32f1xx_hal_adc_ex.o
 .ARM.attributes
                0x0000030e       0x2d ./Drivers/STM32F1xx_HAL_Driver/Src/stm32f1xx_hal_cortex.o
 .ARM.attributes
                0x0000033b       0x2d ./Drivers/STM32F1xx_HAL_Driver/Src/stm32f1xx_hal_gpio.o
 .ARM.attributes
                0x00000368       0x2d ./Drivers/STM32F1xx_HAL_Driver/Src/stm32f1xx_hal_pcd.o
 .ARM.attributes
                0x00000395       0x2d ./Drivers/STM32F1xx_HAL_Driver/Src/stm32f1xx_hal_rcc.o
 .ARM.attributes
                0x000003c2       0x2d ./Drivers/STM32F1xx_HAL_Driver/Src/stm32f1xx_hal_rcc_ex.o
 .ARM.attributes
                0x000003ef       0x2d ./Drivers/STM32F1xx_HAL_Driver/Src/stm32f1xx_hal_spi.o
 .ARM.attributes
                0x0000041c       0x2d ./Drivers/STM32F1xx_HAL_Driver/Src/stm32f1xx_hal_tim.o
 .ARM.attributes
                0x00000449       0x2d ./Drivers/STM32F1xx_HAL_Driver/Src/stm32f1xx_hal_tim_ex.o
 .ARM.attributes
                0x00000476       0x2d ./Drivers/STM32F1xx_HAL_Driver/Src/stm32f1xx_hal_uart.o
 .ARM.attributes
                0x000004a3       0x2d ./Drivers/STM32F1xx_HAL_Driver/Src/stm32f1xx_ll_usb.o
 .ARM.attributes
                0x000004d0       0x2d /opt/ST/STM32CubeCLT_1.18.0/GNU-tools-for-STM32/bin/../lib/gcc/arm-none-eabi/13.3.1/../../../../arm-none-eabi/lib/thumb/v7-m/nofp/libc_nano.a(libc_a-findfp.o)
 .ARM.attributes
                0x000004fd       0x2d /opt/ST/STM32CubeCLT_1.18.0/GNU-tools-for-STM32/bin/../lib/gcc/arm-none-eabi/13.3.1/../../../../arm-none-eabi/lib/thumb/v7-m/nofp/libc_nano.a(libc_a-memset.o)
 .ARM.attributes
                0x0000052a       0x2d /opt/ST/STM32CubeCLT_1.18.0/GNU-tools-for-STM32/bin/../lib/gcc/arm-none-eabi/13.3.1/../../../../arm-none-eabi/lib/thumb/v7-m/nofp/libc_nano.a(libc_a-errno.o)
 .ARM.attributes
                0x00000557       0x2d /opt/ST/STM32CubeCLT_1.18.0/GNU-tools-for-STM32/bin/../lib/gcc/arm-none-eabi/13.3.1/../../../../arm-none-eabi/lib/thumb/v7-m/nofp/libc_nano.a(libc_a-init.o)
 .ARM.attributes
                0x00000584       0x2d /opt/ST/STM32CubeCLT_1.18.0/GNU-tools-for-STM32/bin/../lib/gcc/arm-none-eabi/13.3.1/../../../../arm-none-eabi/lib/thumb/v7-m/nofp/libc_nano.a(libc_a-impure.o)
 .ARM.attributes
                0x000005b1       0x2d /opt/ST/STM32CubeCLT_1.18.0/GNU-tools-for-STM32/bin/../lib/gcc/arm-none-eabi/13.3.1/../../../../arm-none-eabi/lib/thumb/v7-m/nofp/libm.a(libm_a-wf_exp.o)
 .ARM.attributes
                0x000005de       0x2d /opt/ST/STM32CubeCLT_1.18.0/GNU-tools-for-STM32/bin/../lib/gcc/arm-none-eabi/13.3.1/../../../../arm-none-eabi/lib/thumb/v7-m/nofp/libm.a(libm_a-wf_fmod.o)
 .ARM.attributes
                0x0000060b       0x2d /opt/ST/STM32CubeCLT_1.18.0/GNU-tools-for-STM32/bin/../lib/gcc/arm-none-eabi/13.3.1/../../../../arm-none-eabi/lib/thumb/v7-m/nofp/libm.a(libm_a-wf_pow.o)
 .ARM.attributes
                0x00000638       0x2d /opt/ST/STM32CubeCLT_1.18.0/GNU-tools-for-STM32/bin/../lib/gcc/arm-none-eabi/13.3.1/../../../../arm-none-eabi/lib/thumb/v7-m/nofp/libm.a(libm_a-sf_finite.o)
 .ARM.attributes
                0x00000665       0x2d /opt/ST/STM32CubeCLT_1.18.0/GNU-tools-for-STM32/bin/../lib/gcc/arm-none-eabi/13.3.1/../../../../arm-none-eabi/lib/thumb/v7-m/nofp/libm.a(libm_a-ef_exp.o)
 .ARM.attributes
                0x00000692       0x2d /opt/ST/STM32CubeCLT_1.18.0/GNU-tools-for-STM32/bin/../lib/gcc/arm-none-eabi/13.3.1/../../../../arm-none-eabi/lib/thumb/v7-m/nofp/libm.a(libm_a-ef_fmod.o)
 .ARM.attributes
                0x000006bf       0x2d /opt/ST/STM32CubeCLT_1.18.0/GNU-tools-for-STM32/bin/../lib/gcc/arm-none-eabi/13.3.1/../../../../arm-none-eabi/lib/thumb/v7-m/nofp/libm.a(libm_a-ef_pow.o)
 .ARM.attributes
                0x000006ec       0x2d /opt/ST/STM32CubeCLT_1.18.0/GNU-tools-for-STM32/bin/../lib/gcc/arm-none-eabi/13.3.1/../../../../arm-none-eabi/lib/thumb/v7-m/nofp/libm.a(libm_a-sf_lround.o)
 .ARM.attributes
                0x00000719       0x2d /opt/ST/STM32CubeCLT_1.18.0/GNU-tools-for-STM32/bin/../lib/gcc/arm-none-eabi/13.3.1/../../../../arm-none-eabi/lib/thumb/v7-m/nofp/libm.a(libm_a-math_errf.o)
 .ARM.attributes
                0x00000746       0x2d /opt/ST/STM32CubeCLT_1.18.0/GNU-tools-for-STM32/bin/../lib/gcc/arm-none-eabi/13.3.1/../../../../arm-none-eabi/lib/thumb/v7-m/nofp/libm.a(libm_a-sf_scalbn.o)
 .ARM.attributes
                0x00000773       0x2d /opt/ST/STM32CubeCLT_1.18.0/GNU-tools-for-STM32/bin/../lib/gcc/arm-none-eabi/13.3.1/../../../../arm-none-eabi/lib/thumb/v7-m/nofp/libm.a(libm_a-sf_fabs.o)
 .ARM.attributes
                0x000007a0       0x2d /opt/ST/STM32CubeCLT_1.18.0/GNU-tools-for-STM32/bin/../lib/gcc/arm-none-eabi/13.3.1/../../../../arm-none-eabi/lib/thumb/v7-m/nofp/libm.a(libm_a-ef_sqrt.o)
 .ARM.attributes
                0x000007cd       0x1d /opt/ST/STM32CubeCLT_1.18.0/GNU-tools-for-STM32/bin/../lib/gcc/arm-none-eabi/13.3.1/thumb/v7-m/nofp/libgcc.a(_arm_addsubsf3.o)
 .ARM.attributes
                0x000007ea       0x1d /opt/ST/STM32CubeCLT_1.18.0/GNU-tools-for-STM32/bin/../lib/gcc/arm-none-eabi/13.3.1/thumb/v7-m/nofp/libgcc.a(_arm_muldivsf3.o)
 .ARM.attributes
                0x00000807       0x1d /opt/ST/STM32CubeCLT_1.18.0/GNU-tools-for-STM32/bin/../lib/gcc/arm-none-eabi/13.3.1/thumb/v7-m/nofp/libgcc.a(_arm_cmpsf2.o)
 .ARM.attributes
                0x00000824       0x1d /opt/ST/STM32CubeCLT_1.18.0/GNU-tools-for-STM32/bin/../lib/gcc/arm-none-eabi/13.3.1/thumb/v7-m/nofp/libgcc.a(_arm_unordsf2.o)
 .ARM.attributes
                0x00000841       0x1d /opt/ST/STM32CubeCLT_1.18.0/GNU-tools-for-STM32/bin/../lib/gcc/arm-none-eabi/13.3.1/thumb/v7-m/nofp/libgcc.a(_arm_fixsfsi.o)
 .ARM.attributes
                0x0000085e       0x1d /opt/ST/STM32CubeCLT_1.18.0/GNU-tools-for-STM32/bin/../lib/gcc/arm-none-eabi/13.3.1/thumb/v7-m/nofp/libgcc.a(_arm_fixunssfsi.o)
 .ARM.attributes
                0x0000087b       0x1d /opt/ST/STM32CubeCLT_1.18.0/GNU-tools-for-STM32/bin/../lib/gcc/arm-none-eabi/13.3.1/thumb/v7-m/nofp/libgcc.a(_aeabi_uldivmod.o)
 .ARM.attributes
                0x00000898       0x2d /opt/ST/STM32CubeCLT_1.18.0/GNU-tools-for-STM32/bin/../lib/gcc/arm-none-eabi/13.3.1/thumb/v7-m/nofp/libgcc.a(_udivmoddi4.o)
 .ARM.attributes
                0x000008c5       0x1d /opt/ST/STM32CubeCLT_1.18.0/GNU-tools-for-STM32/bin/../lib/gcc/arm-none-eabi/13.3.1/thumb/v7-m/nofp/libgcc.a(_dvmd_tls.o)
 .ARM.attributes
                0x000008e2       0x1d /opt/ST/STM32CubeCLT_1.18.0/GNU-tools-for-STM32/bin/../lib/gcc/arm-none-eabi/13.3.1/thumb/v7-m/nofp/crtn.o
OUTPUT(MIDI-OD.elf elf32-littlearm)
LOAD linker stubs
LOAD /opt/ST/STM32CubeCLT_1.18.0/GNU-tools-for-STM32/bin/../lib/gcc/arm-none-eabi/13.3.1/../../../../arm-none-eabi/lib/thumb/v7-m/nofp/libc.a
LOAD /opt/ST/STM32CubeCLT_1.18.0/GNU-tools-for-STM32/bin/../lib/gcc/arm-none-eabi/13.3.1/../../../../arm-none-eabi/lib/thumb/v7-m/nofp/libm.a
LOAD /opt/ST/STM32CubeCLT_1.18.0/GNU-tools-for-STM32/bin/../lib/gcc/arm-none-eabi/13.3.1/thumb/v7-m/nofp/libgcc.a

.debug_info     0x00000000    0x16511
 .debug_info    0x00000000      0x6df ./Core/Src/cvout.o
 .debug_info    0x000006df      0x800 ./Core/Src/dpot_mcp41hv.o
 .debug_info    0x00000edf      0x28e ./Core/Src/footswitch.o
 .debug_info    0x0000116d      0x919 ./Core/Src/led.o
 .debug_info    0x00001a86      0x925 ./Core/Src/led_rgb.o
 .debug_info    0x000023ab     0x2a35 ./Core/Src/main.o
 .debug_info    0x00004de0      0x3af ./Core/Src/midi.o
 .debug_info    0x0000518f      0x6f0 ./Core/Src/pot.o
 .debug_info    0x0000587f      0x406 ./Core/Src/preset.o
 .debug_info    0x00005c85     0x179c ./Core/Src/stm32f1xx_hal_msp.o
 .debug_info    0x00007421      0x33f ./Core/Src/stm32f1xx_it.o
 .debug_info    0x00007760      0x257 ./Core/Src/system_stm32f1xx.o
 .debug_info    0x000079b7       0x30 ./Core/Startup/startup_stm32f105rbtx.o
 .debug_info    0x000079e7      0x780 ./Drivers/STM32F1xx_HAL_Driver/Src/stm32f1xx_hal.o
 .debug_info    0x00008167      0xc50 ./Drivers/STM32F1xx_HAL_Driver/Src/stm32f1xx_hal_adc.o
 .debug_info    0x00008db7      0xa10 ./Drivers/STM32F1xx_HAL_Driver/Src/stm32f1xx_hal_adc_ex.o
 .debug_info    0x000097c7      0xae7 ./Drivers/STM32F1xx_HAL_Driver/Src/stm32f1xx_hal_cortex.o
 .debug_info    0x0000a2ae      0x5c5 ./Drivers/STM32F1xx_HAL_Driver/Src/stm32f1xx_hal_gpio.o
 .debug_info    0x0000a873     0x144b ./Drivers/STM32F1xx_HAL_Driver/Src/stm32f1xx_hal_pcd.o
 .debug_info    0x0000bcbe      0x895 ./Drivers/STM32F1xx_HAL_Driver/Src/stm32f1xx_hal_rcc.o
 .debug_info    0x0000c553      0x585 ./Drivers/STM32F1xx_HAL_Driver/Src/stm32f1xx_hal_rcc_ex.o
 .debug_info    0x0000cad8     0x1439 ./Drivers/STM32F1xx_HAL_Driver/Src/stm32f1xx_hal_spi.o
 .debug_info    0x0000df11     0x2959 ./Drivers/STM32F1xx_HAL_Driver/Src/stm32f1xx_hal_tim.o
 .debug_info    0x0001086a     0x149b ./Drivers/STM32F1xx_HAL_Driver/Src/stm32f1xx_hal_tim_ex.o
 .debug_info    0x00011d05     0x2eed ./Drivers/STM32F1xx_HAL_Driver/Src/stm32f1xx_hal_uart.o
 .debug_info    0x00014bf2     0x191f ./Drivers/STM32F1xx_HAL_Driver/Src/stm32f1xx_ll_usb.o

.debug_abbrev   0x00000000     0x3583
 .debug_abbrev  0x00000000      0x19c ./Core/Src/cvout.o
 .debug_abbrev  0x0000019c      0x1ec ./Core/Src/dpot_mcp41hv.o
 .debug_abbrev  0x00000388      0x177 ./Core/Src/footswitch.o
 .debug_abbrev  0x000004ff      0x20d ./Core/Src/led.o
 .debug_abbrev  0x0000070c      0x1b1 ./Core/Src/led_rgb.o
 .debug_abbrev  0x000008bd      0x3d0 ./Core/Src/main.o
 .debug_abbrev  0x00000c8d      0x15e ./Core/Src/midi.o
 .debug_abbrev  0x00000deb      0x1b6 ./Core/Src/pot.o
 .debug_abbrev  0x00000fa1      0x1d3 ./Core/Src/preset.o
 .debug_abbrev  0x00001174      0x25f ./Core/Src/stm32f1xx_hal_msp.o
 .debug_abbrev  0x000013d3      0x137 ./Core/Src/stm32f1xx_it.o
 .debug_abbrev  0x0000150a      0x11a ./Core/Src/system_stm32f1xx.o
 .debug_abbrev  0x00001624       0x24 ./Core/Startup/startup_stm32f105rbtx.o
 .debug_abbrev  0x00001648      0x201 ./Drivers/STM32F1xx_HAL_Driver/Src/stm32f1xx_hal.o
 .debug_abbrev  0x00001849      0x225 ./Drivers/STM32F1xx_HAL_Driver/Src/stm32f1xx_hal_adc.o
 .debug_abbrev  0x00001a6e      0x249 ./Drivers/STM32F1xx_HAL_Driver/Src/stm32f1xx_hal_adc_ex.o
 .debug_abbrev  0x00001cb7      0x2f8 ./Drivers/STM32F1xx_HAL_Driver/Src/stm32f1xx_hal_cortex.o
 .debug_abbrev  0x00001faf      0x1ca ./Drivers/STM32F1xx_HAL_Driver/Src/stm32f1xx_hal_gpio.o
 .debug_abbrev  0x00002179      0x2af ./Drivers/STM32F1xx_HAL_Driver/Src/stm32f1xx_hal_pcd.o
 .debug_abbrev  0x00002428      0x293 ./Drivers/STM32F1xx_HAL_Driver/Src/stm32f1xx_hal_rcc.o
 .debug_abbrev  0x000026bb      0x1ac ./Drivers/STM32F1xx_HAL_Driver/Src/stm32f1xx_hal_rcc_ex.o
 .debug_abbrev  0x00002867      0x27a ./Drivers/STM32F1xx_HAL_Driver/Src/stm32f1xx_hal_spi.o
 .debug_abbrev  0x00002ae1      0x277 ./Drivers/STM32F1xx_HAL_Driver/Src/stm32f1xx_hal_tim.o
 .debug_abbrev  0x00002d58      0x282 ./Drivers/STM32F1xx_HAL_Driver/Src/stm32f1xx_hal_tim_ex.o
 .debug_abbrev  0x00002fda      0x2f8 ./Drivers/STM32F1xx_HAL_Driver/Src/stm32f1xx_hal_uart.o
 .debug_abbrev  0x000032d2      0x2b1 ./Drivers/STM32F1xx_HAL_Driver/Src/stm32f1xx_ll_usb.o

.debug_aranges  0x00000000     0x14b0
 .debug_aranges
                0x00000000       0x28 ./Core/Src/cvout.o
 .debug_aranges
                0x00000028       0x38 ./Core/Src/dpot_mcp41hv.o
 .debug_aranges
                0x00000060       0x28 ./Core/Src/footswitch.o
 .debug_aranges
                0x00000088       0x60 ./Core/Src/led.o
 .debug_aranges
                0x000000e8       0x40 ./Core/Src/led_rgb.o
 .debug_aranges
                0x00000128       0xd0 ./Core/Src/main.o
 .debug_aranges
                0x000001f8       0x70 ./Core/Src/midi.o
 .debug_aranges
                0x00000268       0x30 ./Core/Src/pot.o
 .debug_aranges
                0x00000298       0x68 ./Core/Src/preset.o
 .debug_aranges
                0x00000300       0x78 ./Core/Src/stm32f1xx_hal_msp.o
 .debug_aranges
                0x00000378       0x70 ./Core/Src/stm32f1xx_it.o
 .debug_aranges
                0x000003e8       0x28 ./Core/Src/system_stm32f1xx.o
 .debug_aranges
                0x00000410       0x28 ./Core/Startup/startup_stm32f105rbtx.o
 .debug_aranges
                0x00000438       0xe0 ./Drivers/STM32F1xx_HAL_Driver/Src/stm32f1xx_hal.o
 .debug_aranges
                0x00000518       0xf0 ./Drivers/STM32F1xx_HAL_Driver/Src/stm32f1xx_hal_adc.o
 .debug_aranges
                0x00000608       0x80 ./Drivers/STM32F1xx_HAL_Driver/Src/stm32f1xx_hal_adc_ex.o
 .debug_aranges
                0x00000688      0x100 ./Drivers/STM32F1xx_HAL_Driver/Src/stm32f1xx_hal_cortex.o
 .debug_aranges
                0x00000788       0x58 ./Drivers/STM32F1xx_HAL_Driver/Src/stm32f1xx_hal_gpio.o
 .debug_aranges
                0x000007e0      0x140 ./Drivers/STM32F1xx_HAL_Driver/Src/stm32f1xx_hal_pcd.o
 .debug_aranges
                0x00000920       0x90 ./Drivers/STM32F1xx_HAL_Driver/Src/stm32f1xx_hal_rcc.o
 .debug_aranges
                0x000009b0       0x50 ./Drivers/STM32F1xx_HAL_Driver/Src/stm32f1xx_hal_rcc_ex.o
 .debug_aranges
                0x00000a00      0x1d0 ./Drivers/STM32F1xx_HAL_Driver/Src/stm32f1xx_hal_spi.o
 .debug_aranges
                0x00000bd0      0x3d0 ./Drivers/STM32F1xx_HAL_Driver/Src/stm32f1xx_hal_tim.o
 .debug_aranges
                0x00000fa0      0x168 ./Drivers/STM32F1xx_HAL_Driver/Src/stm32f1xx_hal_tim_ex.o
 .debug_aranges
                0x00001108      0x208 ./Drivers/STM32F1xx_HAL_Driver/Src/stm32f1xx_hal_uart.o
 .debug_aranges
                0x00001310      0x1a0 ./Drivers/STM32F1xx_HAL_Driver/Src/stm32f1xx_ll_usb.o

.debug_rnglists
                0x00000000     0x1008
 .debug_rnglists
                0x00000000       0x1a ./Core/Src/cvout.o
 .debug_rnglists
                0x0000001a       0x25 ./Core/Src/dpot_mcp41hv.o
 .debug_rnglists
                0x0000003f       0x1a ./Core/Src/footswitch.o
 .debug_rnglists
                0x00000059       0x44 ./Core/Src/led.o
 .debug_rnglists
                0x0000009d       0x2b ./Core/Src/led_rgb.o
 .debug_rnglists
                0x000000c8       0xa0 ./Core/Src/main.o
 .debug_rnglists
                0x00000168       0x51 ./Core/Src/midi.o
 .debug_rnglists
                0x000001b9       0x20 ./Core/Src/pot.o
 .debug_rnglists
                0x000001d9       0x4b ./Core/Src/preset.o
 .debug_rnglists
                0x00000224       0x5a ./Core/Src/stm32f1xx_hal_msp.o
 .debug_rnglists
                0x0000027e       0x4f ./Core/Src/stm32f1xx_it.o
 .debug_rnglists
                0x000002cd       0x1a ./Core/Src/system_stm32f1xx.o
 .debug_rnglists
                0x000002e7       0x19 ./Core/Startup/startup_stm32f105rbtx.o
 .debug_rnglists
                0x00000300       0xa3 ./Drivers/STM32F1xx_HAL_Driver/Src/stm32f1xx_hal.o
 .debug_rnglists
                0x000003a3       0xbc ./Drivers/STM32F1xx_HAL_Driver/Src/stm32f1xx_hal_adc.o
 .debug_rnglists
                0x0000045f       0x65 ./Drivers/STM32F1xx_HAL_Driver/Src/stm32f1xx_hal_adc_ex.o
 .debug_rnglists
                0x000004c4       0xbb ./Drivers/STM32F1xx_HAL_Driver/Src/stm32f1xx_hal_cortex.o
 .debug_rnglists
                0x0000057f       0x3f ./Drivers/STM32F1xx_HAL_Driver/Src/stm32f1xx_hal_gpio.o
 .debug_rnglists
                0x000005be       0xf3 ./Drivers/STM32F1xx_HAL_Driver/Src/stm32f1xx_hal_pcd.o
 .debug_rnglists
                0x000006b1       0x6c ./Drivers/STM32F1xx_HAL_Driver/Src/stm32f1xx_hal_rcc.o
 .debug_rnglists
                0x0000071d       0x3c ./Drivers/STM32F1xx_HAL_Driver/Src/stm32f1xx_hal_rcc_ex.o
 .debug_rnglists
                0x00000759      0x16e ./Drivers/STM32F1xx_HAL_Driver/Src/stm32f1xx_hal_spi.o
 .debug_rnglists
                0x000008c7      0x31a ./Drivers/STM32F1xx_HAL_Driver/Src/stm32f1xx_hal_tim.o
 .debug_rnglists
                0x00000be1      0x125 ./Drivers/STM32F1xx_HAL_Driver/Src/stm32f1xx_hal_tim_ex.o
 .debug_rnglists
                0x00000d06      0x1bc ./Drivers/STM32F1xx_HAL_Driver/Src/stm32f1xx_hal_uart.o
 .debug_rnglists
                0x00000ec2      0x146 ./Drivers/STM32F1xx_HAL_Driver/Src/stm32f1xx_ll_usb.o

.debug_macro    0x00000000    0x20f99
 .debug_macro   0x00000000      0x1ef ./Core/Src/cvout.o
 .debug_macro   0x000001ef      0xacc ./Core/Src/cvout.o
 .debug_macro   0x00000cbb      0x22d ./Core/Src/cvout.o
 .debug_macro   0x00000ee8       0x2e ./Core/Src/cvout.o
 .debug_macro   0x00000f16       0x22 ./Core/Src/cvout.o
 .debug_macro   0x00000f38       0x22 ./Core/Src/cvout.o
 .debug_macro   0x00000f5a       0x8e ./Core/Src/cvout.o
 .debug_macro   0x00000fe8       0x51 ./Core/Src/cvout.o
 .debug_macro   0x00001039      0x103 ./Core/Src/cvout.o
 .debug_macro   0x0000113c       0x6a ./Core/Src/cvout.o
 .debug_macro   0x000011a6      0x1df ./Core/Src/cvout.o
 .debug_macro   0x00001385       0x1c ./Core/Src/cvout.o
 .debug_macro   0x000013a1       0x22 ./Core/Src/cvout.o
 .debug_macro   0x000013c3       0xbd ./Core/Src/cvout.o
 .debug_macro   0x00001480      0xd23 ./Core/Src/cvout.o
 .debug_macro   0x000021a3    0x14912 ./Core/Src/cvout.o
 .debug_macro   0x00016ab5       0x6d ./Core/Src/cvout.o
 .debug_macro   0x00016b22     0x34a2 ./Core/Src/cvout.o
 .debug_macro   0x00019fc4      0x190 ./Core/Src/cvout.o
 .debug_macro   0x0001a154       0x5c ./Core/Src/cvout.o
 .debug_macro   0x0001a1b0      0x5bc ./Core/Src/cvout.o
 .debug_macro   0x0001a76c      0x644 ./Core/Src/cvout.o
 .debug_macro   0x0001adb0      0x1cb ./Core/Src/cvout.o
 .debug_macro   0x0001af7b      0x114 ./Core/Src/cvout.o
 .debug_macro   0x0001b08f      0x214 ./Core/Src/cvout.o
 .debug_macro   0x0001b2a3       0x27 ./Core/Src/cvout.o
 .debug_macro   0x0001b2ca      0x13c ./Core/Src/cvout.o
 .debug_macro   0x0001b406      0x1bc ./Core/Src/cvout.o
 .debug_macro   0x0001b5c2       0x30 ./Core/Src/cvout.o
 .debug_macro   0x0001b5f2       0x3c ./Core/Src/cvout.o
 .debug_macro   0x0001b62e       0x57 ./Core/Src/cvout.o
 .debug_macro   0x0001b685      0x46a ./Core/Src/cvout.o
 .debug_macro   0x0001baef      0x1c3 ./Core/Src/cvout.o
 .debug_macro   0x0001bcb2       0x87 ./Core/Src/cvout.o
 .debug_macro   0x0001bd39      0x24f ./Core/Src/cvout.o
 .debug_macro   0x0001bf88      0x140 ./Core/Src/cvout.o
 .debug_macro   0x0001c0c8      0x217 ./Core/Src/cvout.o
 .debug_macro   0x0001c2df      0x8ed ./Core/Src/cvout.o
 .debug_macro   0x0001cbcc      0x28e ./Core/Src/cvout.o
 .debug_macro   0x0001ce5a      0x215 ./Core/Src/cvout.o
 .debug_macro   0x0001d06f       0x82 ./Core/Src/cvout.o
 .debug_macro   0x0001d0f1       0xdf ./Core/Src/cvout.o
 .debug_macro   0x0001d1d0      0x2a8 ./Core/Src/dpot_mcp41hv.o
 .debug_macro   0x0001d478       0x22 ./Core/Src/dpot_mcp41hv.o
 .debug_macro   0x0001d49a       0x10 ./Core/Src/dpot_mcp41hv.o
 .debug_macro   0x0001d4aa       0x61 ./Core/Src/dpot_mcp41hv.o
 .debug_macro   0x0001d50b       0x24 ./Core/Src/dpot_mcp41hv.o
 .debug_macro   0x0001d52f       0x43 ./Core/Src/dpot_mcp41hv.o
 .debug_macro   0x0001d572       0x34 ./Core/Src/dpot_mcp41hv.o
 .debug_macro   0x0001d5a6      0x370 ./Core/Src/dpot_mcp41hv.o
 .debug_macro   0x0001d916       0x16 ./Core/Src/dpot_mcp41hv.o
 .debug_macro   0x0001d92c       0x4a ./Core/Src/dpot_mcp41hv.o
 .debug_macro   0x0001d976       0x34 ./Core/Src/dpot_mcp41hv.o
 .debug_macro   0x0001d9aa       0x10 ./Core/Src/dpot_mcp41hv.o
 .debug_macro   0x0001d9ba       0x58 ./Core/Src/dpot_mcp41hv.o
 .debug_macro   0x0001da12       0x8e ./Core/Src/dpot_mcp41hv.o
 .debug_macro   0x0001daa0       0x1c ./Core/Src/dpot_mcp41hv.o
 .debug_macro   0x0001dabc      0x185 ./Core/Src/dpot_mcp41hv.o
 .debug_macro   0x0001dc41      0x19b ./Core/Src/dpot_mcp41hv.o
 .debug_macro   0x0001dddc      0x1fe ./Core/Src/footswitch.o
 .debug_macro   0x0001dfda      0x2b2 ./Core/Src/led.o
 .debug_macro   0x0001e28c       0x16 ./Core/Src/led.o
 .debug_macro   0x0001e2a2      0x2bc ./Core/Src/led_rgb.o
 .debug_macro   0x0001e55e      0x326 ./Core/Src/main.o
 .debug_macro   0x0001e884      0x13c ./Core/Src/main.o
 .debug_macro   0x0001e9c0       0x1c ./Core/Src/main.o
 .debug_macro   0x0001e9dc       0x10 ./Core/Src/main.o
 .debug_macro   0x0001e9ec       0x16 ./Core/Src/main.o
 .debug_macro   0x0001ea02       0x10 ./Core/Src/main.o
 .debug_macro   0x0001ea12       0x58 ./Core/Src/main.o
 .debug_macro   0x0001ea6a       0x10 ./Core/Src/main.o
 .debug_macro   0x0001ea7a       0x8b ./Core/Src/midi.o
 .debug_macro   0x0001eb05      0x2a8 ./Core/Src/pot.o
 .debug_macro   0x0001edad       0x16 ./Core/Src/pot.o
 .debug_macro   0x0001edc3      0x119 ./Core/Src/preset.o
 .debug_macro   0x0001eedc       0x5b ./Core/Src/preset.o
 .debug_macro   0x0001ef37       0x94 ./Core/Src/preset.o
 .debug_macro   0x0001efcb       0x57 ./Core/Src/preset.o
 .debug_macro   0x0001f022      0x1f4 ./Core/Src/stm32f1xx_hal_msp.o
 .debug_macro   0x0001f216      0x217 ./Core/Src/stm32f1xx_it.o
 .debug_macro   0x0001f42d      0x1e5 ./Core/Src/system_stm32f1xx.o
 .debug_macro   0x0001f612      0x209 ./Drivers/STM32F1xx_HAL_Driver/Src/stm32f1xx_hal.o
 .debug_macro   0x0001f81b      0x202 ./Drivers/STM32F1xx_HAL_Driver/Src/stm32f1xx_hal_adc.o
 .debug_macro   0x0001fa1d      0x1f7 ./Drivers/STM32F1xx_HAL_Driver/Src/stm32f1xx_hal_adc_ex.o
 .debug_macro   0x0001fc14      0x1e5 ./Drivers/STM32F1xx_HAL_Driver/Src/stm32f1xx_hal_cortex.o
 .debug_macro   0x0001fdf9      0x250 ./Drivers/STM32F1xx_HAL_Driver/Src/stm32f1xx_hal_gpio.o
 .debug_macro   0x00020049      0x1f1 ./Drivers/STM32F1xx_HAL_Driver/Src/stm32f1xx_hal_pcd.o
 .debug_macro   0x0002023a      0x1f7 ./Drivers/STM32F1xx_HAL_Driver/Src/stm32f1xx_hal_rcc.o
 .debug_macro   0x00020431      0x1e5 ./Drivers/STM32F1xx_HAL_Driver/Src/stm32f1xx_hal_rcc_ex.o
 .debug_macro   0x00020616      0x1ed ./Drivers/STM32F1xx_HAL_Driver/Src/stm32f1xx_hal_spi.o
 .debug_macro   0x00020803      0x1e6 ./Drivers/STM32F1xx_HAL_Driver/Src/stm32f1xx_hal_tim.o
 .debug_macro   0x000209e9      0x1e5 ./Drivers/STM32F1xx_HAL_Driver/Src/stm32f1xx_hal_tim_ex.o
 .debug_macro   0x00020bce      0x1e6 ./Drivers/STM32F1xx_HAL_Driver/Src/stm32f1xx_hal_uart.o
 .debug_macro   0x00020db4      0x1e5 ./Drivers/STM32F1xx_HAL_Driver/Src/stm32f1xx_ll_usb.o

.debug_line     0x00000000    0x154e1
 .debug_line    0x00000000      0x606 ./Core/Src/cvout.o
 .debug_line    0x00000606      0x6e5 ./Core/Src/dpot_mcp41hv.o
 .debug_line    0x00000ceb      0x5fb ./Core/Src/footswitch.o
 .debug_line    0x000012e6      0x7fa ./Core/Src/led.o
 .debug_line    0x00001ae0      0x6df ./Core/Src/led_rgb.o
 .debug_line    0x000021bf      0xf52 ./Core/Src/main.o
 .debug_line    0x00003111      0x48e ./Core/Src/midi.o
 .debug_line    0x0000359f      0x6f0 ./Core/Src/pot.o
 .debug_line    0x00003c8f      0x50f ./Core/Src/preset.o
 .debug_line    0x0000419e      0x7b5 ./Core/Src/stm32f1xx_hal_msp.o
 .debug_line    0x00004953      0x685 ./Core/Src/stm32f1xx_it.o
 .debug_line    0x00004fd8      0x61e ./Core/Src/system_stm32f1xx.o
 .debug_line    0x000055f6       0x78 ./Core/Startup/startup_stm32f105rbtx.o
 .debug_line    0x0000566e      0x81a ./Drivers/STM32F1xx_HAL_Driver/Src/stm32f1xx_hal.o
 .debug_line    0x00005e88      0xe3d ./Drivers/STM32F1xx_HAL_Driver/Src/stm32f1xx_hal_adc.o
 .debug_line    0x00006cc5      0xb5f ./Drivers/STM32F1xx_HAL_Driver/Src/stm32f1xx_hal_adc_ex.o
 .debug_line    0x00007824      0x9e2 ./Drivers/STM32F1xx_HAL_Driver/Src/stm32f1xx_hal_cortex.o
 .debug_line    0x00008206      0x875 ./Drivers/STM32F1xx_HAL_Driver/Src/stm32f1xx_hal_gpio.o
 .debug_line    0x00008a7b     0x10db ./Drivers/STM32F1xx_HAL_Driver/Src/stm32f1xx_hal_pcd.o
 .debug_line    0x00009b56      0xe24 ./Drivers/STM32F1xx_HAL_Driver/Src/stm32f1xx_hal_rcc.o
 .debug_line    0x0000a97a      0xa96 ./Drivers/STM32F1xx_HAL_Driver/Src/stm32f1xx_hal_rcc_ex.o
 .debug_line    0x0000b410     0x1aaf ./Drivers/STM32F1xx_HAL_Driver/Src/stm32f1xx_hal_spi.o
 .debug_line    0x0000cebf     0x3353 ./Drivers/STM32F1xx_HAL_Driver/Src/stm32f1xx_hal_tim.o
 .debug_line    0x00010212     0x1710 ./Drivers/STM32F1xx_HAL_Driver/Src/stm32f1xx_hal_tim_ex.o
 .debug_line    0x00011922     0x2334 ./Drivers/STM32F1xx_HAL_Driver/Src/stm32f1xx_hal_uart.o
 .debug_line    0x00013c56     0x188b ./Drivers/STM32F1xx_HAL_Driver/Src/stm32f1xx_ll_usb.o

.debug_str      0x00000000    0xbcdfe
 .debug_str     0x00000000    0xbcdfe ./Core/Src/cvout.o
                              0xb3812 (size before relaxing)
 .debug_str     0x000bcdfe    0xb71fc ./Core/Src/dpot_mcp41hv.o
 .debug_str     0x000bcdfe    0xb3459 ./Core/Src/footswitch.o
 .debug_str     0x000bcdfe    0xb7356 ./Core/Src/led.o
 .debug_str     0x000bcdfe    0xb7357 ./Core/Src/led_rgb.o
 .debug_str     0x000bcdfe    0xb90d4 ./Core/Src/main.o
 .debug_str     0x000bcdfe     0x4071 ./Core/Src/midi.o
 .debug_str     0x000bcdfe    0xb711a ./Core/Src/pot.o
 .debug_str     0x000bcdfe     0x7123 ./Core/Src/preset.o
 .debug_str     0x000bcdfe    0xb46a3 ./Core/Src/stm32f1xx_hal_msp.o
 .debug_str     0x000bcdfe    0xb39b7 ./Core/Src/stm32f1xx_it.o
 .debug_str     0x000bcdfe    0xb3404 ./Core/Src/system_stm32f1xx.o
 .debug_str     0x000bcdfe       0x83 ./Core/Startup/startup_stm32f105rbtx.o
 .debug_str     0x000bcdfe    0xb3bde ./Drivers/STM32F1xx_HAL_Driver/Src/stm32f1xx_hal.o
 .debug_str     0x000bcdfe    0xb3aad ./Drivers/STM32F1xx_HAL_Driver/Src/stm32f1xx_hal_adc.o
 .debug_str     0x000bcdfe    0xb3a7d ./Drivers/STM32F1xx_HAL_Driver/Src/stm32f1xx_hal_adc_ex.o
 .debug_str     0x000bcdfe    0xb3b1c ./Drivers/STM32F1xx_HAL_Driver/Src/stm32f1xx_hal_cortex.o
 .debug_str     0x000bcdfe    0xb375d ./Drivers/STM32F1xx_HAL_Driver/Src/stm32f1xx_hal_gpio.o
 .debug_str     0x000bcdfe    0xb3f19 ./Drivers/STM32F1xx_HAL_Driver/Src/stm32f1xx_hal_pcd.o
 .debug_str     0x000bcdfe    0xb3873 ./Drivers/STM32F1xx_HAL_Driver/Src/stm32f1xx_hal_rcc.o
 .debug_str     0x000bcdfe    0xb3681 ./Drivers/STM32F1xx_HAL_Driver/Src/stm32f1xx_hal_rcc_ex.o
 .debug_str     0x000bcdfe    0xb3cf5 ./Drivers/STM32F1xx_HAL_Driver/Src/stm32f1xx_hal_spi.o
 .debug_str     0x000bcdfe    0xb47fa ./Drivers/STM32F1xx_HAL_Driver/Src/stm32f1xx_hal_tim.o
 .debug_str     0x000bcdfe    0xb4006 ./Drivers/STM32F1xx_HAL_Driver/Src/stm32f1xx_hal_tim_ex.o
 .debug_str     0x000bcdfe    0xb3e69 ./Drivers/STM32F1xx_HAL_Driver/Src/stm32f1xx_hal_uart.o
 .debug_str     0x000bcdfe    0xb3e43 ./Drivers/STM32F1xx_HAL_Driver/Src/stm32f1xx_ll_usb.o

.comment        0x00000000       0x43
 .comment       0x00000000       0x43 ./Core/Src/cvout.o
                                 0x44 (size before relaxing)
 .comment       0x00000043       0x44 ./Core/Src/dpot_mcp41hv.o
 .comment       0x00000043       0x44 ./Core/Src/footswitch.o
 .comment       0x00000043       0x44 ./Core/Src/led.o
 .comment       0x00000043       0x44 ./Core/Src/led_rgb.o
 .comment       0x00000043       0x44 ./Core/Src/main.o
 .comment       0x00000043       0x44 ./Core/Src/midi.o
 .comment       0x00000043       0x44 ./Core/Src/pot.o
 .comment       0x00000043       0x44 ./Core/Src/preset.o
 .comment       0x00000043       0x44 ./Core/Src/stm32f1xx_hal_msp.o
 .comment       0x00000043       0x44 ./Core/Src/stm32f1xx_it.o
 .comment       0x00000043       0x44 ./Core/Src/system_stm32f1xx.o
 .comment       0x00000043       0x44 ./Drivers/STM32F1xx_HAL_Driver/Src/stm32f1xx_hal.o
 .comment       0x00000043       0x44 ./Drivers/STM32F1xx_HAL_Driver/Src/stm32f1xx_hal_adc.o
 .comment       0x00000043       0x44 ./Drivers/STM32F1xx_HAL_Driver/Src/stm32f1xx_hal_adc_ex.o
 .comment       0x00000043       0x44 ./Drivers/STM32F1xx_HAL_Driver/Src/stm32f1xx_hal_cortex.o
 .comment       0x00000043       0x44 ./Drivers/STM32F1xx_HAL_Driver/Src/stm32f1xx_hal_gpio.o
 .comment       0x00000043       0x44 ./Drivers/STM32F1xx_HAL_Driver/Src/stm32f1xx_hal_pcd.o
 .comment       0x00000043       0x44 ./Drivers/STM32F1xx_HAL_Driver/Src/stm32f1xx_hal_rcc.o
 .comment       0x00000043       0x44 ./Drivers/STM32F1xx_HAL_Driver/Src/stm32f1xx_hal_rcc_ex.o
 .comment       0x00000043       0x44 ./Drivers/STM32F1xx_HAL_Driver/Src/stm32f1xx_hal_spi.o
 .comment       0x00000043       0x44 ./Drivers/STM32F1xx_HAL_Driver/Src/stm32f1xx_hal_tim.o
 .comment       0x00000043       0x44 ./Drivers/STM32F1xx_HAL_Driver/Src/stm32f1xx_hal_tim_ex.o
 .comment       0x00000043       0x44 ./Drivers/STM32F1xx_HAL_Driver/Src/stm32f1xx_hal_uart.o
 .comment       0x00000043       0x44 ./Drivers/STM32F1xx_HAL_Driver/Src/stm32f1xx_ll_usb.o

.debug_frame    0x00000000     0x5d34
 .debug_frame   0x00000000       0x5c ./Core/Src/cvout.o
 .debug_frame   0x0000005c       0xa0 ./Core/Src/dpot_mcp41hv.o
 .debug_frame   0x000000fc       0x5c ./Core/Src/footswitch.o
 .debug_frame   0x00000158      0x15c ./Core/Src/led.o
 .debug_frame   0x000002b4       0xc8 ./Core/Src/led_rgb.o
 .debug_frame   0x0000037c      0x33c ./Core/Src/main.o
 .debug_frame   0x000006b8      0x1ac ./Core/Src/midi.o
 .debug_frame   0x00000864       0x84 ./Core/Src/pot.o
 .debug_frame   0x000008e8      0x194 ./Core/Src/preset.o
 .debug_frame   0x00000a7c      0x1d4 ./Core/Src/stm32f1xx_hal_msp.o
 .debug_frame   0x00000c50      0x144 ./Core/Src/stm32f1xx_it.o
 .debug_frame   0x00000d94       0x58 ./Core/Src/system_stm32f1xx.o
 .debug_frame   0x00000dec      0x334 ./Drivers/STM32F1xx_HAL_Driver/Src/stm32f1xx_hal.o
 .debug_frame   0x00001120      0x40c ./Drivers/STM32F1xx_HAL_Driver/Src/stm32f1xx_hal_adc.o
 .debug_frame   0x0000152c      0x200 ./Drivers/STM32F1xx_HAL_Driver/Src/stm32f1xx_hal_adc_ex.o
 .debug_frame   0x0000172c      0x428 ./Drivers/STM32F1xx_HAL_Driver/Src/stm32f1xx_hal_cortex.o
 .debug_frame   0x00001b54      0x14c ./Drivers/STM32F1xx_HAL_Driver/Src/stm32f1xx_hal_gpio.o
 .debug_frame   0x00001ca0      0x58c ./Drivers/STM32F1xx_HAL_Driver/Src/stm32f1xx_hal_pcd.o
 .debug_frame   0x0000222c      0x220 ./Drivers/STM32F1xx_HAL_Driver/Src/stm32f1xx_hal_rcc.o
 .debug_frame   0x0000244c      0x118 ./Drivers/STM32F1xx_HAL_Driver/Src/stm32f1xx_hal_rcc_ex.o
 .debug_frame   0x00002564      0x824 ./Drivers/STM32F1xx_HAL_Driver/Src/stm32f1xx_hal_spi.o
 .debug_frame   0x00002d88     0x11b8 ./Drivers/STM32F1xx_HAL_Driver/Src/stm32f1xx_hal_tim.o
 .debug_frame   0x00003f40      0x638 ./Drivers/STM32F1xx_HAL_Driver/Src/stm32f1xx_hal_tim_ex.o
 .debug_frame   0x00004578      0x944 ./Drivers/STM32F1xx_HAL_Driver/Src/stm32f1xx_hal_uart.o
 .debug_frame   0x00004ebc      0x7bc ./Drivers/STM32F1xx_HAL_Driver/Src/stm32f1xx_ll_usb.o
 .debug_frame   0x00005678      0x144 /opt/ST/STM32CubeCLT_1.18.0/GNU-tools-for-STM32/bin/../lib/gcc/arm-none-eabi/13.3.1/../../../../arm-none-eabi/lib/thumb/v7-m/nofp/libc_nano.a(libc_a-findfp.o)
 .debug_frame   0x000057bc       0x20 /opt/ST/STM32CubeCLT_1.18.0/GNU-tools-for-STM32/bin/../lib/gcc/arm-none-eabi/13.3.1/../../../../arm-none-eabi/lib/thumb/v7-m/nofp/libc_nano.a(libc_a-memset.o)
 .debug_frame   0x000057dc       0x20 /opt/ST/STM32CubeCLT_1.18.0/GNU-tools-for-STM32/bin/../lib/gcc/arm-none-eabi/13.3.1/../../../../arm-none-eabi/lib/thumb/v7-m/nofp/libc_nano.a(libc_a-errno.o)
 .debug_frame   0x000057fc       0x2c /opt/ST/STM32CubeCLT_1.18.0/GNU-tools-for-STM32/bin/../lib/gcc/arm-none-eabi/13.3.1/../../../../arm-none-eabi/lib/thumb/v7-m/nofp/libc_nano.a(libc_a-init.o)
 .debug_frame   0x00005828       0x2c /opt/ST/STM32CubeCLT_1.18.0/GNU-tools-for-STM32/bin/../lib/gcc/arm-none-eabi/13.3.1/../../../../arm-none-eabi/lib/thumb/v7-m/nofp/libm.a(libm_a-wf_exp.o)
 .debug_frame   0x00005854       0x2c /opt/ST/STM32CubeCLT_1.18.0/GNU-tools-for-STM32/bin/../lib/gcc/arm-none-eabi/13.3.1/../../../../arm-none-eabi/lib/thumb/v7-m/nofp/libm.a(libm_a-wf_fmod.o)
 .debug_frame   0x00005880       0x2c /opt/ST/STM32CubeCLT_1.18.0/GNU-tools-for-STM32/bin/../lib/gcc/arm-none-eabi/13.3.1/../../../../arm-none-eabi/lib/thumb/v7-m/nofp/libm.a(libm_a-wf_pow.o)
 .debug_frame   0x000058ac       0x20 /opt/ST/STM32CubeCLT_1.18.0/GNU-tools-for-STM32/bin/../lib/gcc/arm-none-eabi/13.3.1/../../../../arm-none-eabi/lib/thumb/v7-m/nofp/libm.a(libm_a-sf_finite.o)
 .debug_frame   0x000058cc       0x50 /opt/ST/STM32CubeCLT_1.18.0/GNU-tools-for-STM32/bin/../lib/gcc/arm-none-eabi/13.3.1/../../../../arm-none-eabi/lib/thumb/v7-m/nofp/libm.a(libm_a-ef_exp.o)
 .debug_frame   0x0000591c       0x30 /opt/ST/STM32CubeCLT_1.18.0/GNU-tools-for-STM32/bin/../lib/gcc/arm-none-eabi/13.3.1/../../../../arm-none-eabi/lib/thumb/v7-m/nofp/libm.a(libm_a-ef_fmod.o)
 .debug_frame   0x0000594c       0x78 /opt/ST/STM32CubeCLT_1.18.0/GNU-tools-for-STM32/bin/../lib/gcc/arm-none-eabi/13.3.1/../../../../arm-none-eabi/lib/thumb/v7-m/nofp/libm.a(libm_a-ef_pow.o)
 .debug_frame   0x000059c4       0x28 /opt/ST/STM32CubeCLT_1.18.0/GNU-tools-for-STM32/bin/../lib/gcc/arm-none-eabi/13.3.1/../../../../arm-none-eabi/lib/thumb/v7-m/nofp/libm.a(libm_a-sf_lround.o)
 .debug_frame   0x000059ec       0xb4 /opt/ST/STM32CubeCLT_1.18.0/GNU-tools-for-STM32/bin/../lib/gcc/arm-none-eabi/13.3.1/../../../../arm-none-eabi/lib/thumb/v7-m/nofp/libm.a(libm_a-math_errf.o)
 .debug_frame   0x00005aa0       0x2c /opt/ST/STM32CubeCLT_1.18.0/GNU-tools-for-STM32/bin/../lib/gcc/arm-none-eabi/13.3.1/../../../../arm-none-eabi/lib/thumb/v7-m/nofp/libm.a(libm_a-sf_scalbn.o)
 .debug_frame   0x00005acc       0x20 /opt/ST/STM32CubeCLT_1.18.0/GNU-tools-for-STM32/bin/../lib/gcc/arm-none-eabi/13.3.1/../../../../arm-none-eabi/lib/thumb/v7-m/nofp/libm.a(libm_a-sf_fabs.o)
 .debug_frame   0x00005aec       0x30 /opt/ST/STM32CubeCLT_1.18.0/GNU-tools-for-STM32/bin/../lib/gcc/arm-none-eabi/13.3.1/../../../../arm-none-eabi/lib/thumb/v7-m/nofp/libm.a(libm_a-ef_sqrt.o)
 .debug_frame   0x00005b1c       0x4c /opt/ST/STM32CubeCLT_1.18.0/GNU-tools-for-STM32/bin/../lib/gcc/arm-none-eabi/13.3.1/thumb/v7-m/nofp/libgcc.a(_arm_addsubsf3.o)
 .debug_frame   0x00005b68       0x38 /opt/ST/STM32CubeCLT_1.18.0/GNU-tools-for-STM32/bin/../lib/gcc/arm-none-eabi/13.3.1/thumb/v7-m/nofp/libgcc.a(_arm_muldivsf3.o)
 .debug_frame   0x00005ba0       0xc8 /opt/ST/STM32CubeCLT_1.18.0/GNU-tools-for-STM32/bin/../lib/gcc/arm-none-eabi/13.3.1/thumb/v7-m/nofp/libgcc.a(_arm_cmpsf2.o)
 .debug_frame   0x00005c68       0x24 /opt/ST/STM32CubeCLT_1.18.0/GNU-tools-for-STM32/bin/../lib/gcc/arm-none-eabi/13.3.1/thumb/v7-m/nofp/libgcc.a(_arm_unordsf2.o)
 .debug_frame   0x00005c8c       0x24 /opt/ST/STM32CubeCLT_1.18.0/GNU-tools-for-STM32/bin/../lib/gcc/arm-none-eabi/13.3.1/thumb/v7-m/nofp/libgcc.a(_arm_fixsfsi.o)
 .debug_frame   0x00005cb0       0x24 /opt/ST/STM32CubeCLT_1.18.0/GNU-tools-for-STM32/bin/../lib/gcc/arm-none-eabi/13.3.1/thumb/v7-m/nofp/libgcc.a(_arm_fixunssfsi.o)
 .debug_frame   0x00005cd4       0x2c /opt/ST/STM32CubeCLT_1.18.0/GNU-tools-for-STM32/bin/../lib/gcc/arm-none-eabi/13.3.1/thumb/v7-m/nofp/libgcc.a(_aeabi_uldivmod.o)
 .debug_frame   0x00005d00       0x34 /opt/ST/STM32CubeCLT_1.18.0/GNU-tools-for-STM32/bin/../lib/gcc/arm-none-eabi/13.3.1/thumb/v7-m/nofp/libgcc.a(_udivmoddi4.o)

.debug_line_str
                0x00000000       0x67
 .debug_line_str
                0x00000000       0x67 ./Core/Startup/startup_stm32f105rbtx.o
