../Core/Inc/led_rgb.h:55:20:ledrgb_off	16	static
../Core/Inc/footswitch.h:50:20:fsw_pressed	16	static
../Core/Inc/footswitch.h:51:20:fsw_rising	16	static
../Core/Inc/footswitch.h:52:20:fsw_falling	16	static
../Core/Inc/footswitch.h:55:24:fsw_hold_ms	16	static
../Core/Inc/preset.h:94:26:preset_mode	16	static
../Core/Src/main.c:172:14:midi_apply	40	static
../Core/Src/main.c:204:13:set_bypass	16	static
../Core/Src/main.c:213:13:on_midi_cc	32	static
../Core/Src/main.c:254:6:ctrl_smooth_tick	16	static
../Core/Src/main.c:273:13:ctrl_smooth_start	16	static
../Core/Src/main.c:294:5:main	160	static
../Core/Src/main.c:581:6:SystemClock_Config	120	static
../Core/Src/main.c:635:13:MX_ADC1_Init	24	static
../Core/Src/main.c:682:13:MX_SPI2_Init	8	static
../Core/Src/main.c:720:13:MX_SPI3_Init	8	static
../Core/Src/main.c:758:13:MX_TIM2_Init	48	static
../Core/Src/main.c:823:13:MX_TIM3_Init	48	static
../Core/Src/main.c:898:13:MX_TIM4_Init	48	static
../Core/Src/main.c:959:13:MX_USART1_UART_Init	8	static
../Core/Src/main.c:992:13:MX_USB_OTG_FS_PCD_Init	8	static
../Core/Src/main.c:1024:13:MX_GPIO_Init	40	static
../Core/Src/main.c:1089:6:Error_Handler	4	static,ignoring_inline_asm
