../Core/Inc/footswitch.h:51:20:fsw_rising	16	static
../Core/Src/main.c:154:14:midi_apply	40	static
../Core/Src/main.c:186:13:set_bypass	16	static
../Core/Src/main.c:195:13:on_midi_cc	32	static
../Core/Src/main.c:234:6:ctrl_smooth_tick	16	static
../Core/Src/main.c:253:13:ctrl_smooth_start	16	static
../Core/Src/main.c:274:5:main	104	static
../Core/Src/main.c:499:6:SystemClock_Config	120	static
../Core/Src/main.c:553:13:MX_ADC1_Init	24	static
../Core/Src/main.c:600:13:MX_SPI2_Init	8	static
../Core/Src/main.c:638:13:MX_SPI3_Init	8	static
../Core/Src/main.c:676:13:MX_TIM2_Init	48	static
../Core/Src/main.c:741:13:MX_TIM3_Init	48	static
../Core/Src/main.c:816:13:MX_TIM4_Init	48	static
../Core/Src/main.c:877:13:MX_USART1_UART_Init	8	static
../Core/Src/main.c:910:13:MX_USB_OTG_FS_PCD_Init	8	static
../Core/Src/main.c:942:13:MX_GPIO_Init	40	static
../Core/Src/main.c:1007:6:Error_Handler	4	static,ignoring_inline_asm
